  E:\purchasing system\app\Http\Controllers\Api\V1\AdminSystemMonitoringController.php:292:                'active_suppliers' => Supplier::where('is_active', true)->count(),
  E:\purchasing system\app\Http\Controllers\Api\V1\AdminSystemMonitoringController.php:293:                'purchase_requests' => PurchaseRequest::count(),
> E:\purchasing system\app\Http\Controllers\Api\V1\AdminSystemMonitoringController.php:294:                'purchase_orders' => PurchaseOrder::count(),
  E:\purchasing system\app\Http\Controllers\Api\V1\AdminSystemMonitoringController.php:295:                'system_events' => $eventsAvailable ? SystemEvent::count() : 0,
  E:\purchasing system\app\Http\Controllers\Api\V1\AdminSystemMonitoringController.php:296:                'failed_jobs' => $failedJobs,
  E:\purchasing system\app\Http\Controllers\Api\V1\AdminSystemMonitoringController.php:297:            ],
  E:\purchasing system\app\Http\Controllers\Api\V1\AdminSystemMonitoringController.php:298:            'workflow' => [
  E:\purchasing system\app\Http\Controllers\Api\V1\AdminSystemMonitoringController.php:299:                'purchase_requests_by_status' => $this->statusCounts(PurchaseRequest::class),
> E:\purchasing system\app\Http\Controllers\Api\V1\AdminSystemMonitoringController.php:300:                'purchase_orders_by_status' => $this->statusCounts(PurchaseOrder::class),
  E:\purchasing system\app\Http\Controllers\Api\V1\AdminSystemMonitoringController.php:301:            ],
  E:\purchasing system\app\Http\Controllers\Api\V1\AdminSystemMonitoringController.php:302:            'data_integrity' => $dataIntegrity,
  E:\purchasing system\app\Http\Controllers\Api\V1\AdminSystemMonitoringController.php:303:        ];
  E:\purchasing system\app\Http\Controllers\Api\V1\AdminSystemMonitoringController.php:304:
  E:\purchasing system\app\Http\Controllers\Api\V1\AdminSystemMonitoringController.php:305:        $snapshot['alerts'] = $this->buildAlerts($snapshot);
  E:\purchasing system\app\Http\Controllers\Api\V1\ProcurementAnalyticsController.php:199:                'pending_procurement_count' => $pendingProcurementCount,
  E:\purchasing system\app\Http\Controllers\Api\V1\ProcurementAnalyticsController.php:200:
> E:\purchasing system\app\Http\Controllers\Api\V1\ProcurementAnalyticsController.php:201:                'purchase_orders_count' => $allOrderRows->count(),
  E:\purchasing system\app\Http\Controllers\Api\V1\ProcurementAnalyticsController.php:202:                'draft_count' => $draftCount,
  E:\purchasing system\app\Http\Controllers\Api\V1\ProcurementAnalyticsController.php:203:                'pending_accounting_count' => $pendingAccountingCount,
  E:\purchasing system\app\Http\Controllers\Api\V1\ProcurementAnalyticsController.php:204:                'returned_count' => $returnedCount,
  E:\purchasing system\app\Http\Controllers\Api\V1\ProcurementAnalyticsController.php:205:                'accounting_approved_count' => $accountingApprovedCount,
  E:\purchasing system\app\Http\Controllers\Api\V1\ProcurementAnalyticsController.php:206:                'completed_delivery_count' => $completedDeliveries->count(),
  E:\purchasing system\app\Http\Controllers\Api\V1\ProcurementAnalyticsController.php:220:            'delivery_breakdown' => $deliveryBreakdown,
  E:\purchasing system\app\Http\Controllers\Api\V1\ProcurementAnalyticsController.php:221:            'supplier_breakdown' => $supplierBreakdown,
> E:\purchasing system\app\Http\Controllers\Api\V1\ProcurementAnalyticsController.php:222:            'recent_purchase_orders' => $filteredPurchaseOrders->map(function (PurchaseOrder $po) {
  E:\purchasing system\app\Http\Controllers\Api\V1\ProcurementAnalyticsController.php:223:                return [
  E:\purchasing system\app\Http\Controllers\Api\V1\ProcurementAnalyticsController.php:224:                    'id' => $po->id,
  E:\purchasing system\app\Http\Controllers\Api\V1\ProcurementAnalyticsController.php:225:                    'po_number' => $po->po_number,
  E:\purchasing system\app\Http\Controllers\Api\V1\ProcurementAnalyticsController.php:226:                    'status' => $po->status,
  E:\purchasing system\app\Http\Controllers\Api\V1\ProcurementAnalyticsController.php:227:                    'grand_total' => number_format((float) $po->grand_total, 2, '.', ''),
  E:\purchasing system\app\Http\Controllers\Api\V1\SupplierInvoiceController.php:36:    {
  E:\purchasing system\app\Http\Controllers\Api\V1\SupplierInvoiceController.php:37:        $validated = $request->validate([
> E:\purchasing system\app\Http\Controllers\Api\V1\SupplierInvoiceController.php:38:            'purchase_order_id' => ['required', 'integer', 'exists:purchase_orders,id'],
  E:\purchasing system\app\Http\Controllers\Api\V1\SupplierInvoiceController.php:39:            'purchase_receipt_id' => ['required', 'integer', 'exists:purchase_receipts,id'],
  E:\purchasing system\app\Http\Controllers\Api\V1\SupplierInvoiceController.php:40:            'invoice_number' => ['required', 'string', 'max:100'],
  E:\purchasing system\app\Http\Controllers\Api\V1\SupplierInvoiceController.php:41:            'amount' => ['required', 'numeric', 'gt:0'],
  E:\purchasing system\app\Http\Controllers\Api\V1\SupplierInvoiceController.php:42:            'invoice_date' => ['nullable', 'date'],
  E:\purchasing system\app\Http\Controllers\Api\V1\SupplierInvoiceController.php:43:            'due_date' => ['nullable', 'date'],
  E:\purchasing system\app\Http\Resources\PurchaseRequestResource.php:17:            'direct_supplier_id' => $this->direct_supplier_id,
  E:\purchasing system\app\Http\Resources\PurchaseRequestResource.php:18:            'total_estimated_cost' => number_format((float) $this->total_estimated_cost, 2, '.', ''),
> E:\purchasing system\app\Http\Resources\PurchaseRequestResource.php:19:            'purchase_order_issued' => (int) ($this->issued_purchase_orders_count ?? 0) > 0,
  E:\purchasing system\app\Http\Resources\PurchaseRequestResource.php:20:            'priority' => $this->priority,
  E:\purchasing system\app\Http\Resources\PurchaseRequestResource.php:21:            'date_needed' => $this->date_needed ? $this->date_needed->format('Y-m-d') : null,
  E:\purchasing system\app\Http\Resources\PurchaseRequestResource.php:22:            'notes' => $this->notes,
  E:\purchasing system\app\Http\Resources\PurchaseRequestResource.php:23:            'rejection_reason' => $this->rejection_reason,
  E:\purchasing system\app\Http\Resources\PurchaseRequestResource.php:24:            'return_reason' => $this->return_reason,
  E:\purchasing system\app\Models\PurchaseOrder.php:15:    use HasFactory, SoftDeletes, RecordsSystemEvents;
  E:\purchasing system\app\Models\PurchaseOrder.php:16:
> E:\purchasing system\app\Models\PurchaseOrder.php:17:    protected $table = 'purchase_orders';
  E:\purchasing system\app\Models\PurchaseOrder.php:18:
  E:\purchasing system\app\Models\PurchaseOrder.php:19:    protected $fillable = [
  E:\purchasing system\app\Models\PurchaseOrder.php:20:        'po_number',
  E:\purchasing system\app\Models\PurchaseOrder.php:21:        'purchase_request_id',
  E:\purchasing system\app\Models\PurchaseOrder.php:22:        'selected_quote_id',
  E:\purchasing system\app\Services\ProcurementPurchaseRequestService.php:19:    public function getPendingProcurementApprovalRequests(int $perPage = 15)
  E:\purchasing system\app\Services\ProcurementPurchaseRequestService.php:20:    {
> E:\purchasing system\app\Services\ProcurementPurchaseRequestService.php:21:                return PurchaseRequest::with(['requester.roles', 'department', 'targetDepartment', 'assignedReviewer', 'siteEngineer', 'directSupplier', 'items.item', 'approvalHistory.actor'])->withCount(['purchaseOrders as issued_purchase_orders_count' => function ($query) {
  E:\purchasing system\app\Services\ProcurementPurchaseRequestService.php:22:
  E:\purchasing system\app\Services\ProcurementPurchaseRequestService.php:23:                $query->whereNotIn('status', ['REJECTED']);
  E:\purchasing system\app\Services\ProcurementPurchaseRequestService.php:24:            }])
  E:\purchasing system\app\Services\ProcurementPurchaseRequestService.php:25:            ->where('status', 'PENDING_PROCUREMENT_APPROVAL')
  E:\purchasing system\app\Services\ProcurementPurchaseRequestService.php:26:            ->where(function ($route): void {
  E:\purchasing system\app\Services\ProcurementPurchaseRequestService.php:70:    public function getApprovedByProcurementRequests(int $perPage = 15)
  E:\purchasing system\app\Services\ProcurementPurchaseRequestService.php:71:    {
> E:\purchasing system\app\Services\ProcurementPurchaseRequestService.php:72:        return PurchaseRequest::with(['requester.roles', 'department', 'assignedReviewer', 'siteEngineer', 'directSupplier', 'items.item', 'selectedQuote.supplier', 'quotes.supplier', 'approvalHistory.actor'])->withCount(['purchaseOrders as issued_purchase_orders_count' => function ($query) {
  E:\purchasing system\app\Services\ProcurementPurchaseRequestService.php:73:                $query->whereNotIn('status', ['REJECTED']);
  E:\purchasing system\app\Services\ProcurementPurchaseRequestService.php:74:            }])
  E:\purchasing system\app\Services\ProcurementPurchaseRequestService.php:75:            ->where(function ($query): void {
  E:\purchasing system\app\Services\ProcurementPurchaseRequestService.php:76:                $query->where(function ($quotePath): void {
  E:\purchasing system\app\Services\ProcurementPurchaseRequestService.php:77:                    $quotePath
