
> al-ashbiliya-procurement-frontend@1.0.0 build
> tsc && vite build

[36mvite v6.4.3 [32mbuilding for production...[36m[39m
transforming...
[32m✓[39m 207 modules transformed.
rendering chunks...
computing gzip size...
[2mdist/[22m[32mindex.html                                       [39m[1m[2m  0.59 kB[22m[1m[22m[2m │ gzip:   0.42 kB[22m
[2mdist/[22m[35massets/index-C-dCLVwe.css                        [39m[1m[2m 83.74 kB[22m[1m[22m[2m │ gzip:  15.83 kB[22m
[2mdist/[22m[36massets/suppliers-B_jbNtOU.js                     [39m[1m[2m  0.35 kB[22m[1m[22m[2m │ gzip:   0.20 kB[22m
[2mdist/[22m[36massets/purchaseOrders-IS96vWUa.js                [39m[1m[2m  0.58 kB[22m[1m[22m[2m │ gzip:   0.27 kB[22m
[2mdist/[22m[36massets/procurement-CMhsWIEE.js                   [39m[1m[2m  1.15 kB[22m[1m[22m[2m │ gzip:   0.40 kB[22m
[2mdist/[22m[36massets/ApprovedPurchaseRequestsPage-B0MFhHvS.js  [39m[1m[2m  5.57 kB[22m[1m[22m[2m │ gzip:   2.29 kB[22m
[2mdist/[22m[36massets/ReportPrintModal-DnHPvWaG.js              [39m[1m[2m  7.91 kB[22m[1m[22m[2m │ gzip:   2.71 kB[22m
[2mdist/[22m[36massets/PurchaseOrderDetailsPage-CNLXQW8-.js      [39m[1m[2m  8.84 kB[22m[1m[22m[2m │ gzip:   2.74 kB[22m
[2mdist/[22m[36massets/ProcurementReportsPage-BecAsSEx.js        [39m[1m[2m  9.05 kB[22m[1m[22m[2m │ gzip:   2.84 kB[22m
[2mdist/[22m[36massets/EditPurchaseOrderPage-Bje18r0o.js         [39m[1m[2m 10.54 kB[22m[1m[22m[2m │ gzip:   2.86 kB[22m
[2mdist/[22m[36massets/DirectPoModal-MiYlucuN.js                 [39m[1m[2m 13.10 kB[22m[1m[22m[2m │ gzip:   3.48 kB[22m
[2mdist/[22m[36massets/CreatePurchaseOrderPage-HsAzzn3Z.js       [39m[1m[2m 14.91 kB[22m[1m[22m[2m │ gzip:   4.14 kB[22m
[2mdist/[22m[36massets/ProcurementManagerPage-omgMUBJp.js        [39m[1m[2m 61.17 kB[22m[1m[22m[2m │ gzip:  14.92 kB[22m
[2mdist/[22m[36massets/index-BULcuZMc.js                         [39m[1m[33m651.85 kB[39m[22m[2m │ gzip: 162.51 kB[22m
[33m
(!) Some chunks are larger than 500 kB after minification. Consider:
- Using dynamic import() to code-split the application
- Use build.rollupOptions.output.manualChunks to improve chunking: https://rollupjs.org/configuration-options/#output-manualchunks
- Adjust chunk size limit for this warning via build.chunkSizeWarningLimit.[39m
[32m✓ built in 3.43s[39m
