E:\purchasing system\src\components\accounting\LandAllocationEditor.tsx:69:<select
E:\purchasing system\src\components\notifications\NotificationBell.tsx:44:// Optimistic UI: the badge must clear immediately when the menu is opened.
E:\purchasing system\src\components\procurement\DeliveryTrackingWidget.tsx:79:<select
E:\purchasing system\src\components\procurement\DirectAccountingReviewModal.tsx:168:<select
E:\purchasing system\src\components\procurement\DirectPoModal.tsx:145:<select required value={supplierId} onChange={event => setSupplierId(event.target.value)} className="mt-2 h-10 w-full rounded-md border border-cyan-500/80 bg-[#0b1424] px-3 text-xs text-slate-100 outline-none focus:border-cyan-300">
E:\purchasing system\src\components\procurement\DirectPoModal.tsx:152:<select required value={departmentId} onChange={event => setDepartmentId(event.target.value)} className="mt-2 h-10 w-full rounded-md border border-cyan-500/80 bg-[#0b1424] px-3 text-xs text-slate-100 outline-none focus:border-cyan-300">
E:\purchasing system\src\components\procurement\DirectPoModal.tsx:159:<select required value={siteEngineerId} onChange={event => setSiteEngineerId(event.target.value)} className="mt-2 h-10 w-full rounded-md border border-cyan-500/80 bg-[#0b1424] px-3 text-xs text-slate-100 outline-none focus:border-cyan-300">
E:\purchasing system\src\components\procurement\DirectPoModal.tsx:170:<select value={priority} onChange={event => setPriority(event.target.value as typeof priority)} className="mt-2 h-10 w-full rounded-md border border-cyan-500/80 bg-[#0b1424] px-3 text-xs text-slate-100 outline-none focus:border-cyan-300">
E:\purchasing system\src\components\procurement\DirectPoModal.tsx:204:<td className="border-t border-slate-700 px-2 py-2"><select required value={item.uom} onChange={event => updateItem(index, 'uom', event.target.value)} className="h-9 w-24 rounded border border-slate-600 bg-[#0b1424] px-2 text-xs text-slate-100 outline-none focus:border-cyan-400">{UNIT_OPTIONS.map(unit => <option key={unit.value} value={unit.value}>{unit.label}</option>)}</select></td>
E:\purchasing system\src\components\procurement\PurchaseQuotesModal.tsx:224:<select value={draft.supplier_id} onChange={event => updateDraft(index, 'supplier_id', event.target.value)} className="min-w-0 flex-1 rounded-lg border border-slate-700 bg-slate-950 px-3 py-2 text-sm text-slate-100">
E:\purchasing system\src\components\purchase-requests\PRWizardStep1.tsx:32:<Select
E:\purchasing system\src\components\purchase-requests\PRWizardStep1.tsx:80:<Select
E:\purchasing system\src\components\purchase-requests\PRWizardStep2.tsx:121:<Select
E:\purchasing system\src\components\purchase-requests\PRWizardStep2.tsx:193:<Select
E:\purchasing system\src\components\purchase-requests\PurchaseRequestForm.tsx:260:<Select
E:\purchasing system\src\components\purchase-requests\PurchaseRequestForm.tsx:283:<Select
E:\purchasing system\src\components\purchase-requests\PurchaseRequestForm.tsx:357:<Select
E:\purchasing system\src\components\purchase-requests\PurchaseRequestForm.tsx:420:<Select
E:\purchasing system\src\components\reviewer\AddReviewItemDialog.tsx:120:<Select
E:\purchasing system\src\components\reviewer\AddReviewItemDialog.tsx:178:<Select value={uom} onChange={(e) => setUom(e.target.value)}>
E:\purchasing system\src\components\ui\FormField.tsx:62:<select
E:\purchasing system\src\components\ui\TableColumnFilters.tsx:34:<Select value={filter.value} onChange={(event) => filter.onChange(event.target.value)}>
E:\purchasing system\src\components\ui\TableFilterBar.tsx:71:<Select value={filter.value} onChange={(event) => filter.onChange(event.target.value)}>
E:\purchasing system\src\layouts\AuthenticatedLayout.tsx:11:const [mobileMenuOpen, setMobileMenuOpen] = useState(false);
E:\purchasing system\src\layouts\AuthenticatedLayout.tsx:25:const closeMobileMenu = () => setMobileMenuOpen(false);
E:\purchasing system\src\layouts\AuthenticatedLayout.tsx:247:onClick={() => { setSidebarOpen(current => !current); setMobileMenuOpen(false); }}
E:\purchasing system\src\layouts\AuthenticatedLayout.tsx:306:onClick={() => { setMobileMenuOpen(!mobileMenuOpen); setSidebarOpen(true); }}
E:\purchasing system\src\layouts\AuthenticatedLayout.tsx:307:aria-label="Toggle navigation menu"
E:\purchasing system\src\layouts\AuthenticatedLayout.tsx:308:aria-expanded={mobileMenuOpen}
E:\purchasing system\src\layouts\AuthenticatedLayout.tsx:322:mobileMenuOpen
E:\purchasing system\src\layouts\AuthenticatedLayout.tsx:336:{mobileMenuOpen && sidebarOpen && <button type="button" aria-label="إغلاق القائمة الجانبية" onClick={closeMobileMenu} className="fixed inset-0 z-30 bg-slate-950/70 backdrop-blur-[1px] md:hidden" />}
E:\purchasing system\src\layouts\AuthenticatedLayout.tsx:340:sidebarOpen ? (mobileMenuOpen ? "block" : "hidden md:block") : "hidden"
E:\purchasing system\src\layouts\AuthenticatedLayout.tsx:354:if ((event.target as HTMLElement).closest('a')) closeMobileMenu();
E:\purchasing system\src\layouts\AuthenticatedLayout.tsx:358:<Link to="/my-archive" className={linkClassName('/my-archive')} onClick={closeMobileMenu}>
E:\purchasing system\src\layouts\AuthenticatedLayout.tsx:366:onClick={closeMobileMenu}
E:\purchasing system\src\layouts\AuthenticatedLayout.tsx:373:onClick={closeMobileMenu}
E:\purchasing system\src\layouts\AuthenticatedLayout.tsx:380:onClick={closeMobileMenu}
E:\purchasing system\src\layouts\AuthenticatedLayout.tsx:387:onClick={closeMobileMenu}
E:\purchasing system\src\layouts\AuthenticatedLayout.tsx:393:onClick={() => { closeMobileMenu(); logout(); }}
E:\purchasing system\src\pages\accounting\SupplierPaymentsPage.tsx:408:{paymentAccount && createPortal(<div className="modal-top-viewport fixed inset-0 z-50 flex items-center justify-center overflow-y-auto bg-slate-950/80 p-2 sm:p-4" role="dialog" aria-modal="true"><form onSubmit={submitPayment} className="max-h-[calc(100vh-1rem)] w-full max-w-xl space-y-5 overflow-y-auto rounded-2xl border border-cyan-800/70 bg-slate-900 p-4 shadow-2xl sm:max-h-[calc(100vh-3rem)] sm:p-5"><div className="flex items-start justify-between gap-4"><div><h2 className="text-lg font-black text-slate-100">تسجيل دفعة على حساب المورد</h2><p className="mt-1 text-xs text-slate-400">{paymentAccount.company_name} — الدفعة لا ترتبط بفاتورة محددة.</p></div><button type="button" onClick={() => setPaymentAccount(null)} className="inline-flex h-10 w-10 shrink-0 items-center justify-center rounded-lg text-2xl font-black text-slate-300 transition-colors hover:bg-slate-800 hover:text-white focus:outline-none focus:ring-2 focus:ring-cyan-400" aria-label="إغلاق النافذة" title="إغلاق النافذة">×</button></div><div className="grid grid-cols-3 gap-2 rounded-xl border border-cyan-800/50 bg-cyan-950/20 p-3 text-center text-xs"><div><span className="text-slate-500">إجمالي الفواتير</span><strong className="mt-1 block font-mono text-cyan-200">{money(paymentAccount.total_invoiced)}</strong></div><div><span className="text-slate-500">إجمالي المدفوع</span><strong className="mt-1 block font-mono text-emerald-300">{money(paymentAccount.total_paid)}</strong></div><div><span className="text-slate-500">الرصيد المستحق</span><strong className="mt-1 block font-mono text-amber-300">{money(Math.max(paymentAccount.balance, 0))}</strong></div></div><div className="rounded-xl border border-amber-700/50 bg-amber-950/20 p-3 text-xs leading-6 text-amber-200">سيتم تسجيل المبلغ على حساب المورد وتوزيعه تلقائيًا على أقدم الفواتير المطابقة أولًا. إذا زاد المبلغ عن إجمالي المديونية، سيُسجل الفرق كرصيد دائن أو دفعة مقدمة.</div><div className="grid grid-cols-1 gap-3 sm:grid-cols-2"><label className="text-xs font-bold text-slate-300">قيمة الدفعة (ج.م)<input type="number" step="0.01" min="0.01" required aria-invalid={Boolean(error && Number(paymentForm.amount) <= 0)} value={paymentForm.amount} onChange={event => { const value = event.target.value; const numericValue = Number(value); setPaymentForm({ ...paymentForm, amount: numericValue }); setError(value && numericValue <= 0 ? 'قيمة الدفعة يجب أن تكون رقماً أكبر من صفر.' : null); }} className="mt-1 w-full rounded-lg border border-slate-700 bg-slate-950 px-3 py-2 text-sm text-slate-100" /></label><label className="text-xs font-bold text-slate-300">تاريخ الدفع<input type="date" required value={paymentForm.payment_date} onChange={event => setPaymentForm({ ...paymentForm, payment_date: event.target.value })} className="mt-1 w-full rounded-lg border border-slate-700 bg-slate-950 px-3 py-2 text-sm text-slate-100" /></label><label className="text-xs font-bold text-slate-300">طريقة الدفع<select value={paymentForm.payment_method} onChange={event => setPaymentForm({ ...paymentForm, payment_method: event.target.value as CreateSupplierPaymentPayload['payment_method'] })} className="mt-1 w-full rounded-lg border border-slate-700 bg-slate-950 px-3 py-2 text-sm text-slate-100"><option value="BANK_TRANSFER">تحويل بنكي</option><option value="CASH">نقدي</option><option value="CHEQUE">شيك</option></select></label><label className="text-xs font-bold text-slate-300">رقم المرجع<input value={paymentForm.reference_number || ''} onChange={event => setPaymentForm({ ...paymentForm, reference_number: event.target.value })} className="mt-1 w-full rounded-lg border border-slate-700 bg-slate-950 px-3 py-2 text-sm text-slate-100" /></label></div><label className="block text-xs font-bold text-slate-300">ملاحظات<textarea value={paymentForm.notes || ''} onChange={event => setPaymentForm({ ...paymentForm, notes: event.target.value })} className="mt-1 min-h-20 w-full rounded-lg border border-slate-700 bg-slate-950 p-3 text-sm text-slate-100" /></label><div className="flex justify-end gap-2"><Button type="button" variant="secondary" onClick={() => setPaymentAccount(null)}>إلغاء</Button><Button type="submit" variant="success" isLoading={saving}>تسجيل الدفعة على الحساب</Button></div></form></div>, document.body)}
E:\purchasing system\src\pages\admin\DepartmentsPage.tsx:295:<Select
E:\purchasing system\src\pages\admin\DepartmentsPage.tsx:314:<Select
E:\purchasing system\src\pages\admin\ItemsPage.tsx:287:<Select
E:\purchasing system\src\pages\admin\ItemsPage.tsx:300:<Select
E:\purchasing system\src\pages\admin\UsersPage.tsx:343:<Select
E:\purchasing system\src\pages\general-manager\GeneralManagerDashboardPage.tsx:119:<select value={departmentId} onChange={event => setDepartmentId(event.target.value)} className="mt-1 w-full rounded-lg border border-slate-700 bg-slate-900 px-3 py-2 text-sm text-slate-100 outline-none focus:border-cyan-400">
E:\purchasing system\src\pages\general-manager\GeneralManagerDashboardPage.tsx:126:<select value={supplierId} onChange={event => setSupplierId(event.target.value)} className="mt-1 w-full rounded-lg border border-slate-700 bg-slate-900 px-3 py-2 text-sm text-slate-100 outline-none focus:border-cyan-400">
E:\purchasing system\src\pages\general-manager\GeneralManagerPurchaseRequestsPage.tsx:213:<select value={draftPriority} onChange={event => setDraftPriority(event.target.value as PurchaseRequestPriority)} className="mt-1 w-full rounded-lg border border-slate-700 bg-slate-900 px-3 py-2 text-sm text-slate-100">
E:\purchasing system\src\pages\general-manager\GeneralManagerReportsPage.tsx:141:<select value={period} onChange={event => setPeriod(event.target.value)} className="mt-1 w-full rounded-lg border border-slate-700 bg-slate-900 px-3 py-2 text-sm text-slate-100 outline-none focus:border-cyan-400">
E:\purchasing system\src\pages\general-manager\GeneralManagerReportsPage.tsx:150:<select value={status} onChange={event => setStatus(event.target.value)} className="mt-1 w-full rounded-lg border border-slate-700 bg-slate-900 px-3 py-2 text-sm text-slate-100 outline-none focus:border-cyan-400">
E:\purchasing system\src\pages\procurement\CreatePurchaseOrderPage.tsx:294:<select
E:\purchasing system\src\pages\procurement\EditPurchaseOrderPage.tsx:229:<select
E:\purchasing system\src\pages\procurement\ProcurementManagerPage.tsx:703:<select value={reportPeriod} onChange={(event) => setReportPeriod(event.target.value)} className="rounded-lg border border-slate-700 bg-slate-900 px-3 py-2 text-xs text-slate-100"><option value="all">كل الفترات</option><option value="30">آخر 30 يومًا</option><option value="90">آخر 90 يومًا</option><option value="180">آخر 180 يومًا</option></select>
E:\purchasing system\src\pages\procurement\ProcurementManagerPage.tsx:704:<select value={reportStatus} onChange={(event) => setReportStatus(event.target.value)} className="rounded-lg border border-slate-700 bg-slate-900 px-3 py-2 text-xs text-slate-100"><option value="">كل الحالات</option>{poStatuses.map((status) => <option key={status} value={status}>{statusLabel(status)}</option>)}</select>
E:\purchasing system\src\pages\procurement\ProcurementReportsPage.tsx:125:<select
E:\purchasing system\src\pages\reviewer\ReviewerRequestsPage.tsx:141:<select value={searchFilters.status || ''} onChange={(event) => updateFilter('status', event.target.value)} className="w-full rounded-lg border border-slate-700 bg-slate-950 px-3 py-2 text-xs text-slate-100 outline-none focus:border-cyan-500">
E:\purchasing system\src\pages\reviewer\ReviewerRequestsPage.tsx:148:<select value={searchFilters.priority || ''} onChange={(event) => updateFilter('priority', event.target.value)} className="w-full rounded-lg border border-slate-700 bg-slate-950 px-3 py-2 text-xs text-slate-100 outline-none focus:border-cyan-500">
E:\purchasing system\src\pages\reviewer\ReviewPurchaseRequestPage.tsx:346:<Select disabled={!canEdit} value={headerPriority} onChange={e => setHeaderPriority(e.target.value as PurchaseRequestPriority)}>
E:\purchasing system\src\test\RoleNavigation.test.tsx:329:it("8. Shared layout keeps RTL direction and mobile menu toggle working", async () => {
E:\purchasing system\src\test\RoleNavigation.test.tsx:340:screen.getByRole("button", { name: "Toggle navigation menu" }),
