E:\purchasing system\app\Services\AccountingPurchaseOrderService.php
            $notificationService->notifyUsers(
                $gms,
                'purchase_order_approved_accounting',
                'تمت الموافقة المحاسبية على أمر الشراء',
E:\purchasing system\app\Services\AccountingPurchaseOrderService.php
            $notificationService->createNotification(
                $lockedPo->created_by_user_id,
                'purchase_order_returned',
                'إعادة أمر الشراء للتصحيح',
E:\purchasing system\app\Services\AccountingPurchaseRequestService.php
            $notificationService->notifyUsers(
                $notificationService->resolveUsersWithPermission('purchase_request.approve_procurement'),
                'purchase_request_pending_procurement_po',
                'طلب شراء مباشر جاهز للمشتريات',
E:\purchasing system\app\Services\AccountingPurchaseRequestService.php
            $notificationService->createNotification(
                $pr->user_id,
                'purchase_request_accounting_approved_direct',
                'تمت الموافقة المالية على طلبك',
E:\purchasing system\app\Services\AccountingPurchaseRequestService.php
            $notificationService->createNotification(
                $pr->user_id,
                'purchase_request_accounting_rejected_direct',
                'تم رفض الطلب ماليًا',
E:\purchasing system\app\Services\AccountingPurchaseRequestService.php
            $notificationService->notifyUsers(
                $notificationService->resolveUsersWithPermission('purchase_request.view_approved'),
                'purchase_request_accounting_rejected_direct',
                'رفض مالي مباشر',
E:\purchasing system\app\Services\GeneralManagerPurchaseRequestService.php
            app(NotificationService::class)->createNotification(
                $pr->user_id,
                'purchase_request_approved_by_executive',
                'تم اعتماد طلب الشراء تنفيذيًا',
E:\purchasing system\app\Services\GeneralManagerPurchaseRequestService.php
            app(NotificationService::class)->createNotification(
                $pr->user_id,
                'purchase_request_rejected_by_executive',
                'تم رفض طلب الشراء تنفيذيًا',
E:\purchasing system\app\Services\GeneralManagerPurchaseRequestService.php
        $notificationService->notifyUsers(
            $procurementManagers,
            'purchase_request_pending_procurement',
            'طلب شراء بانتظار المشتريات',
E:\purchasing system\app\Services\NotificationService.php
    public function createNotification(User|int $recipient, string $type, string $title, string $message, Model $notifiable): ?Notification
    {
        if (! $this->isProcurementNotifiable($notifiable)) {
            return null;
E:\purchasing system\app\Services\NotificationService.php
    public function notifyUsers(iterable $recipients, string $type, string $title, string $message, Model $notifiable): void
    {
        foreach ($recipients as $recipient) {
            $this->createNotification($recipient, $type, $title, $message, $notifiable);
E:\purchasing system\app\Services\NotificationService.php
            $this->createNotification($recipient, $type, $title, $message, $notifiable);
        }
    }

E:\purchasing system\app\Services\NotificationService.php
    public function notifyAccountingWithPurchaseOrderAndReceipt(iterable $recipients, PurchaseOrder $purchaseOrder, PurchaseReceipt $purchaseReceipt): void
    {
        foreach ($recipients as $recipient) {
            $userId = $recipient instanceof User ? $recipient->id : (int) $recipient;
E:\purchasing system\app\Services\ProcurementPurchaseRequestService.php
            $notificationService->notifyUsers(
                $notificationService->resolveUsersWithPermission('purchase_request.accounting_view'),
                'purchase_request_pending_accounting_approval',
                'طلب بانتظار الموافقة المالية',
E:\purchasing system\app\Services\ProcurementPurchaseRequestService.php
            $notificationService->notifyUsers(
                $notificationService->resolveUsersWithPermission('purchase_request.accounting_view'),
                'purchase_request_pending_accounting_approval',
                'طلب شراء مباشر بانتظار الحسابات',
E:\purchasing system\app\Services\ProcurementPurchaseRequestService.php
            $notificationService->createNotification(
                $pr->user_id,
                'purchase_request_rejected_procurement',
                'طلب الشراء مرفوض من المشتريات',
E:\purchasing system\app\Services\PurchaseOrderService.php
            $notificationService->notifyUsers(
                $accountants,
                'purchase_order_issued_accounting',
                'تم إصدار أمر شراء جديد',
E:\purchasing system\app\Services\PurchaseOrderService.php
            $notificationService->notifyUsers(
                $gms,
                'purchase_order_issued_gm',
                'تم إصدار أمر شراء جديد',
E:\purchasing system\app\Services\PurchaseQuoteService.php
            $notificationService->notifyUsers(
                $accountants->merge($reviewers)->unique('id'),
                'purchase_quote_pending_recommendation',
                'عروض أسعار بانتظار الترشيح',
E:\purchasing system\app\Services\PurchaseQuoteService.php
                app(NotificationService::class)->notifyUsers(
                    $executives,
                    'purchase_quote_recommendations_ready',
                    'ترشيحات عروض الأسعار جاهزة',
E:\purchasing system\app\Services\PurchaseQuoteService.php
            $notificationService->notifyUsers(
                $notificationService->resolveUsersWithPermission('purchase_request.approve_procurement'),
                'purchase_quote_decision_complete',
                'تم اتخاذ قرار عروض الأسعار',
E:\purchasing system\app\Services\PurchaseReceiptService.php
                app(NotificationService::class)->createNotification(
                    $siteEngineer,
                    'purchase_receipt_pending_site_engineer',
                    'إذن استلام بانتظار اعتمادك',
E:\purchasing system\app\Services\PurchaseReceiptService.php
            $notificationService->notifyAccountingWithPurchaseOrderAndReceipt(
                $accountants,
                $receipt->purchaseOrder,
                $receipt
E:\purchasing system\app\Services\PurchaseRequestService.php
                $notificationService->notifyUsers(
                    $reviewers,
                    'purchase_request_submitted',
                    'طلب شراء جديد للمراجعة',
E:\purchasing system\app\Services\PurchaseRequestService.php
                $notificationService->notifyUsers(
                    $notificationService->resolveUsersWithPermission('purchase_request.view_gm'),
                    'purchase_request_pending_executive_approval',
                    'طلب شراء بانتظار اعتماد المدير التنفيذي',
E:\purchasing system\app\Services\PurchaseRequestService.php
                $notificationService->notifyUsers(
                    $notificationService->resolveUsersWithPermission('purchase_request.view_approved'),
                    'purchase_request_pending_procurement',
                    'طلب شراء من المدير التنفيذي',
E:\purchasing system\app\Services\ReviewerPurchaseRequestService.php
            $notificationService->createNotification(
                $pr->user_id,
                'purchase_request_approved',
                'تم اعتماد طلب الشراء',
E:\purchasing system\app\Services\ReviewerPurchaseRequestService.php
            $notificationService->notifyUsers(
                $executives,
                'purchase_request_pending_executive',
                'طلب شراء بانتظار قرار المدير التنفيذي',
E:\purchasing system\app\Services\ReviewerPurchaseRequestService.php
            $notificationService->createNotification(
                $pr->user_id,
                'purchase_request_rejected',
                'تم رفض/إرجاع طلب الشراء',
