E:\purchasing system\app\Http\Controllers\Api\V1\AdminSystemMonitoringController.php:173:->get(['id', 'purchase_request_id', 'item_description', 'item_reference', 'region'])
E:\purchasing system\app\Http\Controllers\Api\V1\AdminSystemMonitoringController.php:176:'request_id' => $item->purchase_request_id,
E:\purchasing system\app\Http\Controllers\Api\V1\AdminSystemMonitoringController.php:197:->get(['id', 'purchase_order_id', 'item_description', 'item_reference', 'region'])
E:\purchasing system\app\Http\Controllers\Api\V1\AdminSystemMonitoringController.php:200:'order_id' => $item->purchase_order_id,
E:\purchasing system\app\Http\Controllers\Api\V1\AdminSystemMonitoringController.php:269:'endpoint' => '/api/v1/notifications/stream',
E:\purchasing system\app\Http\Controllers\Api\V1\NotificationController.php:6:use App\Http\Resources\NotificationResource;
E:\purchasing system\app\Http\Controllers\Api\V1\NotificationController.php:7:use App\Models\Notification;
E:\purchasing system\app\Http\Controllers\Api\V1\NotificationController.php:8:use App\Services\NotificationService;
E:\purchasing system\app\Http\Controllers\Api\V1\NotificationController.php:15:class NotificationController extends Controller
E:\purchasing system\app\Http\Controllers\Api\V1\NotificationController.php:17:public function __construct(private NotificationService $notificationService)
E:\purchasing system\app\Http\Controllers\Api\V1\NotificationController.php:24:$notifications = $this->notificationService->getUserNotifications($request->user(), $perPage);
E:\purchasing system\app\Http\Controllers\Api\V1\NotificationController.php:25:return NotificationResource::collection($notifications);
E:\purchasing system\app\Http\Controllers\Api\V1\NotificationController.php:30:$count = $this->notificationService->getUnreadCount($request->user());
E:\purchasing system\app\Http\Controllers\Api\V1\NotificationController.php:38:* Stream new notifications to the authenticated browser without a page refresh.
E:\purchasing system\app\Http\Controllers\Api\V1\NotificationController.php:69:$notifications = Notification::query()
E:\purchasing system\app\Http\Controllers\Api\V1\NotificationController.php:76:foreach ($notifications as $notification) {
E:\purchasing system\app\Http\Controllers\Api\V1\NotificationController.php:77:$payload = (new NotificationResource($notification))->resolve();
E:\purchasing system\app\Http\Controllers\Api\V1\NotificationController.php:78:echo 'id: ' . $notification->id . "\n";
E:\purchasing system\app\Http\Controllers\Api\V1\NotificationController.php:79:echo "event: notification\n";
E:\purchasing system\app\Http\Controllers\Api\V1\NotificationController.php:81:$cursor = max($cursor, (int) $notification->id);
E:\purchasing system\app\Http\Controllers\Api\V1\NotificationController.php:99:public function markAsRead(Request $request, int $id): JsonResponse|NotificationResource
E:\purchasing system\app\Http\Controllers\Api\V1\NotificationController.php:101:$notification = Notification::findOrFail($id);
E:\purchasing system\app\Http\Controllers\Api\V1\NotificationController.php:103:$updatedNotif = $this->notificationService->markAsRead($request->user(), $notification);
E:\purchasing system\app\Http\Controllers\Api\V1\NotificationController.php:107:return new NotificationResource($updatedNotif);
E:\purchasing system\app\Http\Controllers\Api\V1\NotificationController.php:112:$this->notificationService->markAllAsRead($request->user());
E:\purchasing system\app\Http\Controllers\Api\V1\ProcurementAnalyticsController.php:44:->select(['id', 'po_number', 'purchase_request_id', 'supplier_id', 'created_by_user_id', 'status', 'grand_total', 'delivery_status', 'delivery_date', 'actual_delivery_date', 'created_at', 'updated_at'])
E:\purchasing system\app\Http\Controllers\Api\V1\ProcurementAnalyticsController.php:79:->whereIn('id', $allOrderRows->pluck('purchase_request_id')->filter()->unique()->values())
E:\purchasing system\app\Http\Controllers\Api\V1\ProcurementAnalyticsController.php:92:$submittedAt = $purchaseRequestLookup->get($po->purchase_request_id)?->submitted_at;
E:\purchasing system\app\Http\Controllers\Api\V1\ProcurementAnalyticsController.php:149:return $purchaseRequestLookup->get($po->purchase_request_id)?->department
E:\purchasing system\app\Http\Controllers\Api\V1\ProcurementAnalyticsController.php:158:return $purchaseRequestLookup->get($po->purchase_request_id)?->department_id
E:\purchasing system\app\Http\Controllers\Api\V1\ProcurementPurchaseOrderController.php:226:$prId = (int) $request->validated('purchase_request_id');
E:\purchasing system\app\Http\Controllers\Api\V1\ProcurementPurchaseOrderController.php:280:if ($item->purchase_order_id !== $po->id) {
E:\purchasing system\app\Http\Controllers\Api\V1\ProcurementPurchaseOrderController.php:315:if ($item->purchase_order_id !== $po->id) {
E:\purchasing system\app\Http\Controllers\Api\V1\ReviewerPurchaseRequestController.php:123:if ($item->purchase_request_id !== $pr->id) {
E:\purchasing system\app\Http\Controllers\Api\V1\ReviewerPurchaseRequestController.php:168:if ($item->purchase_request_id !== $pr->id) {
E:\purchasing system\app\Http\Controllers\Api\V1\SupplierInvoiceController.php:38:'purchase_order_id' => ['required', 'integer', 'exists:purchase_orders,id'],
E:\purchasing system\app\Http\Controllers\Api\V1\SupplierInvoiceController.php:54:PurchaseOrder::findOrFail($validated['purchase_order_id']),
E:\purchasing system\app\Http\Resources\NotificationResource.php:10:class NotificationResource extends JsonResource
E:\purchasing system\app\Http\Resources\NotificationResource.php:15:'id' => $this->notifiable_id,
E:\purchasing system\app\Http\Resources\NotificationResource.php:19:$data['purchase_request_id'] = $this->notifiable_id;
E:\purchasing system\app\Http\Resources\NotificationResource.php:21:$data['purchase_order_id'] = $this->notifiable_id;
E:\purchasing system\app\Http\Resources\NotificationResource.php:24:if ($this->purchase_order_id) {
E:\purchasing system\app\Http\Resources\NotificationResource.php:25:$data['purchase_order_id'] = $this->purchase_order_id;
E:\purchasing system\app\Http\Resources\NotificationResource.php:37:'notifiable_id' => $this->notifiable_id,
E:\purchasing system\app\Http\Resources\PurchaseOrderItemResource.php:14:'purchase_order_id'=> $this->purchase_order_id,
E:\purchasing system\app\Http\Resources\PurchaseOrderResource.php:15:'purchase_request_id' => $this->purchase_request_id,
