> E:\purchasing system\app\Services\AccountingPurchaseOrderService.php:67:            $notificationService->notifyUsers(
  E:\purchasing system\app\Services\AccountingPurchaseOrderService.php:68:                $gms,
  E:\purchasing system\app\Services\AccountingPurchaseOrderService.php:69:                'purchase_order_approved_accounting',
  E:\purchasing system\app\Services\AccountingPurchaseOrderService.php:70:                'تمت الموافقة المحاسبية على أمر الشراء',
  E:\purchasing system\app\Services\AccountingPurchaseOrderService.php:71:                "أمر الشراء {$lockedPo->po_number} اعتُمد محاسبياً. يمكنك الاطلاع على التفاصيل.",
  E:\purchasing system\app\Services\AccountingPurchaseOrderService.php:72:                $lockedPo
  E:\purchasing system\app\Services\AccountingPurchaseOrderService.php:73:            );
  E:\purchasing system\app\Services\AccountingPurchaseOrderService.php:74:
  E:\purchasing system\app\Services\AccountingPurchaseOrderService.php:75:
> E:\purchasing system\app\Services\AccountingPurchaseOrderService.php:121:            $notificationService->createNotification(
  E:\purchasing system\app\Services\AccountingPurchaseOrderService.php:122:                $lockedPo->created_by_user_id,
  E:\purchasing system\app\Services\AccountingPurchaseOrderService.php:123:                'purchase_order_returned',
  E:\purchasing system\app\Services\AccountingPurchaseOrderService.php:124:                'إعادة أمر الشراء للتصحيح',
  E:\purchasing system\app\Services\AccountingPurchaseOrderService.php:125:                "تمت إعادة أمر الشراء {$lockedPo->po_number} إلى مدير المشتريات للتصحيح. السبب: {$comment}",
  E:\purchasing system\app\Services\AccountingPurchaseOrderService.php:126:                $lockedPo
  E:\purchasing system\app\Services\AccountingPurchaseOrderService.php:127:            );
  E:\purchasing system\app\Services\AccountingPurchaseOrderService.php:128:
  E:\purchasing system\app\Services\AccountingPurchaseOrderService.php:129:            return $lockedPo->fresh(['purchaseRequest.requester', 'purchaseRequest.department', 'purchaseRequest.assignedReviewer', 'purchaseRequest.approvalHistory.actor', 'supplier', 'createdBy', 'accountingReviewer', 'items.item:id,name,sku']);
> E:\purchasing system\app\Services\AccountingPurchaseRequestService.php:83:            $notificationService->notifyUsers(
  E:\purchasing system\app\Services\AccountingPurchaseRequestService.php:84:                $notificationService->resolveUsersWithPermission('purchase_request.approve_procurement'),
  E:\purchasing system\app\Services\AccountingPurchaseRequestService.php:85:                'purchase_request_pending_procurement_po',
  E:\purchasing system\app\Services\AccountingPurchaseRequestService.php:86:                'طلب شراء مباشر جاهز للمشتريات',
  E:\purchasing system\app\Services\AccountingPurchaseRequestService.php:87:                "راجعت الحسابات البيانات المالية للطلب {$pr->request_number} ووافقَت عليه. عاد الطلب إلى مدير المشتريات لإنشاء أمر الشراء.",
  E:\purchasing system\app\Services\AccountingPurchaseRequestService.php:88:                $pr
  E:\purchasing system\app\Services\AccountingPurchaseRequestService.php:89:            );
> E:\purchasing system\app\Services\AccountingPurchaseRequestService.php:90:            $notificationService->createNotification(
  E:\purchasing system\app\Services\AccountingPurchaseRequestService.php:91:                $pr->user_id,
  E:\purchasing system\app\Services\AccountingPurchaseRequestService.php:92:                'purchase_request_accounting_approved_direct',
  E:\purchasing system\app\Services\AccountingPurchaseRequestService.php:93:                'تمت الموافقة المالية على طلبك',
  E:\purchasing system\app\Services\AccountingPurchaseRequestService.php:94:                "وافقت الحسابات على الطلب {$pr->request_number} وأعادته إلى مدير المشتريات لإنشاء أمر الشراء.",
  E:\purchasing system\app\Services\AccountingPurchaseRequestService.php:95:                $pr
  E:\purchasing system\app\Services\AccountingPurchaseRequestService.php:96:            );
  E:\purchasing system\app\Services\AccountingPurchaseRequestService.php:97:
  E:\purchasing system\app\Services\AccountingPurchaseRequestService.php:98:            return $this->freshRequest($pr);
> E:\purchasing system\app\Services\AccountingPurchaseRequestService.php:147:            $notificationService->createNotification(
  E:\purchasing system\app\Services\AccountingPurchaseRequestService.php:148:                $pr->user_id,
  E:\purchasing system\app\Services\AccountingPurchaseRequestService.php:149:                'purchase_request_accounting_rejected_direct',
  E:\purchasing system\app\Services\AccountingPurchaseRequestService.php:150:                'تم رفض الطلب ماليًا',
  E:\purchasing system\app\Services\AccountingPurchaseRequestService.php:151:                "رفضت الحسابات الطلب {$pr->request_number}. السبب: {$comment}",
  E:\purchasing system\app\Services\AccountingPurchaseRequestService.php:152:                $pr
  E:\purchasing system\app\Services\AccountingPurchaseRequestService.php:153:            );
> E:\purchasing system\app\Services\AccountingPurchaseRequestService.php:154:            $notificationService->notifyUsers(
  E:\purchasing system\app\Services\AccountingPurchaseRequestService.php:155:                $notificationService->resolveUsersWithPermission('purchase_request.view_approved'),
  E:\purchasing system\app\Services\AccountingPurchaseRequestService.php:156:                'purchase_request_accounting_rejected_direct',
  E:\purchasing system\app\Services\AccountingPurchaseRequestService.php:157:                'رفض مالي مباشر',
  E:\purchasing system\app\Services\AccountingPurchaseRequestService.php:158:                "رفضت الحسابات الطلب {$pr->request_number} الذي لم يطلب عروض أسعار.",
  E:\purchasing system\app\Services\AccountingPurchaseRequestService.php:159:                $pr
  E:\purchasing system\app\Services\AccountingPurchaseRequestService.php:160:            );
  E:\purchasing system\app\Services\AccountingPurchaseRequestService.php:161:
  E:\purchasing system\app\Services\AccountingPurchaseRequestService.php:162:            return $this->freshRequest($pr);
> E:\purchasing system\app\Services\GeneralManagerPurchaseRequestService.php:189:            app(NotificationService::class)->createNotification(
  E:\purchasing system\app\Services\GeneralManagerPurchaseRequestService.php:190:                $pr->user_id,
  E:\purchasing system\app\Services\GeneralManagerPurchaseRequestService.php:191:                'purchase_request_approved_by_executive',
  E:\purchasing system\app\Services\GeneralManagerPurchaseRequestService.php:192:                'تم اعتماد طلب الشراء تنفيذيًا',
  E:\purchasing system\app\Services\GeneralManagerPurchaseRequestService.php:193:                "اعتمد المدير التنفيذي طلب الشراء {$pr->request_number} وأرسله إلى المشتريات.",
  E:\purchasing system\app\Services\GeneralManagerPurchaseRequestService.php:194:                $pr
  E:\purchasing system\app\Services\GeneralManagerPurchaseRequestService.php:195:            );
  E:\purchasing system\app\Services\GeneralManagerPurchaseRequestService.php:196:            $this->notifyProcurement($pr, 'اعتمد المدير التنفيذي طلب الشراء، وهو بانتظار إجراء مدير المشتريات.');
  E:\purchasing system\app\Services\GeneralManagerPurchaseRequestService.php:197:
> E:\purchasing system\app\Services\GeneralManagerPurchaseRequestService.php:235:            app(NotificationService::class)->createNotification(
  E:\purchasing system\app\Services\GeneralManagerPurchaseRequestService.php:236:                $pr->user_id,
  E:\purchasing system\app\Services\GeneralManagerPurchaseRequestService.php:237:                'purchase_request_rejected_by_executive',
  E:\purchasing system\app\Services\GeneralManagerPurchaseRequestService.php:238:                'تم رفض طلب الشراء تنفيذيًا',
  E:\purchasing system\app\Services\GeneralManagerPurchaseRequestService.php:239:                "رفض المدير التنفيذي طلب الشراء {$pr->request_number}.",
  E:\purchasing system\app\Services\GeneralManagerPurchaseRequestService.php:240:                $pr
  E:\purchasing system\app\Services\GeneralManagerPurchaseRequestService.php:241:            );
  E:\purchasing system\app\Services\GeneralManagerPurchaseRequestService.php:242:
  E:\purchasing system\app\Services\GeneralManagerPurchaseRequestService.php:243:            return $pr->fresh(['requester', 'department', 'assignedReviewer', 'siteEngineer', 'items.item', 'approvalHistory']);
> E:\purchasing system\app\Services\GeneralManagerPurchaseRequestService.php:258:        $notificationService->notifyUsers(
  E:\purchasing system\app\Services\GeneralManagerPurchaseRequestService.php:259:            $procurementManagers,
  E:\purchasing system\app\Services\GeneralManagerPurchaseRequestService.php:260:            'purchase_request_pending_procurement',
  E:\purchasing system\app\Services\GeneralManagerPurchaseRequestService.php:261:            'طلب شراء بانتظار المشتريات',
  E:\purchasing system\app\Services\GeneralManagerPurchaseRequestService.php:262:            $message . " رقم الطلب: {$request->request_number}",
  E:\purchasing system\app\Services\GeneralManagerPurchaseRequestService.php:263:            $request
  E:\purchasing system\app\Services\GeneralManagerPurchaseRequestService.php:264:        );
  E:\purchasing system\app\Services\GeneralManagerPurchaseRequestService.php:265:    }
  E:\purchasing system\app\Services\GeneralManagerPurchaseRequestService.php:266:}
> E:\purchasing system\app\Services\NotificationService.php:64:    public function createNotification(User|int $recipient, string $type, string $title, string $message, Model $notifiable): ?Notification
  E:\purchasing system\app\Services\NotificationService.php:65:    {
  E:\purchasing system\app\Services\NotificationService.php:66:        if (! $this->isProcurementNotifiable($notifiable)) {
  E:\purchasing system\app\Services\NotificationService.php:67:            return null;
  E:\purchasing system\app\Services\NotificationService.php:68:        }
  E:\purchasing system\app\Services\NotificationService.php:69:
  E:\purchasing system\app\Services\NotificationService.php:70:        $userId = $recipient instanceof User ? $recipient->id : $recipient;
  E:\purchasing system\app\Services\NotificationService.php:71:
  E:\purchasing system\app\Services\NotificationService.php:72:        return Notification::firstOrCreate(
> E:\purchasing system\app\Services\NotificationService.php:90:    public function notifyUsers(iterable $recipients, string $type, string $title, string $message, Model $notifiable): void
  E:\purchasing system\app\Services\NotificationService.php:91:    {
  E:\purchasing system\app\Services\NotificationService.php:92:        foreach ($recipients as $recipient) {
> E:\purchasing system\app\Services\NotificationService.php:93:            $this->createNotification($recipient, $type, $title, $message, $notifiable);
  E:\purchasing system\app\Services\NotificationService.php:94:        }
  E:\purchasing system\app\Services\NotificationService.php:95:    }
  E:\purchasing system\app\Services\NotificationService.php:96:
  E:\purchasing system\app\Services\NotificationService.php:97:    /**
  E:\purchasing system\app\Services\NotificationService.php:98:     * Send one Accounting notification that carries both the PO and its approved receipt.
  E:\purchasing system\app\Services\NotificationService.php:99:     */
> E:\purchasing system\app\Services\NotificationService.php:100:    public function notifyAccountingWithPurchaseOrderAndReceipt(iterable $recipients, PurchaseOrder $purchaseOrder, PurchaseReceipt $purchaseReceipt): void
  E:\purchasing system\app\Services\NotificationService.php:101:    {
  E:\purchasing system\app\Services\NotificationService.php:102:        foreach ($recipients as $recipient) {
  E:\purchasing system\app\Services\NotificationService.php:103:            $userId = $recipient instanceof User ? $recipient->id : (int) $recipient;
  E:\purchasing system\app\Services\NotificationService.php:104:            Notification::firstOrCreate(
  E:\purchasing system\app\Services\NotificationService.php:105:                [
  E:\purchasing system\app\Services\NotificationService.php:106:                    'user_id' => $userId,
  E:\purchasing system\app\Services\NotificationService.php:107:                    'type' => 'purchase_order_and_receipt_ready_accounting',
  E:\purchasing system\app\Services\NotificationService.php:108:                    'notifiable_type' => PurchaseOrder::class,
> E:\purchasing system\app\Services\ProcurementPurchaseRequestService.php:257:            $notificationService->notifyUsers(
  E:\purchasing system\app\Services\ProcurementPurchaseRequestService.php:258:                $notificationService->resolveUsersWithPermission('purchase_request.accounting_view'),
  E:\purchasing system\app\Services\ProcurementPurchaseRequestService.php:259:                'purchase_request_pending_accounting_approval',
  E:\purchasing system\app\Services\ProcurementPurchaseRequestService.php:260:                'طلب بانتظار الموافقة المالية',
  E:\purchasing system\app\Services\ProcurementPurchaseRequestService.php:261:                "أرسل مدير المشتريات الطلب {$pr->request_number} إلى الحسابات بدون عروض أسعار بعد إدخال البيانات المالية. يرجى الموافقة أو الرفض.",
  E:\purchasing system\app\Services\ProcurementPurchaseRequestService.php:262:                $pr
  E:\purchasing system\app\Services\ProcurementPurchaseRequestService.php:263:            );
  E:\purchasing system\app\Services\ProcurementPurchaseRequestService.php:264:
  E:\purchasing system\app\Services\ProcurementPurchaseRequestService.php:265:            return $pr->fresh(['requester.roles', 'department', 'targetDepartment', 'directSupplier', 'assignedReviewer', 'siteEngineer', 'items.item', 'approvalHistory']);
> E:\purchasing system\app\Services\ProcurementPurchaseRequestService.php:347:            $notificationService->notifyUsers(
  E:\purchasing system\app\Services\ProcurementPurchaseRequestService.php:348:                $notificationService->resolveUsersWithPermission('purchase_request.accounting_view'),
  E:\purchasing system\app\Services\ProcurementPurchaseRequestService.php:349:                'purchase_request_pending_accounting_approval',
  E:\purchasing system\app\Services\ProcurementPurchaseRequestService.php:350:                'طلب شراء مباشر بانتظار الحسابات',
  E:\purchasing system\app\Services\ProcurementPurchaseRequestService.php:351:                "أنشأ مدير المشتريات الطلب المباشر {$pr->request_number}. يرجى مراجعة التفاصيل المالية والموافقة أو الرفض.",
  E:\purchasing system\app\Services\ProcurementPurchaseRequestService.php:352:                $pr
  E:\purchasing system\app\Services\ProcurementPurchaseRequestService.php:353:            );
  E:\purchasing system\app\Services\ProcurementPurchaseRequestService.php:354:
  E:\purchasing system\app\Services\ProcurementPurchaseRequestService.php:355:            return $pr->fresh([
> E:\purchasing system\app\Services\ProcurementPurchaseRequestService.php:416:            $notificationService->createNotification(
  E:\purchasing system\app\Services\ProcurementPurchaseRequestService.php:417:                $pr->user_id,
  E:\purchasing system\app\Services\ProcurementPurchaseRequestService.php:418:                'purchase_request_rejected_procurement',
  E:\purchasing system\app\Services\ProcurementPurchaseRequestService.php:419:                'طلب الشراء مرفوض من المشتريات',
  E:\purchasing system\app\Services\ProcurementPurchaseRequestService.php:420:                $rejMsg,
  E:\purchasing system\app\Services\ProcurementPurchaseRequestService.php:421:                $pr
  E:\purchasing system\app\Services\ProcurementPurchaseRequestService.php:422:            );
  E:\purchasing system\app\Services\ProcurementPurchaseRequestService.php:423:
  E:\purchasing system\app\Services\ProcurementPurchaseRequestService.php:424:            return $pr->fresh(['requester.roles', 'department', 'items.item', 'approvalHistory']);
> E:\purchasing system\app\Services\PurchaseOrderService.php:505:            $notificationService->notifyUsers(
  E:\purchasing system\app\Services\PurchaseOrderService.php:506:                $accountants,
  E:\purchasing system\app\Services\PurchaseOrderService.php:507:                'purchase_order_issued_accounting',
  E:\purchasing system\app\Services\PurchaseOrderService.php:508:                'تم إصدار أمر شراء جديد',
  E:\purchasing system\app\Services\PurchaseOrderService.php:509:                "تم إصدار أمر الشراء {$lockedPo->po_number} للاطلاع المالي.",
  E:\purchasing system\app\Services\PurchaseOrderService.php:510:                $lockedPo
  E:\purchasing system\app\Services\PurchaseOrderService.php:511:            );
  E:\purchasing system\app\Services\PurchaseOrderService.php:512:
  E:\purchasing system\app\Services\PurchaseOrderService.php:513:            // Notify General Managers (Read-only access notification)
> E:\purchasing system\app\Services\PurchaseOrderService.php:515:            $notificationService->notifyUsers(
  E:\purchasing system\app\Services\PurchaseOrderService.php:516:                $gms,
  E:\purchasing system\app\Services\PurchaseOrderService.php:517:                'purchase_order_issued_gm',
  E:\purchasing system\app\Services\PurchaseOrderService.php:518:                'تم إصدار أمر شراء جديد',
  E:\purchasing system\app\Services\PurchaseOrderService.php:519:                "تم إصدار أمر الشراء {$lockedPo->po_number} للاطلاع الإداري.",
  E:\purchasing system\app\Services\PurchaseOrderService.php:520:                $lockedPo
  E:\purchasing system\app\Services\PurchaseOrderService.php:521:            );
  E:\purchasing system\app\Services\PurchaseOrderService.php:522:
  E:\purchasing system\app\Services\PurchaseOrderService.php:523:            return $lockedPo->fresh(['purchaseRequest.requester', 'purchaseRequest.department', 'purchaseRequest.assignedReviewer', 'purchaseRequest.approvalHistory.actor', 'selectedQuote', 'supplier', 'createdBy', 'items.item']);
> E:\purchasing system\app\Services\PurchaseQuoteService.php:111:            $notificationService->notifyUsers(
  E:\purchasing system\app\Services\PurchaseQuoteService.php:112:                $accountants->merge($reviewers)->unique('id'),
  E:\purchasing system\app\Services\PurchaseQuoteService.php:113:                'purchase_quote_pending_recommendation',
  E:\purchasing system\app\Services\PurchaseQuoteService.php:114:                'عروض أسعار بانتظار الترشيح',
  E:\purchasing system\app\Services\PurchaseQuoteService.php:115:                $isExecutiveRequester
  E:\purchasing system\app\Services\PurchaseQuoteService.php:116:                    ? "أرسل مدير المشتريات {$quoteCount} عروض أسعار للطلب {$pr->request_number}. الحسابات ترشح، ثم يتخذ المدير العام القرار النهائي."
  E:\purchasing system\app\Services\PurchaseQuoteService.php:117:                    : "أرسل مدير المشتريات {$quoteCount} عروض أسعار للطلب {$pr->request_number}. يرجى ترشيح العرض الأفضل.",
  E:\purchasing system\app\Services\PurchaseQuoteService.php:118:                $pr
  E:\purchasing system\app\Services\PurchaseQuoteService.php:119:            );
> E:\purchasing system\app\Services\PurchaseQuoteService.php:172:                app(NotificationService::class)->notifyUsers(
  E:\purchasing system\app\Services\PurchaseQuoteService.php:173:                    $executives,
  E:\purchasing system\app\Services\PurchaseQuoteService.php:174:                    'purchase_quote_recommendations_ready',
  E:\purchasing system\app\Services\PurchaseQuoteService.php:175:                    'ترشيحات عروض الأسعار جاهزة',
  E:\purchasing system\app\Services\PurchaseQuoteService.php:176:                    $isExecutiveRequester
  E:\purchasing system\app\Services\PurchaseQuoteService.php:177:                        ? "اكتمل ترشيح الحسابات للطلب {$request->request_number}. القرار النهائي للمدير العام."
  E:\purchasing system\app\Services\PurchaseQuoteService.php:178:                        : "اكتملت ترشيحات الحسابات ومدير القسم للطلب {$request->request_number}. القرار للمدير التنفيذي.",
  E:\purchasing system\app\Services\PurchaseQuoteService.php:179:                    $request
  E:\purchasing system\app\Services\PurchaseQuoteService.php:180:                );
> E:\purchasing system\app\Services\PurchaseQuoteService.php:237:            $notificationService->notifyUsers(
  E:\purchasing system\app\Services\PurchaseQuoteService.php:238:                $notificationService->resolveUsersWithPermission('purchase_request.approve_procurement'),
  E:\purchasing system\app\Services\PurchaseQuoteService.php:239:                'purchase_quote_decision_complete',
  E:\purchasing system\app\Services\PurchaseQuoteService.php:240:                'تم اتخاذ قرار عروض الأسعار',
  E:\purchasing system\app\Services\PurchaseQuoteService.php:241:                "تم اتخاذ قرار عروض الأسعار للطلب {$request->request_number}. يمكن لمدير المشتريات متابعة أمر الشراء.",
  E:\purchasing system\app\Services\PurchaseQuoteService.php:242:                $request
  E:\purchasing system\app\Services\PurchaseQuoteService.php:243:            );
  E:\purchasing system\app\Services\PurchaseQuoteService.php:244:
  E:\purchasing system\app\Services\PurchaseQuoteService.php:245:            return $request->fresh(['requester.roles', 'department', 'assignedReviewer', 'siteEngineer', 'selectedQuote.supplier', 'quotes.supplier', 'quotes.recommendations.user', 'items.item', 'approvalHistory']);
> E:\purchasing system\app\Services\PurchaseReceiptService.php:88:                app(NotificationService::class)->createNotification(
  E:\purchasing system\app\Services\PurchaseReceiptService.php:89:                    $siteEngineer,
  E:\purchasing system\app\Services\PurchaseReceiptService.php:90:                    'purchase_receipt_pending_site_engineer',
  E:\purchasing system\app\Services\PurchaseReceiptService.php:91:                    'إذن استلام بانتظار اعتمادك',
  E:\purchasing system\app\Services\PurchaseReceiptService.php:92:                    "إذن الاستلام {$receipt->receipt_number} لأمر الشراء {$purchaseOrder->po_number} بانتظار مراجعتك.",
  E:\purchasing system\app\Services\PurchaseReceiptService.php:93:                    $receipt
  E:\purchasing system\app\Services\PurchaseReceiptService.php:94:                );
  E:\purchasing system\app\Services\PurchaseReceiptService.php:95:            }
  E:\purchasing system\app\Services\PurchaseReceiptService.php:96:
> E:\purchasing system\app\Services\PurchaseReceiptService.php:177:            $notificationService->notifyAccountingWithPurchaseOrderAndReceipt(
  E:\purchasing system\app\Services\PurchaseReceiptService.php:178:                $accountants,
  E:\purchasing system\app\Services\PurchaseReceiptService.php:179:                $receipt->purchaseOrder,
  E:\purchasing system\app\Services\PurchaseReceiptService.php:180:                $receipt
  E:\purchasing system\app\Services\PurchaseReceiptService.php:181:            );
  E:\purchasing system\app\Services\PurchaseReceiptService.php:182:
  E:\purchasing system\app\Services\PurchaseReceiptService.php:183:            return $receipt->fresh(['purchaseOrder.supplier', 'purchaseOrder.items.item', 'purchaseRequest', 'warehouseKeeper', 'siteEngineer', 'items.purchaseOrderItem']);
  E:\purchasing system\app\Services\PurchaseReceiptService.php:184:        });
  E:\purchasing system\app\Services\PurchaseReceiptService.php:185:    }
> E:\purchasing system\app\Services\PurchaseRequestService.php:337:                $notificationService->notifyUsers(
  E:\purchasing system\app\Services\PurchaseRequestService.php:338:                    $reviewers,
  E:\purchasing system\app\Services\PurchaseRequestService.php:339:                    'purchase_request_submitted',
  E:\purchasing system\app\Services\PurchaseRequestService.php:340:                    'طلب شراء جديد للمراجعة',
  E:\purchasing system\app\Services\PurchaseRequestService.php:341:                    "طلب الشراء {$request->request_number} تابع لقسمك ويحتاج اعتماد مدير القسم.",
  E:\purchasing system\app\Services\PurchaseRequestService.php:342:                    $request
  E:\purchasing system\app\Services\PurchaseRequestService.php:343:                );
  E:\purchasing system\app\Services\PurchaseRequestService.php:344:            } elseif ($nextStatus === 'PENDING_EXECUTIVE_APPROVAL') {
> E:\purchasing system\app\Services\PurchaseRequestService.php:345:                $notificationService->notifyUsers(
  E:\purchasing system\app\Services\PurchaseRequestService.php:346:                    $notificationService->resolveUsersWithPermission('purchase_request.view_gm'),
  E:\purchasing system\app\Services\PurchaseRequestService.php:347:                    'purchase_request_pending_executive_approval',
  E:\purchasing system\app\Services\PurchaseRequestService.php:348:                    'طلب شراء بانتظار اعتماد المدير التنفيذي',
  E:\purchasing system\app\Services\PurchaseRequestService.php:349:                    "طلب الشراء {$request->request_number} جاهز لقرار المدير التنفيذي.",
  E:\purchasing system\app\Services\PurchaseRequestService.php:350:                    $request
  E:\purchasing system\app\Services\PurchaseRequestService.php:351:                );
  E:\purchasing system\app\Services\PurchaseRequestService.php:352:            } else {
> E:\purchasing system\app\Services\PurchaseRequestService.php:353:                $notificationService->notifyUsers(
  E:\purchasing system\app\Services\PurchaseRequestService.php:354:                    $notificationService->resolveUsersWithPermission('purchase_request.view_approved'),
  E:\purchasing system\app\Services\PurchaseRequestService.php:355:                    'purchase_request_pending_procurement',
  E:\purchasing system\app\Services\PurchaseRequestService.php:356:                    'طلب شراء من المدير التنفيذي',
  E:\purchasing system\app\Services\PurchaseRequestService.php:357:                    "طلب الشراء {$request->request_number} وصل مباشرة للمشتريات لبدء مساره.",
  E:\purchasing system\app\Services\PurchaseRequestService.php:358:                    $request
  E:\purchasing system\app\Services\PurchaseRequestService.php:359:                );
  E:\purchasing system\app\Services\PurchaseRequestService.php:360:            }
  E:\purchasing system\app\Services\PurchaseRequestService.php:361:
> E:\purchasing system\app\Services\ReviewerPurchaseRequestService.php:431:            $notificationService->createNotification(
  E:\purchasing system\app\Services\ReviewerPurchaseRequestService.php:432:                $pr->user_id,
  E:\purchasing system\app\Services\ReviewerPurchaseRequestService.php:433:                'purchase_request_approved',
  E:\purchasing system\app\Services\ReviewerPurchaseRequestService.php:434:                'تم اعتماد طلب الشراء',
  E:\purchasing system\app\Services\ReviewerPurchaseRequestService.php:435:                "تم اعتماد طلب الشراء {$pr->request_number} وإرساله إلى المدير التنفيذي.",
  E:\purchasing system\app\Services\ReviewerPurchaseRequestService.php:436:                $pr
  E:\purchasing system\app\Services\ReviewerPurchaseRequestService.php:437:            );
  E:\purchasing system\app\Services\ReviewerPurchaseRequestService.php:438:
  E:\purchasing system\app\Services\ReviewerPurchaseRequestService.php:439:            // Notify the Executive / General Manager
> E:\purchasing system\app\Services\ReviewerPurchaseRequestService.php:441:            $notificationService->notifyUsers(
  E:\purchasing system\app\Services\ReviewerPurchaseRequestService.php:442:                $executives,
  E:\purchasing system\app\Services\ReviewerPurchaseRequestService.php:443:                'purchase_request_pending_executive',
  E:\purchasing system\app\Services\ReviewerPurchaseRequestService.php:444:                'طلب شراء بانتظار قرار المدير التنفيذي',
  E:\purchasing system\app\Services\ReviewerPurchaseRequestService.php:445:                "طلب الشراء {$pr->request_number} اعتمده المراجع وبانتظار قرار المدير التنفيذي.",
  E:\purchasing system\app\Services\ReviewerPurchaseRequestService.php:446:                $pr
  E:\purchasing system\app\Services\ReviewerPurchaseRequestService.php:447:            );
  E:\purchasing system\app\Services\ReviewerPurchaseRequestService.php:448:
  E:\purchasing system\app\Services\ReviewerPurchaseRequestService.php:449:            return $pr->fresh(['requester', 'department', 'assignedReviewer', 'siteEngineer', 'items.item', 'approvalHistory']);
> E:\purchasing system\app\Services\ReviewerPurchaseRequestService.php:501:            $notificationService->createNotification(
  E:\purchasing system\app\Services\ReviewerPurchaseRequestService.php:502:                $pr->user_id,
  E:\purchasing system\app\Services\ReviewerPurchaseRequestService.php:503:                'purchase_request_rejected',
  E:\purchasing system\app\Services\ReviewerPurchaseRequestService.php:504:                'تم رفض/إرجاع طلب الشراء',
  E:\purchasing system\app\Services\ReviewerPurchaseRequestService.php:505:                $rejMsg,
  E:\purchasing system\app\Services\ReviewerPurchaseRequestService.php:506:                $pr
  E:\purchasing system\app\Services\ReviewerPurchaseRequestService.php:507:            );
  E:\purchasing system\app\Services\ReviewerPurchaseRequestService.php:508:
  E:\purchasing system\app\Services\ReviewerPurchaseRequestService.php:509:            return $pr->fresh(['requester', 'department', 'targetDepartment.manager', 'targetDepartment.siteEngineer', 'assignedReviewer', 'siteEngineer', 'items.item', 'approvalHistory.actor']);
