
> al-ashbiliya-procurement-frontend@1.0.0 test
> vitest run --run


[1m[7m[36m RUN [39m[27m[22m [36mv2.1.9 [39m[90mE:/purchasing system[39m

 [32m✓[39m src/test/Units.test.ts [2m([22m[2m4 tests[22m[2m)[22m[90m 6[2mms[22m[39m
[90mstderr[2m | src/test/RoleNavigation.test.tsx[2m > [22m[2mRole-based navigation and redirect flow[2m > [22m[2m1. Employee sees only employee navigation plus notifications and profile
[22m[39m⚠️ React Router Future Flag Warning: React Router will begin wrapping state updates in `React.startTransition` in v7. You can use the `v7_startTransition` future flag to opt-in early. For more information, see https://reactrouter.com/v6/upgrading/future#v7_starttransition.
⚠️ React Router Future Flag Warning: Relative route resolution within Splat routes is changing in v7. You can use the `v7_relativeSplatPath` future flag to opt-in early. For more information, see https://reactrouter.com/v6/upgrading/future#v7_relativesplatpath.

[90mstderr[2m | src/test/Profile.test.tsx[2m > [22m[2mUser الملف الشخصي Feature Frontend[2m > [22m[2m1. الملف الشخصي page renders cleanly
[22m[39m⚠️ React Router Future Flag Warning: React Router will begin wrapping state updates in `React.startTransition` in v7. You can use the `v7_startTransition` future flag to opt-in early. For more information, see https://reactrouter.com/v6/upgrading/future#v7_starttransition.
⚠️ React Router Future Flag Warning: Relative route resolution within Splat routes is changing in v7. You can use the `v7_relativeSplatPath` future flag to opt-in early. For more information, see https://reactrouter.com/v6/upgrading/future#v7_relativesplatpath.

[90mstderr[2m | src/test/AccountingPurchaseOrder.test.tsx[2m > [22m[2mAccounting PO frontend[2m > [22m[2mrenders dashboard
[22m[39m⚠️ React Router Future Flag Warning: React Router will begin wrapping state updates in `React.startTransition` in v7. You can use the `v7_startTransition` future flag to opt-in early. For more information, see https://reactrouter.com/v6/upgrading/future#v7_starttransition.
⚠️ React Router Future Flag Warning: Relative route resolution within Splat routes is changing in v7. You can use the `v7_relativeSplatPath` future flag to opt-in early. For more information, see https://reactrouter.com/v6/upgrading/future#v7_relativesplatpath.

 [32m✓[39m src/test/AccountingPurchaseOrder.test.tsx [2m([22m[2m1 test[22m[2m)[22m[90m 98[2mms[22m[39m
[90mstderr[2m | src/test/AuthFoundation.test.tsx[2m > [22m[2mLoginPage Component[2m > [22m[2mrenders email and password inputs and sign-in button
[22m[39m⚠️ React Router Future Flag Warning: React Router will begin wrapping state updates in `React.startTransition` in v7. You can use the `v7_startTransition` future flag to opt-in early. For more information, see https://reactrouter.com/v6/upgrading/future#v7_starttransition.
⚠️ React Router Future Flag Warning: Relative route resolution within Splat routes is changing in v7. You can use the `v7_relativeSplatPath` future flag to opt-in early. For more information, see https://reactrouter.com/v6/upgrading/future#v7_relativesplatpath.

[90mstderr[2m | src/test/NotificationSystem.test.tsx[2m > [22m[2mالإشعارات System Frontend[2m > [22m[2m1. الإشعارات page renders title and elements
[22m[39m⚠️ React Router Future Flag Warning: React Router will begin wrapping state updates in `React.startTransition` in v7. You can use the `v7_startTransition` future flag to opt-in early. For more information, see https://reactrouter.com/v6/upgrading/future#v7_starttransition.
⚠️ React Router Future Flag Warning: Relative route resolution within Splat routes is changing in v7. You can use the `v7_relativeSplatPath` future flag to opt-in early. For more information, see https://reactrouter.com/v6/upgrading/future#v7_relativesplatpath.

 [32m✓[39m src/test/AuthFoundation.test.tsx [2m([22m[2m11 tests[22m[2m)[22m[90m 152[2mms[22m[39m
[90mstderr[2m | src/test/AdminSystemMonitoring.test.tsx[2m > [22m[2mAdmin system monitoring page[2m > [22m[2mrenders health, deployment and alert sections
[22m[39m⚠️ React Router Future Flag Warning: React Router will begin wrapping state updates in `React.startTransition` in v7. You can use the `v7_startTransition` future flag to opt-in early. For more information, see https://reactrouter.com/v6/upgrading/future#v7_starttransition.
⚠️ React Router Future Flag Warning: Relative route resolution within Splat routes is changing in v7. You can use the `v7_relativeSplatPath` future flag to opt-in early. For more information, see https://reactrouter.com/v6/upgrading/future#v7_relativesplatpath.

 [32m✓[39m src/test/AdminSystemMonitoring.test.tsx [2m([22m[2m1 test[22m[2m)[22m[90m 219[2mms[22m[39m
[90mstderr[2m | src/test/ProcurementPurchaseOrder.test.tsx[2m > [22m[2mProcurement purchase order frontend[2m > [22m[2mrenders the procurement dashboard from API data
[22m[39m⚠️ React Router Future Flag Warning: React Router will begin wrapping state updates in `React.startTransition` in v7. You can use the `v7_startTransition` future flag to opt-in early. For more information, see https://reactrouter.com/v6/upgrading/future#v7_starttransition.
⚠️ React Router Future Flag Warning: Relative route resolution within Splat routes is changing in v7. You can use the `v7_relativeSplatPath` future flag to opt-in early. For more information, see https://reactrouter.com/v6/upgrading/future#v7_relativesplatpath.

 [32m✓[39m src/test/ProcurementPurchaseOrder.test.tsx [2m([22m[2m1 test[22m[2m)[22m[90m 122[2mms[22m[39m
 [32m✓[39m src/test/NotificationSystem.test.tsx [2m([22m[2m10 tests[22m[2m)[22m[33m 385[2mms[22m[39m
 [32m✓[39m src/test/Profile.test.tsx [2m([22m[2m10 tests[22m[2m)[22m[33m 426[2mms[22m[39m
[90mstderr[2m | src/test/ReviewerPurchaseRequest.test.tsx[2m > [22m[2mReviewer purchase request frontend[2m > [22m[2mrenders dashboard counts from backend-scoped requests
[22m[39m⚠️ React Router Future Flag Warning: React Router will begin wrapping state updates in `React.startTransition` in v7. You can use the `v7_startTransition` future flag to opt-in early. For more information, see https://reactrouter.com/v6/upgrading/future#v7_starttransition.
⚠️ React Router Future Flag Warning: Relative route resolution within Splat routes is changing in v7. You can use the `v7_relativeSplatPath` future flag to opt-in early. For more information, see https://reactrouter.com/v6/upgrading/future#v7_relativesplatpath.

[90mstderr[2m | src/test/EmployeePurchaseRequest.test.tsx[2m > [22m[2mPurchaseRequestTable Component[2m > [22m[2mrenders empty state when no requests exist
[22m[39m⚠️ React Router Future Flag Warning: React Router will begin wrapping state updates in `React.startTransition` in v7. You can use the `v7_startTransition` future flag to opt-in early. For more information, see https://reactrouter.com/v6/upgrading/future#v7_starttransition.
⚠️ React Router Future Flag Warning: Relative route resolution within Splat routes is changing in v7. You can use the `v7_relativeSplatPath` future flag to opt-in early. For more information, see https://reactrouter.com/v6/upgrading/future#v7_relativesplatpath.

[90mstderr[2m | src/test/AdminDashboard.test.tsx[2m > [22m[2mAdmin Frontend Feature Suite[2m > [22m[2m1. Admin dashboard renders KPIs and status modules
[22m[39m⚠️ React Router Future Flag Warning: React Router will begin wrapping state updates in `React.startTransition` in v7. You can use the `v7_startTransition` future flag to opt-in early. For more information, see https://reactrouter.com/v6/upgrading/future#v7_starttransition.
⚠️ React Router Future Flag Warning: Relative route resolution within Splat routes is changing in v7. You can use the `v7_relativeSplatPath` future flag to opt-in early. For more information, see https://reactrouter.com/v6/upgrading/future#v7_relativesplatpath.

[90mstderr[2m | src/test/EmployeePurchaseRequest.test.tsx[2m > [22m[2mPurchaseRequestTable Component[2m > [22m[2mrenders requests and actions correctly
[22m[39mWarning: An update to AuthProvider inside a test was not wrapped in act(...).

When testing, code that causes React state updates should be wrapped into act(...):

act(() => {
  /* fire events that update state */
});
/* assert on the output */

This ensures that you're testing the behavior the user would see in the browser. Learn more at https://reactjs.org/link/wrap-tests-with-act
    at AuthProvider (E:\purchasing system\src\context\AuthContext.tsx:14:25)
    at Router (E:\purchasing system\node_modules\react-router\dist\umd\react-router.development.js:1203:17)
    at BrowserRouter (E:\purchasing system\node_modules\react-router-dom\dist\umd\react-router-dom.development.js:688:7)
Warning: An update to AuthProvider inside a test was not wrapped in act(...).

When testing, code that causes React state updates should be wrapped into act(...):

act(() => {
  /* fire events that update state */
});
/* assert on the output */

This ensures that you're testing the behavior the user would see in the browser. Learn more at https://reactjs.org/link/wrap-tests-with-act
    at AuthProvider (E:\purchasing system\src\context\AuthContext.tsx:14:25)
    at Router (E:\purchasing system\node_modules\react-router\dist\umd\react-router.development.js:1203:17)
    at BrowserRouter (E:\purchasing system\node_modules\react-router-dom\dist\umd\react-router-dom.development.js:688:7)
Warning: An update to AuthProvider inside a test was not wrapped in act(...).

When testing, code that causes React state updates should be wrapped into act(...):

act(() => {
  /* fire events that update state */
});
/* assert on the output */

This ensures that you're testing the behavior the user would see in the browser. Learn more at https://reactjs.org/link/wrap-tests-with-act
    at AuthProvider (E:\purchasing system\src\context\AuthContext.tsx:14:25)
    at Router (E:\purchasing system\node_modules\react-router\dist\umd\react-router.development.js:1203:17)
    at BrowserRouter (E:\purchasing system\node_modules\react-router-dom\dist\umd\react-router-dom.development.js:688:7)

 [32m✓[39m src/test/ReviewerPurchaseRequest.test.tsx [2m([22m[2m7 tests[22m[2m)[22m[33m 553[2mms[22m[39m
 [32m✓[39m src/test/AdminDashboard.test.tsx [2m([22m[2m11 tests[22m[2m)[22m[33m 396[2mms[22m[39m
 [32m✓[39m src/test/RoleNavigation.test.tsx [2m([22m[2m8 tests[22m[2m)[22m[33m 1007[2mms[22m[39m
 [32m✓[39m src/test/EmployeePurchaseRequest.test.tsx [2m([22m[2m11 tests[22m[2m)[22m[33m 532[2mms[22m[39m

[2m Test Files [22m [1m[32m11 passed[39m[22m[90m (11)[39m
[2m      Tests [22m [1m[32m75 passed[39m[22m[90m (75)[39m
[2m   Start at [22m 18:16:55
[2m   Duration [22m 3.50s[2m (transform 2.85s, setup 1.51s, collect 8.07s, tests 3.90s, environment 9.51s, prepare 1.81s)[22m

