[2m6:48:03 PM[22m [31m[1m[vite][22m[39m [31mInternal server error: E:\purchasing system\src\pages\reviewer\ReviewPurchaseRequestPage.tsx: Missing semicolon. (111:7)

[0m [90m 109 |[31m       setHeaderPriority(updated[33m.[31mpriority)[33m;[31m
 [90m 110 |[31m       setHeaderDateNeeded(updated[33m.[31mdate_needed [33m||[31m [32m''[31m)[33m;[31m
[31m[1m>[22m[31m[90m 111 |[31m s [33m||[31m [32m''[31m)[33m;[31m
 [90m     |[31m        [31m[1m^[22m[31m
 [90m 112 |[31m       setSuccessMessage([32m'بدأت المراجعة.'[31m)[33m;[31m
 [90m 113 |[31m     } [36mcatch[31m (err) {
 [90m 114 |[31m       setError(parseApiError(err))[33m;[31m[0m[39m
  Plugin: [35mvite:react-babel[39m
  File: [36mE:/purchasing system/src/pages/reviewer/ReviewPurchaseRequestPage.tsx[39m:111:7
[33m  109|        setHeaderPriority(updated.priority);
  110|        setHeaderDateNeeded(updated.date_needed || '');
  111|  s || '');
     |         ^
  112|        setSuccessMessage('بدأت المراجعة.');
  113|      } catch (err) {[39m
      at constructor (E:\purchasing system\node_modules\@babel\parser\lib\index.js:369:19)
      at TypeScriptParserMixin.raise (E:\purchasing system\node_modules\@babel\parser\lib\index.js:6620:19)
      at TypeScriptParserMixin.semicolon (E:\purchasing system\node_modules\@babel\parser\lib\index.js:6916:10)
      at TypeScriptParserMixin.parseExpressionStatement (E:\purchasing system\node_modules\@babel\parser\lib\index.js:13314:10)
      at TypeScriptParserMixin.parseStatementContent (E:\purchasing system\node_modules\@babel\parser\lib\index.js:12928:19)
      at TypeScriptParserMixin.parseStatementContent (E:\purchasing system\node_modules\@babel\parser\lib\index.js:9529:18)
      at TypeScriptParserMixin.parseStatementLike (E:\purchasing system\node_modules\@babel\parser\lib\index.js:12796:17)
      at TypeScriptParserMixin.parseStatementListItem (E:\purchasing system\node_modules\@babel\parser\lib\index.js:12776:17)
      at TypeScriptParserMixin.parseBlockOrModuleBlockBody (E:\purchasing system\node_modules\@babel\parser\lib\index.js:13345:61)
      at TypeScriptParserMixin.parseBlockBody (E:\purchasing system\node_modules\@babel\parser\lib\index.js:13338:10)
      at TypeScriptParserMixin.parseBlock (E:\purchasing system\node_modules\@babel\parser\lib\index.js:13326:10)
      at TypeScriptParserMixin.parseTryStatement (E:\purchasing system\node_modules\@babel\parser\lib\index.js:13234:23)
      at TypeScriptParserMixin.parseStatementContent (E:\purchasing system\node_modules\@babel\parser\lib\index.js:12833:21)
      at TypeScriptParserMixin.parseStatementContent (E:\purchasing system\node_modules\@babel\parser\lib\index.js:9529:18)
      at TypeScriptParserMixin.parseStatementLike (E:\purchasing system\node_modules\@babel\parser\lib\index.js:12796:17)
      at TypeScriptParserMixin.parseStatementListItem (E:\purchasing system\node_modules\@babel\parser\lib\index.js:12776:17)
      at TypeScriptParserMixin.parseBlockOrModuleBlockBody (E:\purchasing system\node_modules\@babel\parser\lib\index.js:13345:61)
      at TypeScriptParserMixin.parseBlockBody (E:\purchasing system\node_modules\@babel\parser\lib\index.js:13338:10)
      at TypeScriptParserMixin.parseBlock (E:\purchasing system\node_modules\@babel\parser\lib\index.js:13326:10)
      at TypeScriptParserMixin.parseFunctionBody (E:\purchasing system\node_modules\@babel\parser\lib\index.js:12129:24)
      at TypeScriptParserMixin.parseArrowExpression (E:\purchasing system\node_modules\@babel\parser\lib\index.js:12104:10)
      at TypeScriptParserMixin.parseAsyncArrowFromCallExpression (E:\purchasing system\node_modules\@babel\parser\lib\index.js:11290:10)
      at TypeScriptParserMixin.parseAsyncArrowFromCallExpression (E:\purchasing system\node_modules\@babel\parser\lib\index.js:9787:18)
      at TypeScriptParserMixin.parseCoverCallAndAsyncArrowHead (E:\purchasing system\node_modules\@babel\parser\lib\index.js:11220:27)
      at TypeScriptParserMixin.parseSubscript (E:\purchasing system\node_modules\@babel\parser\lib\index.js:11141:19)
      at TypeScriptParserMixin.parseSubscript (E:\purchasing system\node_modules\@babel\parser\lib\index.js:9293:18)
      at TypeScriptParserMixin.parseSubscripts (E:\purchasing system\node_modules\@babel\parser\lib\index.js:11115:19)
      at TypeScriptParserMixin.parseExprSubscripts (E:\purchasing system\node_modules\@babel\parser\lib\index.js:11106:17)
      at TypeScriptParserMixin.parseUpdate (E:\purchasing system\node_modules\@babel\parser\lib\index.js:11087:21)
      at TypeScriptParserMixin.parseMaybeUnary (E:\purchasing system\node_modules\@babel\parser\lib\index.js:11067:23)
      at TypeScriptParserMixin.parseMaybeUnary (E:\purchasing system\node_modules\@babel\parser\lib\index.js:9858:18)
      at TypeScriptParserMixin.parseMaybeUnaryOrPrivate (E:\purchasing system\node_modules\@babel\parser\lib\index.js:10920:61)
      at TypeScriptParserMixin.parseExprOps (E:\purchasing system\node_modules\@babel\parser\lib\index.js:10925:23)
      at TypeScriptParserMixin.parseMaybeConditional (E:\purchasing system\node_modules\@babel\parser\lib\index.js:10902:23)
      at TypeScriptParserMixin.parseMaybeAssign (E:\purchasing system\node_modules\@babel\parser\lib\index.js:10852:21)
      at TypeScriptParserMixin.parseMaybeAssign (E:\purchasing system\node_modules\@babel\parser\lib\index.js:9807:20)
      at E:\purchasing system\node_modules\@babel\parser\lib\index.js:10821:39
      at TypeScriptParserMixin.allowInAnd (E:\purchasing system\node_modules\@babel\parser\lib\index.js:12450:16)
      at TypeScriptParserMixin.parseMaybeAssignAllowIn (E:\purchasing system\node_modules\@babel\parser\lib\index.js:10821:17)
      at TypeScriptParserMixin.parseVar (E:\purchasing system\node_modules\@babel\parser\lib\index.js:13413:91)
      at TypeScriptParserMixin.parseVarStatement (E:\purchasing system\node_modules\@babel\parser\lib\index.js:13259:10)
      at TypeScriptParserMixin.parseVarStatement (E:\purchasing system\node_modules\@babel\parser\lib\index.js:9429:31)
      at TypeScriptParserMixin.parseStatementContent (E:\purchasing system\node_modules\@babel\parser\lib\index.js:12880:23)
      at TypeScriptParserMixin.parseStatementContent (E:\purchasing system\node_modules\@babel\parser\lib\index.js:9529:18)
      at TypeScriptParserMixin.parseStatementLike (E:\purchasing system\node_modules\@babel\parser\lib\index.js:12796:17)
      at TypeScriptParserMixin.parseStatementListItem (E:\purchasing system\node_modules\@babel\parser\lib\index.js:12776:17)
      at TypeScriptParserMixin.parseBlockOrModuleBlockBody (E:\purchasing system\node_modules\@babel\parser\lib\index.js:13345:61)
      at TypeScriptParserMixin.parseBlockBody (E:\purchasing system\node_modules\@babel\parser\lib\index.js:13338:10)
      at TypeScriptParserMixin.parseBlock (E:\purchasing system\node_modules\@babel\parser\lib\index.js:13326:10)
      at TypeScriptParserMixin.parseFunctionBody (E:\purchasing system\node_modules\@babel\parser\lib\index.js:12129:24)
[2m6:48:03 PM[22m [31m[1m[vite][22m[39m [31m[2m(client)[22m[39m Pre-transform error: E:\purchasing system\src\pages\reviewer\ReviewPurchaseRequestPage.tsx: Missing semicolon. (111:7)

[0m [90m 109 |[39m       setHeaderPriority(updated[33m.[39mpriority)[33m;[39m
 [90m 110 |[39m       setHeaderDateNeeded(updated[33m.[39mdate_needed [33m||[39m [32m''[39m)[33m;[39m
[31m[1m>[22m[39m[90m 111 |[39m s [33m||[39m [32m''[39m)[33m;[39m
 [90m     |[39m        [31m[1m^[22m[39m
 [90m 112 |[39m       setSuccessMessage([32m'بدأت المراجعة.'[39m)[33m;[39m
 [90m 113 |[39m     } [36mcatch[39m (err) {
 [90m 114 |[39m       setError(parseApiError(err))[33m;[39m[0m
  Plugin: [35mvite:react-babel[39m
  File: [36mE:/purchasing system/src/pages/reviewer/ReviewPurchaseRequestPage.tsx[39m:111:7
[33m  109|        setHeaderPriority(updated.priority);
  110|        setHeaderDateNeeded(updated.date_needed || '');
  111|  s || '');
     |         ^
  112|        setSuccessMessage('بدأت المراجعة.');
  113|      } catch (err) {[39m
[2m6:48:49 PM[22m [31m[1m[vite][22m[39m [31mInternal server error: E:\purchasing system\src\pages\reviewer\ReviewPurchaseRequestPage.tsx: Missing semicolon. (111:7)

[0m [90m 109 |[31m       setHeaderPriority(updated[33m.[31mpriority)[33m;[31m
 [90m 110 |[31m       setHeaderDateNeeded(updated[33m.[31mdate_needed [33m||[31m [32m''[31m)[33m;[31m
[31m[1m>[22m[31m[90m 111 |[31m s [33m||[31m [32m''[31m)[33m;[31m
 [90m     |[31m        [31m[1m^[22m[31m
 [90m 112 |[31m       setSuccessMessage([32m'بدأت المراجعة.'[31m)[33m;[31m
 [90m 113 |[31m     } [36mcatch[31m (err) {
 [90m 114 |[31m       setError(parseApiError(err))[33m;[31m[0m[39m
  Plugin: [35mvite:react-babel[39m
  File: [36mE:/purchasing system/src/pages/reviewer/ReviewPurchaseRequestPage.tsx[39m:111:7
[33m  109|        setHeaderPriority(updated.priority);
  110|        setHeaderDateNeeded(updated.date_needed || '');
  111|  s || '');
     |         ^
  112|        setSuccessMessage('بدأت المراجعة.');
  113|      } catch (err) {[39m
      at constructor (E:\purchasing system\node_modules\@babel\parser\lib\index.js:369:19)
      at TypeScriptParserMixin.raise (E:\purchasing system\node_modules\@babel\parser\lib\index.js:6620:19)
      at TypeScriptParserMixin.semicolon (E:\purchasing system\node_modules\@babel\parser\lib\index.js:6916:10)
      at TypeScriptParserMixin.parseExpressionStatement (E:\purchasing system\node_modules\@babel\parser\lib\index.js:13314:10)
      at TypeScriptParserMixin.parseStatementContent (E:\purchasing system\node_modules\@babel\parser\lib\index.js:12928:19)
      at TypeScriptParserMixin.parseStatementContent (E:\purchasing system\node_modules\@babel\parser\lib\index.js:9529:18)
      at TypeScriptParserMixin.parseStatementLike (E:\purchasing system\node_modules\@babel\parser\lib\index.js:12796:17)
      at TypeScriptParserMixin.parseStatementListItem (E:\purchasing system\node_modules\@babel\parser\lib\index.js:12776:17)
      at TypeScriptParserMixin.parseBlockOrModuleBlockBody (E:\purchasing system\node_modules\@babel\parser\lib\index.js:13345:61)
      at TypeScriptParserMixin.parseBlockBody (E:\purchasing system\node_modules\@babel\parser\lib\index.js:13338:10)
      at TypeScriptParserMixin.parseBlock (E:\purchasing system\node_modules\@babel\parser\lib\index.js:13326:10)
      at TypeScriptParserMixin.parseTryStatement (E:\purchasing system\node_modules\@babel\parser\lib\index.js:13234:23)
      at TypeScriptParserMixin.parseStatementContent (E:\purchasing system\node_modules\@babel\parser\lib\index.js:12833:21)
      at TypeScriptParserMixin.parseStatementContent (E:\purchasing system\node_modules\@babel\parser\lib\index.js:9529:18)
      at TypeScriptParserMixin.parseStatementLike (E:\purchasing system\node_modules\@babel\parser\lib\index.js:12796:17)
      at TypeScriptParserMixin.parseStatementListItem (E:\purchasing system\node_modules\@babel\parser\lib\index.js:12776:17)
      at TypeScriptParserMixin.parseBlockOrModuleBlockBody (E:\purchasing system\node_modules\@babel\parser\lib\index.js:13345:61)
      at TypeScriptParserMixin.parseBlockBody (E:\purchasing system\node_modules\@babel\parser\lib\index.js:13338:10)
      at TypeScriptParserMixin.parseBlock (E:\purchasing system\node_modules\@babel\parser\lib\index.js:13326:10)
      at TypeScriptParserMixin.parseFunctionBody (E:\purchasing system\node_modules\@babel\parser\lib\index.js:12129:24)
      at TypeScriptParserMixin.parseArrowExpression (E:\purchasing system\node_modules\@babel\parser\lib\index.js:12104:10)
      at TypeScriptParserMixin.parseAsyncArrowFromCallExpression (E:\purchasing system\node_modules\@babel\parser\lib\index.js:11290:10)
      at TypeScriptParserMixin.parseAsyncArrowFromCallExpression (E:\purchasing system\node_modules\@babel\parser\lib\index.js:9787:18)
      at TypeScriptParserMixin.parseCoverCallAndAsyncArrowHead (E:\purchasing system\node_modules\@babel\parser\lib\index.js:11220:27)
      at TypeScriptParserMixin.parseSubscript (E:\purchasing system\node_modules\@babel\parser\lib\index.js:11141:19)
      at TypeScriptParserMixin.parseSubscript (E:\purchasing system\node_modules\@babel\parser\lib\index.js:9293:18)
      at TypeScriptParserMixin.parseSubscripts (E:\purchasing system\node_modules\@babel\parser\lib\index.js:11115:19)
      at TypeScriptParserMixin.parseExprSubscripts (E:\purchasing system\node_modules\@babel\parser\lib\index.js:11106:17)
      at TypeScriptParserMixin.parseUpdate (E:\purchasing system\node_modules\@babel\parser\lib\index.js:11087:21)
      at TypeScriptParserMixin.parseMaybeUnary (E:\purchasing system\node_modules\@babel\parser\lib\index.js:11067:23)
      at TypeScriptParserMixin.parseMaybeUnary (E:\purchasing system\node_modules\@babel\parser\lib\index.js:9858:18)
      at TypeScriptParserMixin.parseMaybeUnaryOrPrivate (E:\purchasing system\node_modules\@babel\parser\lib\index.js:10920:61)
      at TypeScriptParserMixin.parseExprOps (E:\purchasing system\node_modules\@babel\parser\lib\index.js:10925:23)
      at TypeScriptParserMixin.parseMaybeConditional (E:\purchasing system\node_modules\@babel\parser\lib\index.js:10902:23)
      at TypeScriptParserMixin.parseMaybeAssign (E:\purchasing system\node_modules\@babel\parser\lib\index.js:10852:21)
      at TypeScriptParserMixin.parseMaybeAssign (E:\purchasing system\node_modules\@babel\parser\lib\index.js:9807:20)
      at E:\purchasing system\node_modules\@babel\parser\lib\index.js:10821:39
      at TypeScriptParserMixin.allowInAnd (E:\purchasing system\node_modules\@babel\parser\lib\index.js:12450:16)
      at TypeScriptParserMixin.parseMaybeAssignAllowIn (E:\purchasing system\node_modules\@babel\parser\lib\index.js:10821:17)
      at TypeScriptParserMixin.parseVar (E:\purchasing system\node_modules\@babel\parser\lib\index.js:13413:91)
      at TypeScriptParserMixin.parseVarStatement (E:\purchasing system\node_modules\@babel\parser\lib\index.js:13259:10)
      at TypeScriptParserMixin.parseVarStatement (E:\purchasing system\node_modules\@babel\parser\lib\index.js:9429:31)
      at TypeScriptParserMixin.parseStatementContent (E:\purchasing system\node_modules\@babel\parser\lib\index.js:12880:23)
      at TypeScriptParserMixin.parseStatementContent (E:\purchasing system\node_modules\@babel\parser\lib\index.js:9529:18)
      at TypeScriptParserMixin.parseStatementLike (E:\purchasing system\node_modules\@babel\parser\lib\index.js:12796:17)
      at TypeScriptParserMixin.parseStatementListItem (E:\purchasing system\node_modules\@babel\parser\lib\index.js:12776:17)
      at TypeScriptParserMixin.parseBlockOrModuleBlockBody (E:\purchasing system\node_modules\@babel\parser\lib\index.js:13345:61)
      at TypeScriptParserMixin.parseBlockBody (E:\purchasing system\node_modules\@babel\parser\lib\index.js:13338:10)
      at TypeScriptParserMixin.parseBlock (E:\purchasing system\node_modules\@babel\parser\lib\index.js:13326:10)
      at TypeScriptParserMixin.parseFunctionBody (E:\purchasing system\node_modules\@babel\parser\lib\index.js:12129:24)
[2m6:48:49 PM[22m [31m[1m[vite][22m[39m [31m[2m(client)[22m[39m Pre-transform error: E:\purchasing system\src\pages\reviewer\ReviewPurchaseRequestPage.tsx: Missing semicolon. (111:7)

[0m [90m 109 |[39m       setHeaderPriority(updated[33m.[39mpriority)[33m;[39m
 [90m 110 |[39m       setHeaderDateNeeded(updated[33m.[39mdate_needed [33m||[39m [32m''[39m)[33m;[39m
[31m[1m>[22m[39m[90m 111 |[39m s [33m||[39m [32m''[39m)[33m;[39m
 [90m     |[39m        [31m[1m^[22m[39m
 [90m 112 |[39m       setSuccessMessage([32m'بدأت المراجعة.'[39m)[33m;[39m
 [90m 113 |[39m     } [36mcatch[39m (err) {
 [90m 114 |[39m       setError(parseApiError(err))[33m;[39m[0m
  Plugin: [35mvite:react-babel[39m
  File: [36mE:/purchasing system/src/pages/reviewer/ReviewPurchaseRequestPage.tsx[39m:111:7
[33m  109|        setHeaderPriority(updated.priority);
  110|        setHeaderDateNeeded(updated.date_needed || '');
  111|  s || '');
     |         ^
  112|        setSuccessMessage('بدأت المراجعة.');
  113|      } catch (err) {[39m
