
> al-ashbiliya-procurement-frontend@1.0.0 dev
> vite --host 0.0.0.0 --port 3000


  [32m[1mVITE[22m v6.4.3[39m  [2mready in [0m[1m864[22m[2m[0m ms[22m

  [32m➜[39m  [1mLocal[22m:   [36mhttp://localhost:[1m3000[22m/[39m
  [32m➜[39m  [1mNetwork[22m: [36mhttp://192.168.1.10:[1m3000[22m/[39m
  [32m➜[39m  [1mNetwork[22m: [36mhttp://172.29.224.1:[1m3000[22m/[39m
[2m[32m  ➜[39m[22m[2m  press [22m[1mh + enter[22m[2m to show help[22m
[2m1:08:46 PM[22m [36m[1m[vite][22m[39m [90m[2m(client)[22m[39m [32mhmr update [39m[2m/src/index.css, /src/pages/NotificationsPage.tsx, /src/components/notifications/NotificationBell.tsx[22m
[2m1:08:46 PM[22m [36m[1m[vite][22m[39m [32m.env changed, restarting server...[39m
[2m1:08:46 PM[22m [36m[1m[vite][22m[39m server restarted.
[2m1:12:54 PM[22m [36m[1m[vite][22m[39m [90m[2m(client)[22m[39m [32mhmr update [39m[2m/src/index.css, /src/pages/NotificationsPage.tsx, /src/components/notifications/NotificationBell.tsx[22m
[2m1:12:54 PM[22m [36m[1m[vite][22m[39m [32m.env changed, restarting server...[39m
[2m1:12:55 PM[22m [36m[1m[vite][22m[39m server restarted.
[2m1:18:49 PM[22m [36m[1m[vite][22m[39m [90m[2m(client)[22m[39m [32mhmr update [39m[2m/src/index.css, /src/pages/NotificationsPage.tsx, /src/components/notifications/NotificationBell.tsx[22m
[2m1:18:49 PM[22m [36m[1m[vite][22m[39m [32m.env changed, restarting server...[39m
[2m1:18:50 PM[22m [36m[1m[vite][22m[39m server restarted.
[2m2:25:24 PM[22m [36m[1m[vite][22m[39m [90m[2m(client)[22m[39m [32mhmr update [39m[2m/src/index.css, /src/pages/employee/PurchaseRequestDetailsPage.tsx, /src/pages/reviewer/ReviewerRequestsPage.tsx, /src/pages/reviewer/ReviewPurchaseRequestPage.tsx[22m
[2m2:25:24 PM[22m [36m[1m[vite][22m[39m [90m[2m(client)[22m[39m [32mhmr update [39m[2m/src/index.css, /src/pages/employee/EmployeeDashboardPage.tsx, /src/pages/employee/CreatePurchaseRequestPage.tsx, /src/pages/employee/PurchaseRequestsPage.tsx, /src/pages/employee/EditPurchaseRequestPage.tsx, /src/pages/employee/PurchaseRequestDetailsPage.tsx[22m
[2m2:25:24 PM[22m [36m[1m[vite][22m[39m [90m[2m(client)[22m[39m [32mhmr update [39m[2m/src/pages/employee/CreatePurchaseRequestPage.tsx, /src/index.css[22m
[2m2:25:24 PM[22m [36m[1m[vite][22m[39m [90m[2m(client)[22m[39m [32mhmr update [39m[2m/src/components/purchase-requests/PRWizardStep1.tsx, /src/index.css[22m
[2m2:25:24 PM[22m [36m[1m[vite][22m[39m [90m[2m(client)[22m[39m [32mhmr update [39m[2m/src/index.css, /src/pages/employee/PurchaseRequestDetailsPage.tsx, /src/pages/reviewer/ReviewerRequestsPage.tsx, /src/pages/reviewer/ReviewPurchaseRequestPage.tsx[22m
[2m2:26:27 PM[22m [36m[1m[vite][22m[39m [90m[2m(client)[22m[39m [32mhmr update [39m[2m/src/pages/employee/CreatePurchaseRequestPage.tsx, /src/index.css[22m
[2m2:26:27 PM[22m [36m[1m[vite][22m[39m [90m[2m(client)[22m[39m [32mhmr update [39m[2m/src/components/purchase-requests/PRWizardStep1.tsx, /src/index.css[22m
[2m2:40:45 PM[22m [36m[1m[vite][22m[39m [90m[2m(client)[22m[39m [32mhmr update [39m[2m/src/pages/admin/DepartmentsPage.tsx, /src/index.css[22m
[2m2:40:45 PM[22m [36m[1m[vite][22m[39m [90m[2m(client)[22m[39m [32mhmr update [39m[2m/src/components/purchase-requests/PRWizardStep1.tsx, /src/index.css[22m
[2m2:41:33 PM[22m [36m[1m[vite][22m[39m [90m[2m(client)[22m[39m [32mhmr update [39m[2m/src/pages/admin/DepartmentsPage.tsx, /src/index.css[22m
[2m3:07:41 PM[22m [36m[1m[vite][22m[39m [90m[2m(client)[22m[39m [32mhmr update [39m[2m/src/index.css, /src/pages/employee/PurchaseRequestDetailsPage.tsx, /src/pages/reviewer/ReviewerRequestsPage.tsx, /src/pages/reviewer/ReviewPurchaseRequestPage.tsx[22m
[2m3:10:02 PM[22m [36m[1m[vite][22m[39m [90m[2m(client)[22m[39m [32mhmr update [39m[2m/src/pages/employee/CreatePurchaseRequestPage.tsx, /src/index.css[22m
[2m3:10:02 PM[22m [36m[1m[vite][22m[39m [90m[2m(client)[22m[39m [32mhmr update [39m[2m/src/components/purchase-requests/PRWizardStep1.tsx, /src/index.css[22m
[2m3:33:55 PM[22m [36m[1m[vite][22m[39m [90m[2m(client)[22m[39m [32mhmr update [39m[2m/src/index.css, /src/components/procurement/DeliveryTrackingWidget.tsx, /src/pages/procurement/ProcurementManagerPage.tsx, /src/components/procurement/DirectPoModal.tsx[22m
[2m3:33:56 PM[22m [36m[1m[vite][22m[39m [90m[2m(client)[22m[39m [32mhmr update [39m[2m/src/index.css, /src/components/procurement/DeliveryTrackingWidget.tsx, /src/pages/procurement/ProcurementManagerPage.tsx, /src/components/procurement/DirectPoModal.tsx[22m
[2m3:34:14 PM[22m [36m[1m[vite][22m[39m [90m[2m(client)[22m[39m [32mhmr update [39m[2m/src/index.css, /src/pages/general-manager/GeneralManagerPurchaseOrderDetailsPage.tsx, /src/pages/general-manager/GeneralManagerDashboardPage.tsx, /src/pages/general-manager/GeneralManagerPurchaseOrdersPage.tsx[22m
[2m3:34:15 PM[22m [36m[1m[vite][22m[39m [90m[2m(client)[22m[39m [32mhmr update [39m[2m/src/index.css, /src/pages/general-manager/GeneralManagerPurchaseOrderDetailsPage.tsx, /src/pages/general-manager/GeneralManagerDashboardPage.tsx, /src/pages/general-manager/GeneralManagerPurchaseOrdersPage.tsx[22m
[2m3:35:36 PM[22m [36m[1m[vite][22m[39m [90m[2m(client)[22m[39m [32mhmr update [39m[2m/src/routes/AppRoutes.tsx, /src/index.css[22m
[2m3:35:37 PM[22m [36m[1m[vite][22m[39m [90m[2m(client)[22m[39m [32mhmr update [39m[2m/src/App.tsx, /src/index.css[22m
[2m4:11:58 PM[22m [36m[1m[vite][22m[39m [90m[2m(client)[22m[39m [32mhmr update [39m[2m/src/pages/admin/DepartmentsPage.tsx, /src/index.css[22m
[2m4:11:59 PM[22m [36m[1m[vite][22m[39m [90m[2m(client)[22m[39m [32mhmr update [39m[2m/src/index.css, /src/routes/AppRoutes.tsx[22m
[2m4:17:35 PM[22m [36m[1m[vite][22m[39m [90m[2m(client)[22m[39m [32mhmr update [39m[2m/src/components/ui/Modal.tsx, /src/index.css[22m
[2m4:17:36 PM[22m [36m[1m[vite][22m[39m [90m[2m(client)[22m[39m [32mhmr update [39m[2m/src/index.css, /src/pages/admin/CategoriesPage.tsx, /src/pages/admin/DepartmentsPage.tsx, /src/pages/admin/UsersPage.tsx, /src/pages/admin/ItemsPage.tsx, /src/pages/admin/SuppliersPage.tsx, /src/components/reviewer/AddReviewItemDialog.tsx, /src/components/reviewer/RejectRequestDialog.tsx, /src/components/purchase-requests/SubmitRequestDialog.tsx, /src/components/purchase-requests/DeleteRequestDialog.tsx, /src/components/reviewer/ApproveRequestDialog.tsx[22m
[2m4:44:39 PM[22m [36m[1m[vite][22m[39m [90m[2m(client)[22m[39m [32mhmr update [39m[2m/src/index.css, /src/pages/employee/PurchaseRequestDetailsPage.tsx, /src/pages/reviewer/ReviewerRequestsPage.tsx, /src/pages/reviewer/ReviewPurchaseRequestPage.tsx[22m
[2m4:44:40 PM[22m [36m[1m[vite][22m[39m [90m[2m(client)[22m[39m [32mhmr update [39m[2m/src/index.css, /src/pages/employee/PurchaseRequestDetailsPage.tsx, /src/pages/reviewer/ReviewerRequestsPage.tsx, /src/pages/reviewer/ReviewPurchaseRequestPage.tsx[22m
[2m4:45:20 PM[22m [36m[1m[vite][22m[39m [90m[2m(client)[22m[39m [32mpage reload [39m[2msrc/types/purchaseOrder.ts[22m
[2m4:45:21 PM[22m [36m[1m[vite][22m[39m [90m[2m(client)[22m[39m [32mpage reload [39m[2msrc/types/purchaseOrder.ts[22m
[2m4:46:13 PM[22m [36m[1m[vite][22m[39m [90m[2m(client)[22m[39m [32mhmr update [39m[2m/src/pages/procurement/CreatePurchaseOrderPage.tsx, /src/index.css[22m
[2m4:46:16 PM[22m [36m[1m[vite][22m[39m [90m[2m(client)[22m[39m [32mhmr update [39m[2m/src/index.css, /src/routes/AppRoutes.tsx[22m
[2m4:46:43 PM[22m [36m[1m[vite][22m[39m [90m[2m(client)[22m[39m [32mhmr update [39m[2m/src/index.css, /src/routes/AppRoutes.tsx[22m
[2m4:46:45 PM[22m [36m[1m[vite][22m[39m [90m[2m(client)[22m[39m [32mhmr update [39m[2m/src/index.css, /src/routes/AppRoutes.tsx[22m
[2m4:47:07 PM[22m [36m[1m[vite][22m[39m [90m[2m(client)[22m[39m [32mhmr update [39m[2m/src/pages/accounting/AccountingPurchaseOrderDetailsPage.tsx, /src/index.css[22m
[2m4:47:08 PM[22m [36m[1m[vite][22m[39m [90m[2m(client)[22m[39m [32mhmr update [39m[2m/src/index.css, /src/routes/AppRoutes.tsx[22m
[2m4:47:37 PM[22m [36m[1m[vite][22m[39m [90m[2m(client)[22m[39m [32mhmr update [39m[2m/src/components/procurement/PurchaseOrderPrintModal.tsx, /src/index.css[22m
[2m4:47:38 PM[22m [36m[1m[vite][22m[39m [90m[2m(client)[22m[39m [32mhmr update [39m[2m/src/index.css, /src/components/procurement/PrintablePO.tsx, /src/pages/procurement/ProcurementManagerPage.tsx[22m
[2m4:49:06 PM[22m [36m[1m[vite][22m[39m [90m[2m(client)[22m[39m [32mhmr update [39m[2m/src/pages/procurement/ProcurementManagerPage.tsx, /src/index.css[22m
[2m4:49:08 PM[22m [36m[1m[vite][22m[39m [90m[2m(client)[22m[39m [32mhmr update [39m[2m/src/pages/procurement/ProcurementManagerPage.tsx, /src/index.css[22m
[2m4:49:58 PM[22m [36m[1m[vite][22m[39m [90m[2m(client)[22m[39m [32mhmr update [39m[2m/src/pages/accounting/AccountingPurchaseOrdersPage.tsx, /src/index.css[22m
[2m4:49:59 PM[22m [36m[1m[vite][22m[39m [90m[2m(client)[22m[39m [32mhmr update [39m[2m/src/index.css, /src/routes/AppRoutes.tsx[22m
[2m4:58:40 PM[22m [36m[1m[vite][22m[39m [90m[2m(client)[22m[39m [32mhmr update [39m[2m/src/index.css, /src/pages/employee/PurchaseRequestDetailsPage.tsx, /src/pages/reviewer/ReviewerRequestsPage.tsx, /src/pages/reviewer/ReviewPurchaseRequestPage.tsx[22m
[2m4:58:42 PM[22m [36m[1m[vite][22m[39m [90m[2m(client)[22m[39m [32mhmr update [39m[2m/src/index.css, /src/pages/employee/PurchaseRequestDetailsPage.tsx, /src/pages/reviewer/ReviewerRequestsPage.tsx, /src/pages/reviewer/ReviewPurchaseRequestPage.tsx[22m
[2m4:59:14 PM[22m [36m[1m[vite][22m[39m [90m[2m(client)[22m[39m [32mpage reload [39m[2msrc/types/purchaseOrder.ts[22m
[2m4:59:16 PM[22m [36m[1m[vite][22m[39m [90m[2m(client)[22m[39m [32mpage reload [39m[2msrc/types/purchaseOrder.ts[22m
[2m5:06:12 PM[22m [36m[1m[vite][22m[39m [90m[2m(client)[22m[39m [32mhmr update [39m[2m/src/index.css, /src/components/procurement/DeliveryTrackingWidget.tsx, /src/pages/procurement/ProcurementManagerPage.tsx, /src/components/procurement/DirectPoModal.tsx, /src/pages/procurement/CreatePurchaseOrderPage.tsx[22m
[2m5:06:13 PM[22m [36m[1m[vite][22m[39m [90m[2m(client)[22m[39m [32mhmr update [39m[2m/src/index.css, /src/components/procurement/DeliveryTrackingWidget.tsx, /src/pages/procurement/ProcurementManagerPage.tsx, /src/components/procurement/DirectPoModal.tsx, /src/pages/procurement/CreatePurchaseOrderPage.tsx[22m
[2m5:10:05 PM[22m [36m[1m[vite][22m[39m [90m[2m(client)[22m[39m [32mhmr update [39m[2m/src/index.css, /src/components/procurement/DeliveryTrackingWidget.tsx, /src/pages/procurement/ProcurementManagerPage.tsx, /src/components/procurement/DirectPoModal.tsx, /src/pages/procurement/CreatePurchaseOrderPage.tsx[22m
[2m5:10:06 PM[22m [36m[1m[vite][22m[39m [90m[2m(client)[22m[39m [32mhmr update [39m[2m/src/index.css, /src/components/procurement/DeliveryTrackingWidget.tsx, /src/pages/procurement/ProcurementManagerPage.tsx, /src/components/procurement/DirectPoModal.tsx, /src/pages/procurement/CreatePurchaseOrderPage.tsx[22m
[2m5:10:53 PM[22m [36m[1m[vite][22m[39m [90m[2m(client)[22m[39m [32mhmr update [39m[2m/src/components/procurement/DirectPoModal.tsx, /src/index.css[22m
[2m5:10:55 PM[22m [36m[1m[vite][22m[39m [90m[2m(client)[22m[39m [32mhmr update [39m[2m/src/index.css, /src/pages/procurement/ProcurementManagerPage.tsx, /src/pages/procurement/CreatePurchaseOrderPage.tsx[22m
[2m5:11:23 PM[22m [36m[1m[vite][22m[39m [90m[2m(client)[22m[39m [32mhmr update [39m[2m/src/components/procurement/DirectPoModal.tsx, /src/index.css[22m
[2m5:11:24 PM[22m [36m[1m[vite][22m[39m [90m[2m(client)[22m[39m [32mhmr update [39m[2m/src/index.css, /src/pages/procurement/ProcurementManagerPage.tsx, /src/pages/procurement/CreatePurchaseOrderPage.tsx[22m
[2m5:11:48 PM[22m [36m[1m[vite][22m[39m [90m[2m(client)[22m[39m [32mhmr update [39m[2m/src/components/purchase-requests/PRWizardStep2.tsx, /src/index.css[22m
[2m5:11:50 PM[22m [36m[1m[vite][22m[39m [90m[2m(client)[22m[39m [32mhmr update [39m[2m/src/index.css, /src/pages/employee/CreatePurchaseRequestPage.tsx[22m
[2m5:12:28 PM[22m [36m[1m[vite][22m[39m [90m[2m(client)[22m[39m [32mhmr update [39m[2m/src/components/purchase-requests/PurchaseRequestPrintModal.tsx, /src/index.css[22m
[2m5:12:31 PM[22m [36m[1m[vite][22m[39m [90m[2m(client)[22m[39m [32mhmr update [39m[2m/src/index.css, /src/pages/employee/PurchaseRequestDetailsPage.tsx[22m
[2m5:12:53 PM[22m [36m[1m[vite][22m[39m [90m[2m(client)[22m[39m [32mhmr update [39m[2m/src/components/procurement/PurchaseOrderPrintModal.tsx, /src/index.css[22m
[2m5:12:54 PM[22m [36m[1m[vite][22m[39m [90m[2m(client)[22m[39m [32mhmr update [39m[2m/src/index.css, /src/components/procurement/PrintablePO.tsx, /src/pages/procurement/ProcurementManagerPage.tsx[22m
[2m5:13:18 PM[22m [36m[1m[vite][22m[39m [90m[2m(client)[22m[39m [32mhmr update [39m[2m/src/pages/procurement/ProcurementManagerPage.tsx, /src/index.css[22m
[2m5:13:21 PM[22m [36m[1m[vite][22m[39m [90m[2m(client)[22m[39m [32mhmr update [39m[2m/src/pages/procurement/ProcurementManagerPage.tsx, /src/index.css[22m
[2m5:13:45 PM[22m [36m[1m[vite][22m[39m [90m[2m(client)[22m[39m [32mhmr update [39m[2m/src/pages/procurement/CreatePurchaseOrderPage.tsx, /src/index.css[22m
[2m5:13:47 PM[22m [36m[1m[vite][22m[39m [90m[2m(client)[22m[39m [32mhmr update [39m[2m/src/index.css, /src/routes/AppRoutes.tsx[22m
[2m5:14:07 PM[22m [36m[1m[vite][22m[39m [90m[2m(client)[22m[39m [32mhmr update [39m[2m/src/index.css, /src/routes/AppRoutes.tsx[22m
[2m5:14:08 PM[22m [36m[1m[vite][22m[39m [90m[2m(client)[22m[39m [32mhmr update [39m[2m/src/index.css, /src/routes/AppRoutes.tsx[22m
[2m5:14:23 PM[22m [36m[1m[vite][22m[39m [90m[2m(client)[22m[39m [32mhmr update [39m[2m/src/pages/accounting/AccountingPurchaseOrderDetailsPage.tsx, /src/index.css[22m
[2m5:14:25 PM[22m [36m[1m[vite][22m[39m [90m[2m(client)[22m[39m [32mhmr update [39m[2m/src/index.css, /src/routes/AppRoutes.tsx[22m
[2m5:15:39 PM[22m [36m[1m[vite][22m[39m [90m[2m(client)[22m[39m [32mhmr update [39m[2m/src/pages/procurement/ProcurementManagerPage.tsx, /src/index.css[22m
[2m5:15:41 PM[22m [36m[1m[vite][22m[39m [90m[2m(client)[22m[39m [32mhmr update [39m[2m/src/pages/procurement/ProcurementManagerPage.tsx, /src/index.css[22m
[2m5:46:16 PM[22m [36m[1m[vite][22m[39m [90m[2m(client)[22m[39m [32mhmr update [39m[2m/src/index.css, /src/pages/NotificationsPage.tsx, /src/components/notifications/NotificationBell.tsx[22m
[2m5:46:17 PM[22m [36m[1m[vite][22m[39m [90m[2m(client)[22m[39m [32mhmr update [39m[2m/src/index.css, /src/pages/NotificationsPage.tsx, /src/components/notifications/NotificationBell.tsx[22m
[2m5:49:06 PM[22m [36m[1m[vite][22m[39m [90m[2m(client)[22m[39m [32mhmr update [39m[2m/src/index.css, /src/pages/NotificationsPage.tsx, /src/components/notifications/NotificationBell.tsx[22m
[2m5:49:07 PM[22m [36m[1m[vite][22m[39m [90m[2m(client)[22m[39m [32mhmr update [39m[2m/src/index.css, /src/pages/NotificationsPage.tsx, /src/components/notifications/NotificationBell.tsx[22m
[2m6:25:47 PM[22m [36m[1m[vite][22m[39m [90m[2m(client)[22m[39m [32mhmr update [39m[2m/src/index.css, /src/pages/employee/PurchaseRequestDetailsPage.tsx, /src/pages/reviewer/ReviewerRequestsPage.tsx, /src/pages/reviewer/ReviewPurchaseRequestPage.tsx[22m
[2m6:25:47 PM[22m [36m[1m[vite][22m[39m [90m[2m(client)[22m[39m [32mhmr update [39m[2m/src/index.css, /src/pages/employee/PurchaseRequestDetailsPage.tsx, /src/pages/reviewer/ReviewerRequestsPage.tsx, /src/pages/reviewer/ReviewPurchaseRequestPage.tsx[22m
[2m6:26:05 PM[22m [36m[1m[vite][22m[39m [90m[2m(client)[22m[39m [32mhmr update [39m[2m/src/pages/employee/CreatePurchaseRequestPage.tsx, /src/index.css[22m
[2m6:26:06 PM[22m [36m[1m[vite][22m[39m [90m[2m(client)[22m[39m [32mhmr update [39m[2m/src/index.css, /src/routes/AppRoutes.tsx[22m
[2m6:26:49 PM[22m [36m[1m[vite][22m[39m [90m[2m(client)[22m[39m [32mhmr update [39m[2m/src/pages/employee/CreatePurchaseRequestPage.tsx, /src/index.css[22m
[2m6:26:50 PM[22m [36m[1m[vite][22m[39m [90m[2m(client)[22m[39m [32mhmr update [39m[2m/src/index.css, /src/routes/AppRoutes.tsx[22m
[2m6:27:08 PM[22m [36m[1m[vite][22m[39m [90m[2m(client)[22m[39m [32mhmr update [39m[2m/src/components/purchase-requests/PRWizardStep1.tsx, /src/index.css[22m
[2m6:27:09 PM[22m [36m[1m[vite][22m[39m [90m[2m(client)[22m[39m [32mhmr update [39m[2m/src/index.css, /src/pages/employee/CreatePurchaseRequestPage.tsx[22m
[2m6:27:59 PM[22m [36m[1m[vite][22m[39m [90m[2m(client)[22m[39m [32mhmr update [39m[2m/src/components/procurement/DirectPoModal.tsx, /src/index.css[22m
[2m6:28:00 PM[22m [36m[1m[vite][22m[39m [90m[2m(client)[22m[39m [32mhmr update [39m[2m/src/index.css, /src/pages/procurement/ProcurementManagerPage.tsx, /src/pages/procurement/CreatePurchaseOrderPage.tsx[22m
[2m6:28:25 PM[22m [36m[1m[vite][22m[39m [90m[2m(client)[22m[39m [32mhmr update [39m[2m/src/index.css, /src/components/procurement/DeliveryTrackingWidget.tsx, /src/pages/procurement/ProcurementManagerPage.tsx, /src/components/procurement/DirectPoModal.tsx, /src/pages/procurement/CreatePurchaseOrderPage.tsx[22m
[2m6:28:26 PM[22m [36m[1m[vite][22m[39m [90m[2m(client)[22m[39m [32mhmr update [39m[2m/src/index.css, /src/components/procurement/DeliveryTrackingWidget.tsx, /src/pages/procurement/ProcurementManagerPage.tsx, /src/components/procurement/DirectPoModal.tsx, /src/pages/procurement/CreatePurchaseOrderPage.tsx[22m
[2m6:28:52 PM[22m [36m[1m[vite][22m[39m [90m[2m(client)[22m[39m [32mpage reload [39m[2msrc/types/purchaseOrder.ts[22m
[2m6:28:53 PM[22m [36m[1m[vite][22m[39m [90m[2m(client)[22m[39m [32mpage reload [39m[2msrc/types/purchaseOrder.ts[22m
[2m6:29:04 PM[22m [36m[1m[vite][22m[39m [90m[2m(client)[22m[39m [32mhmr update [39m[2m/src/index.css, /src/pages/reviewer/ReviewerPurchaseRequestDetailsPage.tsx, /src/pages/reviewer/ReviewerDashboardPage.tsx, /src/pages/reviewer/ReviewerRequestsPage.tsx, /src/pages/reviewer/ReviewPurchaseRequestPage.tsx[22m
[2m6:29:04 PM[22m [36m[1m[vite][22m[39m [90m[2m(client)[22m[39m [32mhmr update [39m[2m/src/index.css, /src/pages/reviewer/ReviewerPurchaseRequestDetailsPage.tsx, /src/pages/reviewer/ReviewerDashboardPage.tsx, /src/pages/reviewer/ReviewerRequestsPage.tsx, /src/pages/reviewer/ReviewPurchaseRequestPage.tsx[22m
[2m6:29:23 PM[22m [36m[1m[vite][22m[39m [90m[2m(client)[22m[39m [32mhmr update [39m[2m/src/pages/procurement/CreatePurchaseOrderPage.tsx, /src/index.css[22m
[2m6:29:25 PM[22m [36m[1m[vite][22m[39m [90m[2m(client)[22m[39m [32mhmr update [39m[2m/src/pages/procurement/CreatePurchaseOrderPage.tsx, /src/index.css[22m
[2m6:30:01 PM[22m [36m[1m[vite][22m[39m [90m[2m(client)[22m[39m [32mhmr update [39m[2m/src/components/purchase-requests/PurchaseRequestTable.tsx, /src/index.css[22m
[2m6:30:02 PM[22m [36m[1m[vite][22m[39m [90m[2m(client)[22m[39m [32mhmr update [39m[2m/src/index.css, /src/pages/employee/EmployeeDashboardPage.tsx, /src/pages/employee/PurchaseRequestsPage.tsx[22m
[2m6:30:33 PM[22m [36m[1m[vite][22m[39m [90m[2m(client)[22m[39m [32mhmr update [39m[2m/src/pages/employee/PurchaseRequestsPage.tsx, /src/index.css[22m
[2m6:30:34 PM[22m [36m[1m[vite][22m[39m [90m[2m(client)[22m[39m [32mhmr update [39m[2m/src/index.css, /src/routes/AppRoutes.tsx[22m
[2m6:31:09 PM[22m [36m[1m[vite][22m[39m [90m[2m(client)[22m[39m [32mhmr update [39m[2m/src/pages/reviewer/ReviewerRequestsPage.tsx, /src/index.css[22m
[2m6:31:10 PM[22m [36m[1m[vite][22m[39m [90m[2m(client)[22m[39m [32mhmr update [39m[2m/src/index.css, /src/routes/AppRoutes.tsx[22m
[2m6:32:06 PM[22m [36m[1m[vite][22m[39m [90m[2m(client)[22m[39m [32mpage reload [39m[2msrc/components/procurement/PrDetailsModal.tsx[22m
[2m6:32:07 PM[22m [36m[1m[vite][22m[39m [90m[2m(client)[22m[39m [32mpage reload [39m[2msrc/components/procurement/PrDetailsModal.tsx[22m
[2m6:32:37 PM[22m [36m[1m[vite][22m[39m [90m[2m(client)[22m[39m [32mhmr update [39m[2m/src/components/procurement/PurchaseOrderPrintModal.tsx, /src/index.css[22m
[2m6:32:37 PM[22m [36m[1m[vite][22m[39m [90m[2m(client)[22m[39m [32mhmr update [39m[2m/src/index.css, /src/components/procurement/PrintablePO.tsx, /src/pages/procurement/ProcurementManagerPage.tsx[22m
[2m6:33:25 PM[22m [36m[1m[vite][22m[39m [90m[2m(client)[22m[39m [32mpage reload [39m[2msrc/components/purchase-requests/PRWizardStep4.tsx[22m
[2m6:33:25 PM[22m [36m[1m[vite][22m[39m [90m[2m(client)[22m[39m [32mpage reload [39m[2msrc/components/purchase-requests/PRWizardStep4.tsx[22m
[2m6:34:08 PM[22m [36m[1m[vite][22m[39m [90m[2m(client)[22m[39m [32mpage reload [39m[2msrc/hooks/usePRAutosave.ts[22m
[2m6:34:09 PM[22m [36m[1m[vite][22m[39m [90m[2m(client)[22m[39m [32mpage reload [39m[2msrc/hooks/usePRAutosave.ts[22m
[2m6:35:13 PM[22m [36m[1m[vite][22m[39m [90m[2m(client)[22m[39m [32mhmr update [39m[2m/src/pages/accounting/AccountingPurchaseOrderDetailsPage.tsx, /src/index.css[22m
[2m6:35:17 PM[22m [36m[1m[vite][22m[39m [90m[2m(client)[22m[39m [32mhmr update [39m[2m/src/index.css, /src/routes/AppRoutes.tsx[22m
[2m6:36:02 PM[22m [36m[1m[vite][22m[39m [90m[2m(client)[22m[39m [32mhmr update [39m[2m/src/pages/accounting/AccountingPurchaseOrdersPage.tsx, /src/index.css[22m
[2m6:36:03 PM[22m [36m[1m[vite][22m[39m [90m[2m(client)[22m[39m [32mhmr update [39m[2m/src/index.css, /src/routes/AppRoutes.tsx[22m
[2m6:36:48 PM[22m [36m[1m[vite][22m[39m [90m[2m(client)[22m[39m [32mhmr update [39m[2m/src/components/purchase-requests/PurchaseRequestPrintModal.tsx, /src/index.css[22m
[2m6:36:50 PM[22m [36m[1m[vite][22m[39m [90m[2m(client)[22m[39m [32mhmr update [39m[2m/src/index.css, /src/pages/employee/PurchaseRequestDetailsPage.tsx[22m
[2m6:37:40 PM[22m [36m[1m[vite][22m[39m [90m[2m(client)[22m[39m [32mhmr update [39m[2m/src/pages/employee/PurchaseRequestDetailsPage.tsx, /src/index.css[22m
[2m6:37:44 PM[22m [36m[1m[vite][22m[39m [90m[2m(client)[22m[39m [32mhmr update [39m[2m/src/index.css, /src/routes/AppRoutes.tsx[22m
[2m6:38:43 PM[22m [36m[1m[vite][22m[39m [90m[2m(client)[22m[39m [32mhmr update [39m[2m/src/pages/general-manager/GeneralManagerReportsPage.tsx, /src/index.css[22m
[2m6:38:48 PM[22m [36m[1m[vite][22m[39m [90m[2m(client)[22m[39m [32mhmr update [39m[2m/src/index.css, /src/routes/AppRoutes.tsx[22m
[2m6:39:32 PM[22m [36m[1m[vite][22m[39m [90m[2m(client)[22m[39m [32mhmr update [39m[2m/src/index.css, /src/routes/AppRoutes.tsx[22m
[2m6:39:35 PM[22m [36m[1m[vite][22m[39m [90m[2m(client)[22m[39m [32mhmr update [39m[2m/src/index.css, /src/routes/AppRoutes.tsx[22m
[2m6:40:14 PM[22m [36m[1m[vite][22m[39m [90m[2m(client)[22m[39m [32mpage reload [39m[2msrc/pages/procurement/ProcurementDashboardPage.tsx[22m
[2m6:40:16 PM[22m [36m[1m[vite][22m[39m [90m[2m(client)[22m[39m [32mpage reload [39m[2msrc/pages/procurement/ProcurementDashboardPage.tsx[22m
[2m6:41:00 PM[22m [36m[1m[vite][22m[39m [90m[2m(client)[22m[39m [32mhmr update [39m[2m/src/pages/procurement/ProcurementManagerPage.tsx, /src/index.css[22m
[2m6:41:02 PM[22m [36m[1m[vite][22m[39m [90m[2m(client)[22m[39m [32mhmr update [39m[2m/src/pages/procurement/ProcurementManagerPage.tsx, /src/index.css[22m
[2m6:41:32 PM[22m [36m[1m[vite][22m[39m [90m[2m(client)[22m[39m [32mhmr update [39m[2m/src/components/reviewer/ReviewerChecklist.tsx, /src/index.css[22m
[2m6:41:32 PM[22m [36m[1m[vite][22m[39m [90m[2m(client)[22m[39m [32mhmr update [39m[2m/src/index.css, /src/pages/reviewer/ReviewPurchaseRequestPage.tsx[22m
[2m6:42:07 PM[22m [36m[1m[vite][22m[39m [90m[2m(client)[22m[39m [32mhmr update [39m[2m/src/components/purchase-requests/PurchaseRequestForm.tsx, /src/index.css[22m
[2m6:42:07 PM[22m [36m[1m[vite][22m[39m [90m[2m(client)[22m[39m [32mhmr update [39m[2m/src/index.css, /src/pages/employee/EditPurchaseRequestPage.tsx[22m
[2m6:44:57 PM[22m [36m[1m[vite][22m[39m [90m[2m(client)[22m[39m [32mhmr update [39m[2m/src/pages/procurement/ProcurementManagerPage.tsx, /src/index.css[22m
[2m6:44:59 PM[22m [36m[1m[vite][22m[39m [90m[2m(client)[22m[39m [32mhmr update [39m[2m/src/pages/procurement/ProcurementManagerPage.tsx, /src/index.css[22m
[2m6:45:19 PM[22m [36m[1m[vite][22m[39m [90m[2m(client)[22m[39m [32mhmr update [39m[2m/src/pages/procurement/ProcurementManagerPage.tsx, /src/index.css[22m
[2m6:45:20 PM[22m [36m[1m[vite][22m[39m [90m[2m(client)[22m[39m [32mhmr update [39m[2m/src/pages/procurement/ProcurementManagerPage.tsx, /src/index.css[22m
[2m6:45:57 PM[22m [36m[1m[vite][22m[39m [90m[2m(client)[22m[39m [32mpage reload [39m[2msrc/pages/procurement/PurchaseRequestDetailsPage.tsx[22m
[2m6:45:59 PM[22m [36m[1m[vite][22m[39m [90m[2m(client)[22m[39m [32mpage reload [39m[2msrc/pages/procurement/PurchaseRequestDetailsPage.tsx[22m
[2m6:46:36 PM[22m [36m[1m[vite][22m[39m [90m[2m(client)[22m[39m [32mhmr update [39m[2m/src/pages/reviewer/ReviewerPurchaseRequestDetailsPage.tsx, /src/index.css[22m
[2m6:46:36 PM[22m [36m[1m[vite][22m[39m [90m[2m(client)[22m[39m [32mhmr update [39m[2m/src/index.css, /src/routes/AppRoutes.tsx[22m
[2m6:48:02 PM[22m [36m[1m[vite][22m[39m [90m[2m(client)[22m[39m [32mhmr update [39m[2m/src/pages/reviewer/ReviewPurchaseRequestPage.tsx, /src/index.css[22m
[2m6:48:03 PM[22m [36m[1m[vite][22m[39m [90m[2m(client)[22m[39m [32mhmr update [39m[2m/src/index.css, /src/routes/AppRoutes.tsx[22m
[2m6:48:48 PM[22m [36m[1m[vite][22m[39m [90m[2m(client)[22m[39m [32mhmr update [39m[2m/src/index.css, /src/routes/AppRoutes.tsx[22m
[2m6:48:49 PM[22m [36m[1m[vite][22m[39m [90m[2m(client)[22m[39m [32mhmr update [39m[2m/src/index.css, /src/routes/AppRoutes.tsx[22m
[2m6:49:49 PM[22m [36m[1m[vite][22m[39m [90m[2m(client)[22m[39m [32mhmr update [39m[2m/src/index.css, /src/routes/AppRoutes.tsx[22m
[2m6:49:49 PM[22m [36m[1m[vite][22m[39m [90m[2m(client)[22m[39m [32mhmr update [39m[2m/src/index.css, /src/routes/AppRoutes.tsx[22m
[2m6:50:59 PM[22m [36m[1m[vite][22m[39m [90m[2m(client)[22m[39m [32mhmr update [39m[2m/src/pages/procurement/ProcurementManagerPage.tsx, /src/index.css[22m
[2m6:51:00 PM[22m [36m[1m[vite][22m[39m [90m[2m(client)[22m[39m [32mhmr update [39m[2m/src/pages/procurement/ProcurementManagerPage.tsx, /src/index.css[22m
[2m6:51:34 PM[22m [36m[1m[vite][22m[39m [90m[2m(client)[22m[39m [32mhmr update [39m[2m/src/index.css, /src/routes/AppRoutes.tsx[22m
[2m6:51:35 PM[22m [36m[1m[vite][22m[39m [90m[2m(client)[22m[39m [32mhmr update [39m[2m/src/index.css, /src/routes/AppRoutes.tsx[22m
[2m6:52:17 PM[22m [36m[1m[vite][22m[39m [90m[2m(client)[22m[39m [32mpage reload [39m[2msrc/test/EmployeePurchaseRequest.test.tsx[22m
[2m6:52:17 PM[22m [36m[1m[vite][22m[39m [90m[2m(client)[22m[39m [32mpage reload [39m[2msrc/test/EmployeePurchaseRequest.test.tsx[22m
[2m6:52:40 PM[22m [36m[1m[vite][22m[39m [90m[2m(client)[22m[39m [32mpage reload [39m[2msrc/test/ReviewerPurchaseRequest.test.tsx[22m
[2m6:52:41 PM[22m [36m[1m[vite][22m[39m [90m[2m(client)[22m[39m [32mpage reload [39m[2msrc/test/ReviewerPurchaseRequest.test.tsx[22m
[2m7:26:58 PM[22m [36m[1m[vite][22m[39m [90m[2m(client)[22m[39m [32mhmr update [39m[2m/src/pages/reviewer/ReviewPurchaseRequestPage.tsx, /src/index.css[22m
[2m7:26:59 PM[22m [36m[1m[vite][22m[39m [90m[2m(client)[22m[39m [32mhmr update [39m[2m/src/index.css, /src/routes/AppRoutes.tsx[22m
[2m7:27:15 PM[22m [36m[1m[vite][22m[39m [90m[2m(client)[22m[39m [32mhmr update [39m[2m/src/components/reviewer/ReviewerChecklist.tsx, /src/index.css[22m
[2m7:30:07 PM[22m [36m[1m[vite][22m[39m [90m[2m(client)[22m[39m [32mpage reload [39m[2msrc/test/EmployeePurchaseRequest.test.tsx[22m
[2m7:30:09 PM[22m [36m[1m[vite][22m[39m [90m[2m(client)[22m[39m [32mpage reload [39m[2msrc/test/EmployeePurchaseRequest.test.tsx[22m
[2m7:30:35 PM[22m [36m[1m[vite][22m[39m [90m[2m(client)[22m[39m [32mpage reload [39m[2msrc/test/EmployeePurchaseRequest.test.tsx[22m
[2m7:30:36 PM[22m [36m[1m[vite][22m[39m [90m[2m(client)[22m[39m [32mpage reload [39m[2msrc/test/EmployeePurchaseRequest.test.tsx[22m
[2m7:31:05 PM[22m [36m[1m[vite][22m[39m [90m[2m(client)[22m[39m [32mpage reload [39m[2msrc/test/EmployeePurchaseRequest.test.tsx[22m
[2m7:31:06 PM[22m [36m[1m[vite][22m[39m [90m[2m(client)[22m[39m [32mpage reload [39m[2msrc/test/EmployeePurchaseRequest.test.tsx[22m
[2m7:31:51 PM[22m [36m[1m[vite][22m[39m [90m[2m(client)[22m[39m [32mpage reload [39m[2msrc/test/EmployeePurchaseRequest.test.tsx[22m
[2m7:31:51 PM[22m [36m[1m[vite][22m[39m [90m[2m(client)[22m[39m [32mpage reload [39m[2msrc/test/EmployeePurchaseRequest.test.tsx[22m
[2m7:46:54 PM[22m [36m[1m[vite][22m[39m [90m[2m(client)[22m[39m [32mhmr update [39m[2m/src/components/ui/Table.tsx, /src/index.css[22m
[2m7:46:55 PM[22m [36m[1m[vite][22m[39m [90m[2m(client)[22m[39m [32mhmr update [39m[2m/src/index.css, /src/pages/admin/PermissionsPage.tsx, /src/pages/accounting/AccountingPurchaseOrderDetailsPage.tsx, /src/pages/reviewer/ReviewerPurchaseRequestDetailsPage.tsx, /src/pages/admin/RolesPage.tsx, /src/pages/admin/CategoriesPage.tsx, /src/pages/accounting/AccountingPurchaseOrdersPage.tsx, /src/pages/general-manager/GeneralManagerPurchaseOrderDetailsPage.tsx, /src/pages/reviewer/ReviewerDashboardPage.tsx, /src/pages/general-manager/GeneralManagerPurchaseOrdersPage.tsx, /src/pages/admin/DepartmentsPage.tsx, /src/pages/admin/UsersPage.tsx, /src/pages/employee/PurchaseRequestDetailsPage.tsx, /src/pages/admin/ItemsPage.tsx, /src/pages/reviewer/ReviewerRequestsPage.tsx, /src/pages/reviewer/ReviewPurchaseRequestPage.tsx, /src/pages/admin/SuppliersPage.tsx, /src/components/purchase-requests/PurchaseRequestTable.tsx[22m
[2m7:47:15 PM[22m [36m[1m[vite][22m[39m [90m[2m(client)[22m[39m [32mhmr update [39m[2m/src/layouts/AuthenticatedLayout.tsx, /src/index.css[22m
[2m7:47:16 PM[22m [36m[1m[vite][22m[39m [90m[2m(client)[22m[39m [32mhmr update [39m[2m/src/index.css, /src/routes/AppRoutes.tsx[22m
[2m7:47:47 PM[22m [36m[1m[vite][22m[39m [90m[2m(client)[22m[39m [32mhmr update [39m[2m/src/layouts/AuthenticatedLayout.tsx, /src/index.css[22m
[2m7:47:48 PM[22m [36m[1m[vite][22m[39m [90m[2m(client)[22m[39m [32mhmr update [39m[2m/src/index.css, /src/routes/AppRoutes.tsx[22m
[2m7:48:02 PM[22m [36m[1m[vite][22m[39m [90m[2m(client)[22m[39m [32mhmr update [39m[2m/src/components/ui/Modal.tsx, /src/index.css[22m
[2m7:48:03 PM[22m [36m[1m[vite][22m[39m [90m[2m(client)[22m[39m [32mhmr update [39m[2m/src/index.css, /src/pages/admin/CategoriesPage.tsx, /src/pages/admin/DepartmentsPage.tsx, /src/pages/admin/UsersPage.tsx, /src/pages/admin/ItemsPage.tsx, /src/pages/admin/SuppliersPage.tsx, /src/components/reviewer/AddReviewItemDialog.tsx, /src/components/reviewer/RejectRequestDialog.tsx, /src/components/purchase-requests/SubmitRequestDialog.tsx, /src/components/purchase-requests/DeleteRequestDialog.tsx, /src/components/reviewer/ApproveRequestDialog.tsx[22m
[2m7:48:48 PM[22m [36m[1m[vite][22m[39m [90m[2m(client)[22m[39m [32mhmr update [39m[2m/src/components/procurement/DirectPoModal.tsx, /src/index.css[22m
[2m7:48:50 PM[22m [36m[1m[vite][22m[39m [90m[2m(client)[22m[39m [32mhmr update [39m[2m/src/components/procurement/DirectPoModal.tsx, /src/index.css[22m
[2m7:49:13 PM[22m [36m[1m[vite][22m[39m [90m[2m(client)[22m[39m [32mhmr update [39m[2m/src/index.css[22m
[2m7:49:14 PM[22m [36m[1m[vite][22m[39m [90m[2m(client)[22m[39m [32mhmr update [39m[2m/src/index.css[22m
[2m7:57:06 PM[22m [36m[1m[vite][22m[39m [90m[2m(client)[22m[39m [32mhmr update [39m[2m/src/pages/employee/CreatePurchaseRequestPage.tsx, /src/index.css[22m
[2m7:57:06 PM[22m [36m[1m[vite][22m[39m [90m[2m(client)[22m[39m [32mhmr update [39m[2m/src/routes/AppRoutes.tsx, /src/index.css[22m
[2m8:00:59 PM[22m [36m[1m[vite][22m[39m [90m[2m(client)[22m[39m [32mhmr update [39m[2m/src/components/purchase-requests/PRWizardStep2.tsx, /src/index.css[22m
[2m8:01:00 PM[22m [36m[1m[vite][22m[39m [90m[2m(client)[22m[39m [32mhmr update [39m[2m/src/pages/employee/CreatePurchaseRequestPage.tsx, /src/index.css[22m
[2m8:01:16 PM[22m [36m[1m[vite][22m[39m [90m[2m(client)[22m[39m [32mhmr update [39m[2m/src/components/procurement/DirectPoModal.tsx, /src/index.css[22m
[2m8:01:16 PM[22m [36m[1m[vite][22m[39m [90m[2m(client)[22m[39m [32mhmr update [39m[2m/src/components/procurement/DirectPoModal.tsx, /src/index.css[22m
[2m8:02:29 PM[22m [36m[1m[vite][22m[39m [90m[2m(client)[22m[39m [32mhmr update [39m[2m/src/index.css, /src/components/purchase-requests/PRWizardStep2.tsx[22m
[2m8:02:30 PM[22m [36m[1m[vite][22m[39m [90m[2m(client)[22m[39m [32mhmr update [39m[2m/src/index.css, /src/components/purchase-requests/PRWizardStep2.tsx[22m
[2m8:02:51 PM[22m [36m[1m[vite][22m[39m [90m[2m(client)[22m[39m [32mhmr update [39m[2m/src/pages/admin/ItemsPage.tsx, /src/index.css[22m
[2m8:02:52 PM[22m [36m[1m[vite][22m[39m [90m[2m(client)[22m[39m [32mhmr update [39m[2m/src/routes/AppRoutes.tsx, /src/index.css[22m
[2m8:08:30 PM[22m [36m[1m[vite][22m[39m [90m[2m(client)[22m[39m [32mhmr update [39m[2m/src/index.css, /src/components/purchase-requests/PRWizardStep2.tsx, /src/pages/admin/ItemsPage.tsx[22m
[2m8:08:31 PM[22m [36m[1m[vite][22m[39m [90m[2m(client)[22m[39m [32mhmr update [39m[2m/src/index.css, /src/components/purchase-requests/PRWizardStep2.tsx, /src/pages/admin/ItemsPage.tsx[22m
[2m8:08:49 PM[22m [36m[1m[vite][22m[39m [90m[2m(client)[22m[39m [32mhmr update [39m[2m/src/components/purchase-requests/PRWizardStep2.tsx, /src/index.css[22m
[2m8:08:50 PM[22m [36m[1m[vite][22m[39m [90m[2m(client)[22m[39m [32mhmr update [39m[2m/src/pages/employee/CreatePurchaseRequestPage.tsx, /src/index.css[22m
[2m8:09:09 PM[22m [36m[1m[vite][22m[39m [90m[2m(client)[22m[39m [32mhmr update [39m[2m/src/components/procurement/DirectPoModal.tsx, /src/index.css[22m
[2m8:09:10 PM[22m [36m[1m[vite][22m[39m [90m[2m(client)[22m[39m [32mhmr update [39m[2m/src/components/procurement/DirectPoModal.tsx, /src/index.css[22m
[2m8:09:22 PM[22m [36m[1m[vite][22m[39m [90m[2m(client)[22m[39m [32mhmr update [39m[2m/src/pages/admin/ItemsPage.tsx, /src/index.css[22m
[2m8:09:22 PM[22m [36m[1m[vite][22m[39m [90m[2m(client)[22m[39m [32mhmr update [39m[2m/src/routes/AppRoutes.tsx, /src/index.css[22m
[2m8:18:39 PM[22m [36m[1m[vite][22m[39m [90m[2m(client)[22m[39m [32mhmr update [39m[2m/src/components/purchase-requests/PRWizardStep2.tsx, /src/index.css[22m
[2m8:18:40 PM[22m [36m[1m[vite][22m[39m [90m[2m(client)[22m[39m [32mhmr update [39m[2m/src/pages/employee/CreatePurchaseRequestPage.tsx, /src/index.css[22m
[2m8:23:43 PM[22m [36m[1m[vite][22m[39m [90m[2m(client)[22m[39m [32mhmr update [39m[2m/src/components/purchase-requests/PurchaseRequestPrintModal.tsx, /src/index.css[22m
[2m8:23:44 PM[22m [36m[1m[vite][22m[39m [90m[2m(client)[22m[39m [32mhmr update [39m[2m/src/pages/employee/PurchaseRequestDetailsPage.tsx, /src/index.css[22m
