E:\purchasing system\src\pages\accounting\AccountingPurchaseOrderDetailsPage.tsx:97:<div><strong className="text-slate-400">رئيس القسم المعتمد:</strong> <span className="font-bold text-emerald-300">{po.department_approver?.name || po.purchase_request?.assigned_reviewer?.name || '—'}</span></div>
E:\purchasing system\src\pages\accounting\AccountingPurchaseOrdersPage.tsx:57:const approver = po.department_approver?.name || po.purchase_request?.assigned_reviewer?.name || '';
E:\purchasing system\src\pages\accounting\AccountingPurchaseOrdersPage.tsx:136:<TableCell className="font-bold text-emerald-300">{x.department_approver?.name || x.purchase_request?.assigned_reviewer?.name || '—'}</TableCell>
E:\purchasing system\src\pages\accounting\AccountingPurchaseRequestsPage.tsx:7:AccountingReviewFinancialData,
E:\purchasing system\src\pages\accounting\AccountingPurchaseRequestsPage.tsx:18:import DirectAccountingReviewModal from '../../components/procurement/DirectAccountingReviewModal';
E:\purchasing system\src\pages\accounting\AccountingPurchaseRequestsPage.tsx:28:const [reviewingRequest, setReviewingRequest] = useState<PurchaseRequest | null>(null);
E:\purchasing system\src\pages\accounting\AccountingPurchaseRequestsPage.tsx:55:const searchableText = [request.request_number, request.department?.name, request.target_department?.name, request.direct_supplier?.company_name, request.requester?.name, request.assigned_reviewer?.name, firstItem?.item_description, firstItem?.item_reference, firstItem?.region].filter(Boolean).join(' ').toLocaleLowerCase('ar-EG');
E:\purchasing system\src\pages\accounting\AccountingPurchaseRequestsPage.tsx:60:const approve = async (request: PurchaseRequest, financialData: AccountingReviewFinancialData) => {
E:\purchasing system\src\pages\accounting\AccountingPurchaseRequestsPage.tsx:69:setReviewingRequest(null);
E:\purchasing system\src\pages\accounting\AccountingPurchaseRequestsPage.tsx:99:<h1 className="text-xl font-black text-slate-100">طلبات الموافقة المالية المباشرة</h1>
E:\purchasing system\src\pages\accounting\AccountingPurchaseRequestsPage.tsx:100:<p className="mt-1 text-sm text-slate-400">طلبات شراء مباشرة أرسلها مدير المشتريات للمراجعة المالية. بعد الموافقة تعود إلى مدير المشتريات لإنشاء أمر الشراء.</p>
E:\purchasing system\src\pages\accounting\AccountingPurchaseRequestsPage.tsx:120:<Card className="py-12 text-center text-slate-400">{requests.length ? 'لا توجد طلبات مطابقة للفلاتر الحالية.' : 'لا توجد طلبات بانتظار الموافقة المالية المباشرة.'}</Card>
E:\purchasing system\src\pages\accounting\AccountingPurchaseRequestsPage.tsx:125:<span className="text-xs text-slate-500">الموافقة تعيد الطلب إلى مدير المشتريات لإنشاء أمر الشراء</span>
E:\purchasing system\src\pages\accounting\AccountingPurchaseRequestsPage.tsx:152:<TableCell>{request.assigned_reviewer?.name || '—'}</TableCell>
E:\purchasing system\src\pages\accounting\AccountingPurchaseRequestsPage.tsx:162:<Button size="sm" variant="success" disabled={actionId === request.id} onClick={() => setReviewingRequest(request)}>مراجعة وتعديل ثم إرسال للمشتريات</Button>
E:\purchasing system\src\pages\accounting\AccountingPurchaseRequestsPage.tsx:180:<DirectAccountingReviewModal
E:\purchasing system\src\pages\accounting\AccountingPurchaseRequestsPage.tsx:181:request={reviewingRequest}
E:\purchasing system\src\pages\accounting\AccountingPurchaseRequestsPage.tsx:183:isOpen={Boolean(reviewingRequest)}
E:\purchasing system\src\pages\accounting\AccountingPurchaseRequestsPage.tsx:184:reviewMode="accounting"
E:\purchasing system\src\pages\accounting\AccountingPurchaseRequestsPage.tsx:185:onConfirm={(financialData) => { if (reviewingRequest) void approve(reviewingRequest, financialData); }}
E:\purchasing system\src\pages\accounting\AccountingPurchaseRequestsPage.tsx:186:onClose={() => { if (actionId === null) setReviewingRequest(null); }}
E:\purchasing system\src\pages\accounting\AccountingPurchaseRequestsPage.tsx:187:isSubmitting={actionId === reviewingRequest?.id}
E:\purchasing system\src\pages\accounting\SupplierPaymentsPage.tsx:62:const [documentPreview, setDocumentPreview] = useState<ApprovedReceipt | null>(null);
E:\purchasing system\src\pages\accounting\SupplierPaymentsPage.tsx:99:setDocumentPreview(requestedReceipt);
E:\purchasing system\src\pages\accounting\SupplierPaymentsPage.tsx:103:setDocumentPreview(linkedReceipt as unknown as ApprovedReceipt);
E:\purchasing system\src\pages\accounting\SupplierPaymentsPage.tsx:375:{filteredReceipts.map(receipt => <TableRow key={receipt.id}><TableCell className="font-mono font-bold text-cyan-300">{receipt.receipt_number}</TableCell><TableCell className="font-mono">{receipt.purchase_order?.po_number || '—'}</TableCell><TableCell>{receipt.purchase_order?.supplier?.company_name || '—'}</TableCell><TableCell>{receipt.purchase_order?.purchase_request?.department?.name || '—'}</TableCell><TableCell className="font-mono">{receipt.received_at || '—'}</TableCell><TableCell className="font-mono font-bold text-emerald-300">{money(receiptValue(receipt))}</TableCell><TableCell><div className="flex flex-wrap gap-2"><Button size="sm" variant="secondary" onClick={() => setDocumentPreview(receipt)}>عرض</Button><Button size="sm" variant="primary" onClick={() => openInvoiceForm(receipt)}>تسجيل فاتورة</Button></div></TableCell></TableRow>)}
E:\purchasing system\src\pages\accounting\SupplierPaymentsPage.tsx:404:{documentPreview && createPortal(<div className="modal-top-viewport fixed inset-0 z-50 flex items-center justify-center overflow-y-auto bg-slate-950/85 p-2 sm:p-4" role="dialog" aria-modal="true"><div className="max-h-[calc(100vh-1rem)] w-full max-w-6xl space-y-5 overflow-y-auto rounded-2xl border border-cyan-800/70 bg-slate-900 p-4 shadow-2xl sm:max-h-[calc(100vh-2rem)] sm:p-5"><div className="flex items-start justify-between gap-4"><div><h2 className="text-lg font-black text-slate-100">مراجعة أمر الشراء وإذن الاستلام</h2><p className="mt-1 text-xs text-slate-400">المستندان مرتبطان بنفس الطلب ويمكنك مراجعتهما قبل إنشاء فاتورة المورد.</p></div><button type="button" onClick={() => setDocumentPreview(null)} className="inline-flex h-10 w-10 shrink-0 items-center justify-center rounded-lg text-2xl font-black text-slate-300 transition-colors hover:bg-slate-800 hover:text-white focus:outline-none focus:ring-2 focus:ring-cyan-400" aria-label="إغلاق النافذة" title="إغلاق النافذة">×</button></div><div className="grid grid-cols-1 gap-4 lg:grid-cols-2"><div className="rounded-xl border border-cyan-800/60 bg-cyan-950/20 p-4"><h3 className="text-sm font-black text-cyan-200">أمر الشراء</h3><div className="mt-3 grid grid-cols-2 gap-3 text-xs"><div><span className="text-slate-500">الرقم</span><p className="mt-1 font-mono font-bold text-cyan-300">{documentPreview.purchase_order?.po_number || `PO #${documentPreview.purchase_order_id}`}</p></div><div><span className="text-slate-500">المورد</span><p className="mt-1 font-bold text-slate-200">{documentPreview.purchase_order?.supplier?.company_name || '—'}</p></div><div><span className="text-slate-500">الإجمالي</span><p className="mt-1 font-mono font-bold text-emerald-300">{money(documentPreview.purchase_order?.grand_total)}</p></div><div><span className="text-slate-500">حالة الأمر</span><p className="mt-1 font-bold text-slate-200">{documentPreview.purchase_order?.status || '—'}</p></div></div></div><div className="rounded-xl border border-amber-800/60 bg-amber-950/20 p-4"><h3 className="text-sm font-black text-amber-200">إذن الاستلام</h3><div className="mt-3 grid grid-cols-2 gap-3 text-xs"><div><span className="text-slate-500">الرقم</span><p className="mt-1 font-mono font-bold text-amber-300">{documentPreview.receipt_number}</p></div><div><span className="text-slate-500">الحالة</span><p className="mt-1 font-bold text-slate-200">{documentPreview.status}</p></div><div><span className="text-slate-500">تاريخ الاستلام</span><p className="mt-1 font-bold text-slate-200">{documentPreview.received_at || '—'}</p></div><div><span className="text-slate-500">اعتماد الموقع</span><p className="mt-1 font-bold text-slate-200">{documentPreview.site_engineer_approved_at || '—'}</p></div></div></div></div><div className="grid grid-cols-1 gap-4 lg:grid-cols-3"><div className="rounded-xl border border-slate-700 bg-slate-950/50 p-4"><h3 className="text-sm font-black text-slate-100">بيانات دورة الطلب</h3><div className="mt-3 space-y-2 text-xs"><p><span className="text-slate-500">رقم طلب الشراء:</span> <strong className="font-mono text-cyan-300">{documentPreview.purchase_order?.purchase_request?.request_number || '—'}</strong></p><p><span className="text-slate-500">مقدم الطلب:</span> <strong>{documentPreview.purchase_order?.purchase_request?.requester?.name || '—'}</strong></p><p><span className="text-slate-500">القسم:</span> <strong>{documentPreview.purchase_order?.purchase_request?.department?.name || '—'}</strong></p><p><span className="text-slate-500">المراجع:</span> <strong>{documentPreview.purchase_order?.purchase_request?.assigned_reviewer?.name || '—'}</strong></p><p><span className="text-slate-500">مهندس الموقع:</span> <strong>{documentPreview.purchase_order?.purchase_request?.site_engineer?.name || documentPreview.site_engineer?.name || '—'}</strong></p><p><span className="text-slate-500">تاريخ الاحتياج:</span> <strong>{documentPreview.purchase_order?.purchase_request?.date_needed || '—'}</strong></p><p><span className="text-slate-500">ملاحظات الطلب:</span> <strong>{documentPreview.purchase_order?.purchase_request?.notes || '—'}</strong></p></div></div><div className="rounded-xl border border-cyan-800/50 bg-cyan-950/20 p-4"><h3 className="text-sm font-black text-cyan-200">بيانات أمر الشراء المالية والتجارية</h3><div className="mt-3 space-y-2 text-xs"><p><span className="text-slate-500">أنشأه:</span> <strong>{documentPreview.purchase_order?.created_by?.name || '—'}</strong></p><p><span className="text-slate-500">راجعته الحسابات:</span> <strong>{documentPreview.purchase_order?.accounting_reviewer?.name || '—'}</strong></p><p><span className="text-slate-500">العملة:</span> <strong>{documentPreview.purchase_order?.currency || 'EGP'}</strong></p><p><span className="text-slate-500">الإجمالي قبل الإضافات:</span> <strong>{money(documentPreview.purchase_order?.subtotal)}</strong></p><p><span className="text-slate-500">شروط الدفع:</span> <strong>{documentPreview.purchase_order?.payment_terms || '—'}</strong></p><p><span className="text-slate-500">شروط التوريد:</span> <strong>{documentPreview.purchase_order?.delivery_terms || '—'}</strong></p><p><span className="text-slate-500">تاريخ التوريد المتوقع:</span> <strong>{documentPreview.purchase_order?.delivery_date || '—'}</strong></p><p><span className="text-slate-500">ملاحظات مالية:</span> <strong>{documentPreview.purchase_order?.financial_notes || '—'}</strong></p><p><span className="text-slate-500">ملاحظات الأمر:</span> <strong>{documentPreview.purchase_order?.notes || '—'}</strong></p></div></div><div className="rounded-xl border border-amber-800/50 bg-amber-950/20 p-4"><h3 className="text-sm font-black text-amber-200">بيانات الاستلام والتوريد</h3><div className="mt-3 space-y-2 text-xs"><p><span className="text-slate-500">أمين المخزن:</span> <strong>{documentPreview.warehouse_keeper?.name || '—'}</strong></p><p><span className="text-slate-500">وقت إرسال الاستلام:</span> <strong>{documentPreview.warehouse_submitted_at || '—'}</strong></p><p><span className="text-slate-500">ملاحظات المخزن:</span> <strong>{documentPreview.warehouse_notes || '—'}</strong></p><p><span className="text-slate-500">مهندس الموقع:</span> <strong>{documentPreview.site_engineer?.name || '—'}</strong></p><p><span className="text-slate-500">وقت اعتماد الموقع:</span> <strong>{documentPreview.site_engineer_approved_at || '—'}</strong></p><p><span className="text-slate-500">ملاحظات مهندس الموقع:</span> <strong>{documentPreview.site_engineer_notes || '—'}</strong></p><p><span className="text-slate-500">سبب الرفض:</span> <strong>{documentPreview.rejection_reason || '—'}</strong></p></div></div></div><div className="rounded-xl border border-slate-700 bg-slate-950/50 p-4"><h3 className="mb-3 text-sm font-black text-slate-100">تفاصيل البنود في المستندين</h3><div className="overflow-x-auto"><Table><TableHeader><TableRow><TableHead>الصنف</TableHead><TableHead>رقم قطعة الأرض</TableHead><TableHead>المنطقة</TableHead><TableHead>كمية PR</TableHead><TableHead>كمية PO</TableHead><TableHead>المستلم</TableHead><TableHead>الوحدة</TableHead><TableHead>سعر الوحدة</TableHead><TableHead>إجمالي البند</TableHead><TableHead>المواصفات والملاحظات</TableHead></TableRow></TableHeader><TableBody>{(documentPreview.items || []).map((item) => { const poItem = item.purchase_order_item; return <TableRow key={item.id}><TableCell>{poItem?.item_name || poItem?.item_description || '—'}</TableCell><TableCell className="font-mono font-bold text-cyan-300">{poItem?.item_reference || '—'}</TableCell><TableCell>{poItem?.region || '—'}</TableCell><TableCell className="font-mono">{poItem?.pr_item?.quantity ?? '—'}</TableCell><TableCell className="font-mono">{item.ordered_quantity}</TableCell><TableCell className="font-mono font-bold text-emerald-300">{item.received_quantity}</TableCell><TableCell>{poItem?.uom || '—'}</TableCell><TableCell className="font-mono">{money(poItem?.unit_price)}</TableCell><TableCell className="font-mono font-bold">{money(Number(item.received_quantity || 0) * Number(poItem?.unit_price || 0))}</TableCell><TableCell className="max-w-xs whitespace-normal text-xs text-slate-300"><div>مواصفات: {poItem?.specifications || poItem?.pr_item?.specifications || '—'}</div><div>ملاحظات: {item.notes || poItem?.pr_item?.notes || '—'}</div></TableCell></TableRow>; })}</TableBody></Table></div></div><div className="flex justify-end gap-2"><Button type="button" variant="secondary" onClick={() => setDocumentPreview(null)}>إغلاق</Button><Button type="button" variant="primary" onClick={() => { const receipt = documentPreview; setDocumentPreview(null); openInvoiceForm(receipt); }}>تسجيل فاتورة المورد</Button></div></div></div>, document.body)}
E:\purchasing system\src\pages\admin\AdminSystemMonitoringPage.tsx:23:UNDER_REVIEW: 'قيد المراجعة',
E:\purchasing system\src\pages\admin\AdminSystemMonitoringPage.tsx:28:PENDING_ACCOUNTING_REVIEW: 'بانتظار الحسابات',
E:\purchasing system\src\pages\admin\UsersPage.tsx:29:reviewer: 'المراجع',
E:\purchasing system\src\pages\employee\CreatePurchaseRequestPage.tsx:31:reviewer_user_id: undefined,
E:\purchasing system\src\pages\employee\EditPurchaseRequestPage.tsx:12:const REQUESTER_EDITABLE_STATUSES = ['DRAFT', 'SUBMITTED', 'UNDER_REVIEW'];
E:\purchasing system\src\pages\employee\EmployeeDashboardPage.tsx:53:(r) => r.status === 'SUBMITTED' || r.status === 'UNDER_REVIEW'
E:\purchasing system\src\pages\employee\EmployeeDashboardPage.tsx:56:r.status === 'APPROVED_BY_REVIEWER' || r.status === 'PENDING_PROCUREMENT_APPROVAL' || r.status === 'APPROVED_BY_PROCUREMENT'
E:\purchasing system\src\pages\employee\PurchaseRequestDetailsPage.tsx:26:const REQUESTER_EDITABLE_STATUSES = ['DRAFT', 'SUBMITTED', 'UNDER_REVIEW'];
E:\purchasing system\src\pages\employee\PurchaseRequestDetailsPage.tsx:27:const REVIEWER_DECISION_STATUSES = ['REJECTED', 'APPROVED_BY_REVIEWER', 'PENDING_PROCUREMENT_APPROVAL', 'APPROVED_BY_PROCUREMENT', 'PO_DRAFT', 'ISSUED'];
E:\purchasing system\src\pages\employee\PurchaseRequestDetailsPage.tsx:117:const reviewerDecisionFinal = REVIEWER_DECISION_STATUSES.includes(requestData.status);
E:\purchasing system\src\pages\employee\PurchaseRequestDetailsPage.tsx:130:{['SUBMITTED', 'UNDER_REVIEW'].includes(requestData.status) && (
E:\purchasing system\src\pages\employee\PurchaseRequestDetailsPage.tsx:136:{reviewerDecisionFinal && (
E:\purchasing system\src\pages\employee\PurchaseRequestsPage.tsx:21:const EMPLOYEE_REVIEW_STATUSES = new Set(['UNDER_REVIEW']);
E:\purchasing system\src\pages\employee\PurchaseRequestsPage.tsx:24:'APPROVED_BY_REVIEWER',
E:\purchasing system\src\pages\employee\PurchaseRequestsPage.tsx:100:activeFilter === 'PENDING' ? EMPLOYEE_REVIEW_STATUSES.has(r.status) :
E:\purchasing system\src\pages\employee\PurchaseRequestsPage.tsx:111:r.assigned_reviewer?.name,
E:\purchasing system\src\pages\employee\PurchaseRequestsPage.tsx:203:قيد المراجعة ({requests.filter(r => EMPLOYEE_REVIEW_STATUSES.has(r.status)).length})
E:\purchasing system\src\pages\general-manager\GeneralManagerDashboardPage.tsx:82:{ label: 'في انتظار الحسابات', value: filteredPos.filter((po) => po.status === 'PENDING_ACCOUNTING_REVIEW').length, color: '#f59e0b' },
E:\purchasing system\src\pages\general-manager\GeneralManagerPurchaseOrderDetailsPage.tsx:110:<span className="font-semibold text-emerald-300">{po.department_approver?.name || po.purchase_request?.assigned_reviewer?.name || '—'}</span>
E:\purchasing system\src\pages\general-manager\GeneralManagerPurchaseRequestsPage.tsx:182:<td className="px-4 py-3">{request.assigned_reviewer?.name || '—'}</td>
E:\purchasing system\src\pages\general-manager\GeneralManagerPurchaseRequestsPage.tsx:205:<div className="rounded-xl border border-slate-800 bg-slate-900/60 p-3 text-xs"><span className="text-slate-500">المراجع</span><div className="mt-1 font-bold text-slate-100">{selected.assigned_reviewer?.name || '—'}</div></div>
E:\purchasing system\src\pages\general-manager\GeneralManagerReportsPage.tsx:15:UNDER_REVIEW: 'قيد المراجعة',
E:\purchasing system\src\pages\general-manager\GeneralManagerReportsPage.tsx:17:APPROVED_BY_REVIEWER: 'معتمد من المراجع',
E:\purchasing system\src\pages\general-manager\GeneralManagerReportsPage.tsx:25:PENDING_ACCOUNTING_REVIEW: 'بانتظار الحسابات',
E:\purchasing system\src\pages\general-manager\GeneralManagerReportsPage.tsx:55:if (['UNDER_REVIEW', 'PENDING_ACCOUNTING_REVIEW', 'PENDING_PROCUREMENT_APPROVAL', 'PARTIAL'].includes(status)) {
E:\purchasing system\src\pages\procurement\ApprovedPurchaseRequestsPage.tsx:186:{/* PR Preview Modal */}
E:\purchasing system\src\pages\procurement\CreatePurchaseOrderPage.tsx:239:<span className="font-bold text-emerald-300">{pr.assigned_reviewer?.name || 'غير محدد'}</span>
E:\purchasing system\src\pages\procurement\ProcurementDashboardPage.tsx:114:value={countStatus('PENDING_ACCOUNTING_REVIEW')}
E:\purchasing system\src\pages\procurement\ProcurementDashboardPage.tsx:246:{/* Purchase Order طباعة Preview Modal */}
E:\purchasing system\src\pages\procurement\ProcurementManagerPage.tsx:27:import DirectAccountingReviewModal from '../../components/procurement/DirectAccountingReviewModal';
E:\purchasing system\src\pages\procurement\ProcurementManagerPage.tsx:46:PENDING_ACCOUNTING_REVIEW: 'بانتظار الحسابات',
E:\purchasing system\src\pages\procurement\ProcurementManagerPage.tsx:50:APPROVED_BY_REVIEWER: 'معتمد من المراجع',
E:\purchasing system\src\pages\procurement\ProcurementManagerPage.tsx:52:PENDING_ACCOUNTING_APPROVAL: 'بانتظار الموافقة المالية',
E:\purchasing system\src\pages\procurement\ProcurementManagerPage.tsx:58:UNDER_REVIEW: 'قيد المراجعة',
E:\purchasing system\src\pages\procurement\ProcurementManagerPage.tsx:65:const reviewerName = (request: PurchaseRequest, departments: ProcurementDepartmentOption[]) => request.approval_history?.find((entry) => entry.action === 'APPROVED_BY_REVIEWER')?.actor?.name || request.assigned_reviewer?.name || departments.find((department) => department.id === request.department?.id || department.name === request.department?.name)?.manager?.name || '—';
E:\purchasing system\src\pages\procurement\ProcurementManagerPage.tsx:524:<TableCell>{reviewerName(request, departments)}</TableCell>
E:\purchasing system\src\pages\procurement\ProcurementManagerPage.tsx:571:<div><dt className="text-slate-500">رئيس القسم</dt><dd className="mt-1 break-words text-slate-200">{reviewerName(request, departments)}</dd></div>
E:\purchasing system\src\pages\procurement\ProcurementManagerPage.tsx:743:<DirectAccountingReviewModal
E:\purchasing system\src\pages\procurement\ProcurementReportsPage.tsx:132:<option value="PENDING_ACCOUNTING_REVIEW">مراجعة المحاسبة</option>
E:\purchasing system\src\pages\procurement\PurchaseOrderDetailsPage.tsx:161:<div className="flex justify-between"><span className="text-slate-400">رئيس القسم المعتمد:</span><span className="text-emerald-300 font-bold">{po.department_approver?.name || po.purchase_request?.assigned_reviewer?.name || '—'}</span></div>
E:\purchasing system\src\pages\procurement\PurchaseOrderDetailsPage.tsx:231:{/* طباعة Preview Modal */}
E:\purchasing system\src\pages\procurement\PurchaseOrdersPage.tsx:85:{ key: 'PENDING_ACCOUNTING_REVIEW', label: 'بانتظار مراجعة الحسابات' },
E:\purchasing system\src\pages\reviewer\ReviewerDashboardPage.tsx:7:import { getReviewableRequestsApi } from '../../api/reviewer';
E:\purchasing system\src\pages\reviewer\ReviewerDashboardPage.tsx:17:export const ReviewerDashboardPage: React.FC = () => {
E:\purchasing system\src\pages\reviewer\ReviewerDashboardPage.tsx:27:const data = await getReviewableRequestsApi();
E:\purchasing system\src\pages\reviewer\ReviewerDashboardPage.tsx:41:const underReviewCount = requests.filter((r) => r.status === 'UNDER_REVIEW').length;
E:\purchasing system\src\pages\reviewer\ReviewerDashboardPage.tsx:42:const approvedCount = requests.filter((r) => r.status === 'APPROVED_BY_REVIEWER' || r.status === 'PENDING_PROCUREMENT_APPROVAL').length;
E:\purchasing system\src\pages\reviewer\ReviewerDashboardPage.tsx:46:{ label: 'قيد المراجعة', value: underReviewCount, color: '#06b6d4' },
E:\purchasing system\src\pages\reviewer\ReviewerDashboardPage.tsx:69:<Link to="/reviewer/requests">
E:\purchasing system\src\pages\reviewer\ReviewerDashboardPage.tsx:89:value={underReviewCount}
E:\purchasing system\src\pages\reviewer\ReviewerDashboardPage.tsx:112:📋 طلبات تنتظر المراجعة والاعتماد
E:\purchasing system\src\pages\reviewer\ReviewerDashboardPage.tsx:117:لا توجد طلبات شراء تنتظر المراجعة حالياً ضمن اختصاصك.
E:\purchasing system\src\pages\reviewer\ReviewerDashboardPage.tsx:134:<Link to={`/reviewer/requests/${pr.id}`} className="hover:underline">
E:\purchasing system\src\pages\reviewer\ReviewerDashboardPage.tsx:145:<Link to={`/reviewer/requests/${pr.id}`}>
E:\purchasing system\src\pages\reviewer\ReviewerDashboardPage.tsx:151:{pr.status === 'SUBMITTED' && hasPermission('purchase_request.review') && (
E:\purchasing system\src\pages\reviewer\ReviewerDashboardPage.tsx:152:<Link to={`/reviewer/requests/${pr.id}/review`}>
E:\purchasing system\src\pages\reviewer\ReviewerDashboardPage.tsx:154:Start Review / بدء المراجعة
E:\purchasing system\src\pages\reviewer\ReviewerDashboardPage.tsx:159:{pr.status === 'UNDER_REVIEW' && hasPermission('purchase_request.review') && (
E:\purchasing system\src\pages\reviewer\ReviewerDashboardPage.tsx:160:<Link to={`/reviewer/requests/${pr.id}/review`}>
E:\purchasing system\src\pages\reviewer\ReviewerDashboardPage.tsx:178:export default ReviewerDashboardPage;
E:\purchasing system\src\pages\reviewer\ReviewerPurchaseRequestDetailsPage.tsx:7:import { getReviewerPurchaseRequestApi, startReviewApi } from '../../api/reviewer';
E:\purchasing system\src\pages\reviewer\ReviewerPurchaseRequestDetailsPage.tsx:28:REVIEW_STARTED: 'بدء المراجعة',
E:\purchasing system\src\pages\reviewer\ReviewerPurchaseRequestDetailsPage.tsx:29:APPROVED_BY_REVIEWER: 'اعتماد رئيس القسم',
E:\purchasing system\src\pages\reviewer\ReviewerPurchaseRequestDetailsPage.tsx:51:export const ReviewerPurchaseRequestDetailsPage: React.FC = () => {
E:\purchasing system\src\pages\reviewer\ReviewerPurchaseRequestDetailsPage.tsx:58:const [isStartingReview, setIsStartingReview] = useState<boolean>(false);
E:\purchasing system\src\pages\reviewer\ReviewerPurchaseRequestDetailsPage.tsx:66:const data = await getReviewerPurchaseRequestApi(parseInt(id, 10));
E:\purchasing system\src\pages\reviewer\ReviewerPurchaseRequestDetailsPage.tsx:79:const handleStartReview = async () => {
E:\purchasing system\src\pages\reviewer\ReviewerPurchaseRequestDetailsPage.tsx:81:setIsStartingReview(true);
E:\purchasing system\src\pages\reviewer\ReviewerPurchaseRequestDetailsPage.tsx:83:await startReviewApi(requestData.id);
E:\purchasing system\src\pages\reviewer\ReviewerPurchaseRequestDetailsPage.tsx:84:navigate(`/reviewer/requests/${requestData.id}/review`);
E:\purchasing system\src\pages\reviewer\ReviewerPurchaseRequestDetailsPage.tsx:88:setIsStartingReview(false);
E:\purchasing system\src\pages\reviewer\ReviewerPurchaseRequestDetailsPage.tsx:100:<Link to="/reviewer/requests">
E:\purchasing system\src\pages\reviewer\ReviewerPurchaseRequestDetailsPage.tsx:112:const isUnderReview = requestData.status === 'UNDER_REVIEW';
E:\purchasing system\src\pages\reviewer\ReviewerPurchaseRequestDetailsPage.tsx:113:const isPendingProcurementApproval = requestData.status === 'PENDING_PROCUREMENT_APPROVAL' || requestData.status === 'APPROVED_BY_REVIEWER';
E:\purchasing system\src\pages\reviewer\ReviewerPurchaseRequestDetailsPage.tsx:114:const canEditBeforeProcurement = (isUnderReview || isPendingProcurementApproval) && hasPermission('purchase_request.edit_during_review');
E:\purchasing system\src\pages\reviewer\ReviewerPurchaseRequestDetailsPage.tsx:145:{isSubmitted && hasPermission('purchase_request.review') && (
E:\purchasing system\src\pages\reviewer\ReviewerPurchaseRequestDetailsPage.tsx:150:onClick={handleStartReview}
E:\purchasing system\src\pages\reviewer\ReviewerPurchaseRequestDetailsPage.tsx:151:isLoading={isStartingReview}
E:\purchasing system\src\pages\reviewer\ReviewerPurchaseRequestDetailsPage.tsx:158:<Link to={`/reviewer/requests/${requestData.id}/review`}>
E:\purchasing system\src\pages\reviewer\ReviewerPurchaseRequestDetailsPage.tsx:165:<Link to="/reviewer/requests">
E:\purchasing system\src\pages\reviewer\ReviewerPurchaseRequestDetailsPage.tsx:306:export default ReviewerPurchaseRequestDetailsPage;
E:\purchasing system\src\pages\reviewer\ReviewerRequestsPage.tsx:7:import { getReviewableRequestsApi, ReviewerRequestFilters } from '../../api/reviewer';
E:\purchasing system\src\pages\reviewer\ReviewerRequestsPage.tsx:16:const INITIAL_FILTERS: ReviewerRequestFilters = {
E:\purchasing system\src\pages\reviewer\ReviewerRequestsPage.tsx:40:const REVIEWER_EDITABLE_STATUSES = ['UNDER_REVIEW', 'PENDING_PROCUREMENT_APPROVAL', 'APPROVED_BY_REVIEWER'];
E:\purchasing system\src\pages\reviewer\ReviewerRequestsPage.tsx:46:export const ReviewerRequestsPage: React.FC = () => {
E:\purchasing system\src\pages\reviewer\ReviewerRequestsPage.tsx:49:const [activeFilter, setActiveFilter] = usePersistedState<string>('reviewer.active-filter.v1', 'ALL');
E:\purchasing system\src\pages\reviewer\ReviewerRequestsPage.tsx:50:const [searchFilters, setSearchFilters] = usePersistedState<ReviewerRequestFilters>('reviewer.search-filters.v3', INITIAL_FILTERS);
E:\purchasing system\src\pages\reviewer\ReviewerRequestsPage.tsx:54:const fetchRequests = async (filters: ReviewerRequestFilters = searchFilters) => {
E:\purchasing system\src\pages\reviewer\ReviewerRequestsPage.tsx:58:const data = await getReviewableRequestsApi(filters);
E:\purchasing system\src\pages\reviewer\ReviewerRequestsPage.tsx:81:const updateFilter = (key: keyof ReviewerRequestFilters, value: string) => {
E:\purchasing system\src\pages\reviewer\ReviewerRequestsPage.tsx:171:<Button variant={btnFilterVariant('UNDER_REVIEW')} size="sm" onClick={() => setActiveFilter('UNDER_REVIEW')}>قيد المراجعة({countFor('UNDER_REVIEW')})</Button>
E:\purchasing system\src\pages\reviewer\ReviewerRequestsPage.tsx:173:<Button variant={btnFilterVariant('APPROVED_BY_REVIEWER')} size="sm" onClick={() => setActiveFilter('APPROVED_BY_REVIEWER')}>معتمدة من المراجع({countFor('APPROVED_BY_REVIEWER')})</Button>
E:\purchasing system\src\pages\reviewer\ReviewerRequestsPage.tsx:206:<TableCell className="font-mono font-bold text-cyan-400"><Link to={`/reviewer/requests/${request.id}`} className="hover:underline">{request.request_number}</Link></TableCell>
E:\purchasing system\src\pages\reviewer\ReviewerRequestsPage.tsx:215:{request.status === 'SUBMITTED' && hasPermission('purchase_request.review') && (
E:\purchasing system\src\pages\reviewer\ReviewerRequestsPage.tsx:216:<Link to={`/reviewer/requests/${request.id}/review`}><Button variant="warning" size="sm" className="px-2 py-1">بدء المراجعة</Button></Link>
E:\purchasing system\src\pages\reviewer\ReviewerRequestsPage.tsx:218:{REVIEWER_EDITABLE_STATUSES.includes(request.status) && hasPermission('purchase_request.edit_during_review') && (
E:\purchasing system\src\pages\reviewer\ReviewerRequestsPage.tsx:219:<Link to={`/reviewer/requests/${request.id}/review`}><Button variant="secondary" size="sm" className="px-2 py-1">{request.status === 'PENDING_PROCUREMENT_APPROVAL' ? 'تعديل قبل المشتريات' : 'تعديل ومراجعة'}</Button></Link>
E:\purchasing system\src\pages\reviewer\ReviewerRequestsPage.tsx:232:<Link to={`/reviewer/requests/${request.id}`} className="font-mono text-sm font-black text-cyan-300 hover:underline">{request.request_number}</Link>
E:\purchasing system\src\pages\reviewer\ReviewerRequestsPage.tsx:244:<Link to={`/reviewer/requests/${request.id}`}><Button variant="secondary" size="sm">عرض الطلب</Button></Link>
E:\purchasing system\src\pages\reviewer\ReviewerRequestsPage.tsx:245:{request.status === 'SUBMITTED' && hasPermission('purchase_request.review') && <Link to={`/reviewer/requests/${request.id}/review`}><Button variant="warning" size="sm">بدء المراجعة</Button></Link>}
E:\purchasing system\src\pages\reviewer\ReviewerRequestsPage.tsx:246:{REVIEWER_EDITABLE_STATUSES.includes(request.status) && hasPermission('purchase_request.edit_during_review') && <Link to={`/reviewer/requests/${request.id}/review`}><Button variant="secondary" size="sm">{request.status === 'PENDING_PROCUREMENT_APPROVAL' ? 'تعديل قبل المشتريات' : 'تعديل ومراجعة'}</Button></Link>}
E:\purchasing system\src\pages\reviewer\ReviewerRequestsPage.tsx:257:export default ReviewerRequestsPage;
E:\purchasing system\src\pages\reviewer\ReviewPurchaseRequestPage.tsx:6:import AddReviewItemDialog from '../../components/reviewer/AddReviewItemDialog';
E:\purchasing system\src\pages\reviewer\ReviewPurchaseRequestPage.tsx:7:import ApproveRequestDialog from '../../components/reviewer/ApproveRequestDialog';
E:\purchasing system\src\pages\reviewer\ReviewPurchaseRequestPage.tsx:8:import RejectRequestDialog from '../../components/reviewer/RejectRequestDialog';
E:\purchasing system\src\pages\reviewer\ReviewPurchaseRequestPage.tsx:11:addReviewItemApi,
E:\purchasing system\src\pages\reviewer\ReviewPurchaseRequestPage.tsx:13:deleteReviewItemApi,
E:\purchasing system\src\pages\reviewer\ReviewPurchaseRequestPage.tsx:14:getReviewerPurchaseRequestApi,
E:\purchasing system\src\pages\reviewer\ReviewPurchaseRequestPage.tsx:16:ReviewItemPayload,
E:\purchasing system\src\pages\reviewer\ReviewPurchaseRequestPage.tsx:17:startReviewApi,
E:\purchasing system\src\pages\reviewer\ReviewPurchaseRequestPage.tsx:18:updateReviewHeaderApi,
E:\purchasing system\src\pages\reviewer\ReviewPurchaseRequestPage.tsx:19:updateReviewItemApi,
E:\purchasing system\src\pages\reviewer\ReviewPurchaseRequestPage.tsx:20:} from '../../api/reviewer';
E:\purchasing system\src\pages\reviewer\ReviewPurchaseRequestPage.tsx:30:export const ReviewPurchaseRequestPage: React.FC = () => {
E:\purchasing system\src\pages\reviewer\ReviewPurchaseRequestPage.tsx:56:const data = await getReviewerPurchaseRequestApi(parseInt(id, 10));
E:\purchasing system\src\pages\reviewer\ReviewPurchaseRequestPage.tsx:79:const updated = await updateReviewHeaderApi(parseInt(id, 10), {
E:\purchasing system\src\pages\reviewer\ReviewPurchaseRequestPage.tsx:93:const handleStartReview = async () => {
E:\purchasing system\src\pages\reviewer\ReviewPurchaseRequestPage.tsx:98:const updated = await startReviewApi(parseInt(id, 10));
E:\purchasing system\src\pages\reviewer\ReviewPurchaseRequestPage.tsx:111:const handleUpdateItem = async (itemId: number, field: keyof ReviewItemPayload, value: any) => {
E:\purchasing system\src\pages\reviewer\ReviewPurchaseRequestPage.tsx:118:const payload: ReviewItemPayload = {
E:\purchasing system\src\pages\reviewer\ReviewPurchaseRequestPage.tsx:128:const updated = await updateReviewItemApi(parseInt(id, 10), itemId, payload);
E:\purchasing system\src\pages\reviewer\ReviewPurchaseRequestPage.tsx:137:const handleAddItem = async (payload: ReviewItemPayload) => {
E:\purchasing system\src\pages\reviewer\ReviewPurchaseRequestPage.tsx:142:const updated = await addReviewItemApi(parseInt(id, 10), payload);
E:\purchasing system\src\pages\reviewer\ReviewPurchaseRequestPage.tsx:158:const updated = await deleteReviewItemApi(parseInt(id, 10), itemId);
E:\purchasing system\src\pages\reviewer\ReviewPurchaseRequestPage.tsx:174:navigate('/reviewer/requests', {
E:\purchasing system\src\pages\reviewer\ReviewPurchaseRequestPage.tsx:191:navigate('/reviewer/requests', {
E:\purchasing system\src\pages\reviewer\ReviewPurchaseRequestPage.tsx:207:<Link to="/reviewer/requests">
E:\purchasing system\src\pages\reviewer\ReviewPurchaseRequestPage.tsx:219:<Link to="/reviewer/requests"><Button variant="secondary" size="sm">العودة إلى قائمة الطلبات</Button></Link>
E:\purchasing system\src\pages\reviewer\ReviewPurchaseRequestPage.tsx:224:const isUnderReview = requestData.status === 'UNDER_REVIEW';
E:\purchasing system\src\pages\reviewer\ReviewPurchaseRequestPage.tsx:225:const reviewerEditableStatuses = ['UNDER_REVIEW', 'PENDING_PROCUREMENT_APPROVAL', 'APPROVED_BY_REVIEWER'];
E:\purchasing system\src\pages\reviewer\ReviewPurchaseRequestPage.tsx:226:const canEdit = reviewerEditableStatuses.includes(requestData.status) && hasPermission('purchase_request.edit_during_review') && !isMutating;
E:\purchasing system\src\pages\reviewer\ReviewPurchaseRequestPage.tsx:227:const isFinalized = !reviewerEditableStatuses.includes(requestData.status);
E:\purchasing system\src\pages\reviewer\ReviewPurchaseRequestPage.tsx:298:{requestData.status === 'SUBMITTED' && hasPermission('purchase_request.review') && (
E:\purchasing system\src\pages\reviewer\ReviewPurchaseRequestPage.tsx:299:<Button variant="primary" size="md" onClick={handleStartReview} isLoading={isMutating}>
E:\purchasing system\src\pages\reviewer\ReviewPurchaseRequestPage.tsx:304:{isUnderReview && !isFinalized && (
E:\purchasing system\src\pages\reviewer\ReviewPurchaseRequestPage.tsx:325:<Link to="/reviewer/requests">
E:\purchasing system\src\pages\reviewer\ReviewPurchaseRequestPage.tsx:509:<AddReviewItemDialog
E:\purchasing system\src\pages\reviewer\ReviewPurchaseRequestPage.tsx:533:export default ReviewPurchaseRequestPage;
E:\purchasing system\src\pages\HelpCenterPage.tsx:38:reviewer: { title: 'المراجع', text: 'راجع طلبات قسمك فقط، استخدم الفلاتر، وسجل قرار الاعتماد أو الرفض، وعدّل البيانات قبل الاعتماد عند الحاجة.', link: '/reviewer/requests', linkLabel: 'طلبات المراجعة' },
E:\purchasing system\src\pages\LoginPage.tsx:21:reviewer: 'مدير قسم / مراجع',
E:\purchasing system\src\pages\NotificationsPage.tsx:98:if (roleSlugs.includes('reviewer')) return '/reviewer/purchase-quotes';
E:\purchasing system\src\pages\NotificationsPage.tsx:111:if (roleSlugs.includes('reviewer')) return notifiableId ? `/reviewer/requests/${notifiableId}` : '/reviewer/requests';
E:\purchasing system\src\pages\NotificationsPage.tsx:126:const allowedPrefixes = roleSlugs.includes('reviewer')
E:\purchasing system\src\pages\NotificationsPage.tsx:127:? ['/reviewer/']
E:\purchasing system\src\pages\ProtectedPage.tsx:76:<span>• <code className="font-mono text-cyan-400 bg-slate-950 px-1.5 py-0.5 rounded">hasRole('reviewer')</code></span>
E:\purchasing system\src\pages\ProtectedPage.tsx:77:<strong className={hasRole('reviewer') ? 'text-emerald-400' : 'text-slate-500'}>
E:\purchasing system\src\pages\ProtectedPage.tsx:78:{hasRole('reviewer') ? 'TRUE' : 'FALSE'}
E:\purchasing system\src\pages\RoleArchivePage.tsx:15:REVIEW_STARTED: 'بدء المراجعة',
E:\purchasing system\src\pages\RoleArchivePage.tsx:16:APPROVED_BY_REVIEWER: 'اعتماد المراجع',
