[2m6:56:49 PM[22m [31m[1m[vite][22m[39m [31mInternal server error: Failed to resolve import "lucide-react" from "src/components/ui/PageHeader.tsx". Does the file exist?[39m
  Plugin: [35mvite:import-analysis[39m
  File: [36mE:/purchasing system/src/components/ui/PageHeader.tsx[39m:2:40
[33m  17 |  var _s = $RefreshSig$();
  18 |  import { useMemo } from "react";
  19 |  import { ArrowRight, ChevronLeft } from "lucide-react";
     |                                           ^
  20 |  import { useLocation, useNavigate } from "react-router-dom";
  21 |  import { getPrimaryRoleSlug, getRoleLabel } from "../../routes/roleRouting";[39m
      at TransformPluginContext._formatLog (file:///E:/purchasing%20system/node_modules/vite/dist/node/chunks/dep-Dm0c1Wj2.js:42658:41)
      at TransformPluginContext.error (file:///E:/purchasing%20system/node_modules/vite/dist/node/chunks/dep-Dm0c1Wj2.js:42655:16)
      at normalizeUrl (file:///E:/purchasing%20system/node_modules/vite/dist/node/chunks/dep-Dm0c1Wj2.js:40634:23)
      at process.processTicksAndRejections (node:internal/process/task_queues:104:5)
      at async file:///E:/purchasing%20system/node_modules/vite/dist/node/chunks/dep-Dm0c1Wj2.js:40753:37
      at async Promise.all (index 4)
      at async TransformPluginContext.transform (file:///E:/purchasing%20system/node_modules/vite/dist/node/chunks/dep-Dm0c1Wj2.js:40680:7)
      at async EnvironmentPluginContainer.transform (file:///E:/purchasing%20system/node_modules/vite/dist/node/chunks/dep-Dm0c1Wj2.js:42453:18)
      at async loadAndTransform (file:///E:/purchasing%20system/node_modules/vite/dist/node/chunks/dep-Dm0c1Wj2.js:35845:27)
[2m6:56:49 PM[22m [31m[1m[vite][22m[39m [31m[2m(client)[22m[39m Pre-transform error: Failed to resolve import "lucide-react" from "src/components/ui/PageHeader.tsx". Does the file exist?
  Plugin: [35mvite:import-analysis[39m
  File: [36mE:/purchasing system/src/components/ui/PageHeader.tsx[39m:2:40
[33m  17 |  var _s = $RefreshSig$();
  18 |  import { useMemo } from "react";
  19 |  import { ArrowRight, ChevronLeft } from "lucide-react";
     |                                           ^
  20 |  import { useLocation, useNavigate } from "react-router-dom";
  21 |  import { getPrimaryRoleSlug, getRoleLabel } from "../../routes/roleRouting";[39m
[2m6:56:50 PM[22m [31m[1m[vite][22m[39m [31m[2m(client)[22m[39m Pre-transform error: Failed to resolve import "lucide-react" from "src/components/ui/Breadcrumbs.tsx". Does the file exist?
  Plugin: [35mvite:import-analysis[39m
  File: [36mE:/purchasing system/src/components/ui/Breadcrumbs.tsx[39m:2:34
[33m  17 |  var _s = $RefreshSig$();
  18 |  import React from "react";
  19 |  import { ChevronLeft, Home } from "lucide-react";
     |                                     ^
  20 |  import { Link, useLocation } from "react-router-dom";
  21 |  const LABELS = {[39m
[2m6:57:28 PM[22m [31m[1m[vite][22m[39m [31m[2m(client)[22m[39m Pre-transform error: Failed to resolve import "lucide-react" from "src/components/ui/PageHeader.tsx". Does the file exist?
  Plugin: [35mvite:import-analysis[39m
  File: [36mE:/purchasing system/src/components/ui/PageHeader.tsx[39m:2:40
[33m  17 |  var _s = $RefreshSig$();
  18 |  import { useMemo } from "react";
  19 |  import { ArrowRight, ChevronLeft } from "lucide-react";
     |                                           ^
  20 |  import { useLocation, useNavigate } from "react-router-dom";
  21 |  import { getPrimaryRoleSlug, getRoleLabel } from "../../routes/roleRouting";[39m
[2m6:57:28 PM[22m [31m[1m[vite][22m[39m [31m[2m(client)[22m[39m Pre-transform error: Failed to resolve import "lucide-react" from "src/components/ui/Breadcrumbs.tsx". Does the file exist?
  Plugin: [35mvite:import-analysis[39m
  File: [36mE:/purchasing system/src/components/ui/Breadcrumbs.tsx[39m:2:34
[33m  17 |  var _s = $RefreshSig$();
  18 |  import React from "react";
  19 |  import { ChevronLeft, Home } from "lucide-react";
     |                                     ^
  20 |  import { Link, useLocation } from "react-router-dom";
  21 |  const LABELS = {[39m
[2m6:57:28 PM[22m [31m[1m[vite][22m[39m [31mInternal server error: Failed to resolve import "lucide-react" from "src/components/ui/PageHeader.tsx". Does the file exist?[39m
  Plugin: [35mvite:import-analysis[39m
  File: [36mE:/purchasing system/src/components/ui/PageHeader.tsx[39m:2:40
[33m  17 |  var _s = $RefreshSig$();
  18 |  import { useMemo } from "react";
  19 |  import { ArrowRight, ChevronLeft } from "lucide-react";
     |                                           ^
  20 |  import { useLocation, useNavigate } from "react-router-dom";
  21 |  import { getPrimaryRoleSlug, getRoleLabel } from "../../routes/roleRouting";[39m
      at TransformPluginContext._formatLog (file:///E:/purchasing%20system/node_modules/vite/dist/node/chunks/dep-Dm0c1Wj2.js:42658:41)
      at TransformPluginContext.error (file:///E:/purchasing%20system/node_modules/vite/dist/node/chunks/dep-Dm0c1Wj2.js:42655:16)
      at normalizeUrl (file:///E:/purchasing%20system/node_modules/vite/dist/node/chunks/dep-Dm0c1Wj2.js:40634:23)
      at process.processTicksAndRejections (node:internal/process/task_queues:104:5)
      at async file:///E:/purchasing%20system/node_modules/vite/dist/node/chunks/dep-Dm0c1Wj2.js:40753:37
      at async Promise.all (index 4)
      at async TransformPluginContext.transform (file:///E:/purchasing%20system/node_modules/vite/dist/node/chunks/dep-Dm0c1Wj2.js:40680:7)
      at async EnvironmentPluginContainer.transform (file:///E:/purchasing%20system/node_modules/vite/dist/node/chunks/dep-Dm0c1Wj2.js:42453:18)
      at async loadAndTransform (file:///E:/purchasing%20system/node_modules/vite/dist/node/chunks/dep-Dm0c1Wj2.js:35845:27)
      at async viteTransformMiddleware (file:///E:/purchasing%20system/node_modules/vite/dist/node/chunks/dep-Dm0c1Wj2.js:37369:24)
[2m6:57:28 PM[22m [31m[1m[vite][22m[39m [31m[2m(client)[22m[39m Pre-transform error: Failed to resolve import "lucide-react" from "src/components/ui/Breadcrumbs.tsx". Does the file exist?
  Plugin: [35mvite:import-analysis[39m
  File: [36mE:/purchasing system/src/components/ui/Breadcrumbs.tsx[39m:2:34
[33m  17 |  var _s = $RefreshSig$();
  18 |  import React from "react";
  19 |  import { ChevronLeft, Home } from "lucide-react";
     |                                     ^
  20 |  import { Link, useLocation } from "react-router-dom";
  21 |  const LABELS = {[39m
[2m6:57:45 PM[22m [31m[1m[vite][22m[39m [31mInternal server error: Failed to resolve import "lucide-react" from "src/components/ui/PageHeader.tsx". Does the file exist?[39m
  Plugin: [35mvite:import-analysis[39m
  File: [36mE:/purchasing system/src/components/ui/PageHeader.tsx[39m:2:40
[33m  17 |  var _s = $RefreshSig$();
  18 |  import { useMemo } from "react";
  19 |  import { ArrowRight, ChevronLeft } from "lucide-react";
     |                                           ^
  20 |  import { useLocation, useNavigate } from "react-router-dom";
  21 |  import { getPrimaryRoleSlug, getRoleLabel } from "../../routes/roleRouting";[39m
      at TransformPluginContext._formatLog (file:///E:/purchasing%20system/node_modules/vite/dist/node/chunks/dep-Dm0c1Wj2.js:42658:41)
      at TransformPluginContext.error (file:///E:/purchasing%20system/node_modules/vite/dist/node/chunks/dep-Dm0c1Wj2.js:42655:16)
      at normalizeUrl (file:///E:/purchasing%20system/node_modules/vite/dist/node/chunks/dep-Dm0c1Wj2.js:40634:23)
      at process.processTicksAndRejections (node:internal/process/task_queues:104:5)
      at async file:///E:/purchasing%20system/node_modules/vite/dist/node/chunks/dep-Dm0c1Wj2.js:40753:37
      at async Promise.all (index 4)
      at async TransformPluginContext.transform (file:///E:/purchasing%20system/node_modules/vite/dist/node/chunks/dep-Dm0c1Wj2.js:40680:7)
      at async EnvironmentPluginContainer.transform (file:///E:/purchasing%20system/node_modules/vite/dist/node/chunks/dep-Dm0c1Wj2.js:42453:18)
      at async loadAndTransform (file:///E:/purchasing%20system/node_modules/vite/dist/node/chunks/dep-Dm0c1Wj2.js:35845:27)
      at async viteTransformMiddleware (file:///E:/purchasing%20system/node_modules/vite/dist/node/chunks/dep-Dm0c1Wj2.js:37369:24)
[2m6:57:45 PM[22m [31m[1m[vite][22m[39m [31m[2m(client)[22m[39m Pre-transform error: Failed to resolve import "lucide-react" from "src/components/ui/Breadcrumbs.tsx". Does the file exist?
  Plugin: [35mvite:import-analysis[39m
  File: [36mE:/purchasing system/src/components/ui/Breadcrumbs.tsx[39m:2:34
[33m  17 |  var _s = $RefreshSig$();
  18 |  import React from "react";
  19 |  import { ChevronLeft, Home } from "lucide-react";
     |                                     ^
  20 |  import { Link, useLocation } from "react-router-dom";
  21 |  const LABELS = {[39m
[2m6:57:47 PM[22m [31m[1m[vite][22m[39m [31mInternal server error: Failed to resolve import "lucide-react" from "src/components/ui/PageHeader.tsx". Does the file exist?[39m
  Plugin: [35mvite:import-analysis[39m
  File: [36mE:/purchasing system/src/components/ui/PageHeader.tsx[39m:2:40
[33m  17 |  var _s = $RefreshSig$();
  18 |  import { useMemo } from "react";
  19 |  import { ArrowRight, ChevronLeft } from "lucide-react";
     |                                           ^
  20 |  import { useLocation, useNavigate } from "react-router-dom";
  21 |  import { getPrimaryRoleSlug, getRoleLabel } from "../../routes/roleRouting";[39m
      at TransformPluginContext._formatLog (file:///E:/purchasing%20system/node_modules/vite/dist/node/chunks/dep-Dm0c1Wj2.js:42658:41)
      at TransformPluginContext.error (file:///E:/purchasing%20system/node_modules/vite/dist/node/chunks/dep-Dm0c1Wj2.js:42655:16)
      at normalizeUrl (file:///E:/purchasing%20system/node_modules/vite/dist/node/chunks/dep-Dm0c1Wj2.js:40634:23)
      at process.processTicksAndRejections (node:internal/process/task_queues:104:5)
      at async file:///E:/purchasing%20system/node_modules/vite/dist/node/chunks/dep-Dm0c1Wj2.js:40753:37
      at async Promise.all (index 4)
      at async TransformPluginContext.transform (file:///E:/purchasing%20system/node_modules/vite/dist/node/chunks/dep-Dm0c1Wj2.js:40680:7)
      at async EnvironmentPluginContainer.transform (file:///E:/purchasing%20system/node_modules/vite/dist/node/chunks/dep-Dm0c1Wj2.js:42453:18)
      at async loadAndTransform (file:///E:/purchasing%20system/node_modules/vite/dist/node/chunks/dep-Dm0c1Wj2.js:35845:27)
      at async viteTransformMiddleware (file:///E:/purchasing%20system/node_modules/vite/dist/node/chunks/dep-Dm0c1Wj2.js:37369:24)
[2m6:57:47 PM[22m [31m[1m[vite][22m[39m [31m[2m(client)[22m[39m Pre-transform error: Failed to resolve import "lucide-react" from "src/components/ui/Breadcrumbs.tsx". Does the file exist?
  Plugin: [35mvite:import-analysis[39m
  File: [36mE:/purchasing system/src/components/ui/Breadcrumbs.tsx[39m:2:34
[33m  17 |  var _s = $RefreshSig$();
  18 |  import React from "react";
  19 |  import { ChevronLeft, Home } from "lucide-react";
     |                                     ^
  20 |  import { Link, useLocation } from "react-router-dom";
  21 |  const LABELS = {[39m
[31mfailed to load config from E:\purchasing system\vite.config.ts[39m
[2m6:59:21 PM[22m [31m[1m[vite][22m[39m config must export or return an object.
[2m6:59:21 PM[22m [31m[1m[vite][22m[39m server restart failed
