node:internal/fs/watchers:321
    const error = new UVException({
                  ^

Error: EBUSY: resource busy or locked, watch 'E:\purchasing system\uat\profile7\GPUPersistentCache\DawnGraphiteCache\3NKWE443ILY3OIX46HBRH4ISRJW4UKAH\cache.db'
    at FSWatcher.<computed> (node:internal/fs/watchers:321:19)
    at Object.watch (node:fs:2548:36)
    at createFsWatchInstance (file:///E:/purchasing%20system/node_modules/vite/dist/node/chunks/dep-Dm0c1Wj2.js:22195:17)
    at setFsWatchListener (file:///E:/purchasing%20system/node_modules/vite/dist/node/chunks/dep-Dm0c1Wj2.js:22242:15)
    at NodeFsHandler._watchWithNodeFs (file:///E:/purchasing%20system/node_modules/vite/dist/node/chunks/dep-Dm0c1Wj2.js:22397:14)
    at NodeFsHandler._handleFile (file:///E:/purchasing%20system/node_modules/vite/dist/node/chunks/dep-Dm0c1Wj2.js:22461:23)
    at NodeFsHandler._addToNodeFs (file:///E:/purchasing%20system/node_modules/vite/dist/node/chunks/dep-Dm0c1Wj2.js:22703:21)
Emitted 'error' event on FSWatcher instance at:
    at FSWatcher._handleError (file:///E:/purchasing%20system/node_modules/vite/dist/node/chunks/dep-Dm0c1Wj2.js:23896:10)
    at NodeFsHandler._addToNodeFs (file:///E:/purchasing%20system/node_modules/vite/dist/node/chunks/dep-Dm0c1Wj2.js:22711:18) {
  errno: -4082,
  syscall: 'watch',
  code: 'EBUSY',
  path: 'E:\\purchasing system\\uat\\profile7\\GPUPersistentCache\\DawnGraphiteCache\\3NKWE443ILY3OIX46HBRH4ISRJW4UKAH\\cache.db',
  filename: 'E:\\purchasing system\\uat\\profile7\\GPUPersistentCache\\DawnGraphiteCache\\3NKWE443ILY3OIX46HBRH4ISRJW4UKAH\\cache.db'
}

Node.js v24.16.0
