
> al-ashbiliya-procurement-frontend@1.0.0 dev
> vite --host 0.0.0.0 --port 3000


  [32m[1mVITE[22m v6.4.3[39m  [2mready in [0m[1m1038[22m[2m[0m ms[22m

  [32m➜[39m  [1mLocal[22m:   [36mhttp://localhost:[1m3000[22m/[39m
  [32m➜[39m  [1mNetwork[22m: [36mhttp://192.168.1.10:[1m3000[22m/[39m
  [32m➜[39m  [1mNetwork[22m: [36mhttp://172.21.176.1:[1m3000[22m/[39m
[2m[32m  ➜[39m[22m[2m  press [22m[1mh + enter[22m[2m to show help[22m
[2m6:53:23 PM[22m [36m[1m[vite][22m[39m [90m[2m(client)[22m[39m [32mhmr update [39m[2m/src/components/ui/Table.tsx, /src/index.css[22m
[2m6:53:23 PM[22m [36m[1m[vite][22m[39m [90m[2m(client)[22m[39m [32mhmr update [39m[2m/src/index.css, /src/pages/RoleArchivePage.tsx, /src/pages/admin/DepartmentsPage.tsx, /src/pages/admin/PermissionsPage.tsx, /src/pages/general-manager/GeneralManagerPurchaseOrdersPage.tsx, /src/pages/admin/RolesPage.tsx, /src/pages/reviewer/ReviewerPurchaseRequestDetailsPage.tsx, /src/pages/accounting/AccountingPurchaseRequestsPage.tsx, /src/pages/admin/UsersPage.tsx, /src/pages/admin/ItemsPage.tsx, /src/pages/accounting/SupplierAccountsPage.tsx, /src/pages/receipts/PurchaseReceiptPage.tsx, /src/pages/reviewer/ReviewerDashboardPage.tsx, /src/pages/employee/PurchaseRequestDetailsPage.tsx, /src/pages/admin/CategoriesPage.tsx, /src/pages/accounting/AccountingPurchaseOrderDetailsPage.tsx, /src/pages/general-manager/GeneralManagerPurchaseOrderDetailsPage.tsx, /src/pages/accounting/AccountingPurchaseOrdersPage.tsx, /src/pages/reviewer/ReviewerRequestsPage.tsx, /src/pages/purchase-quotes/PurchaseQuotesDecisionPage.tsx, /src/pages/reviewer/ReviewPurchaseRequestPage.tsx, /src/pages/accounting/SupplierPaymentsPage.tsx, /src/pages/admin/SuppliersPage.tsx, /src/components/purchase-requests/PurchaseRequestTable.tsx, /src/pages/procurement/ProcurementManagerPage.tsx[22m
[2m6:54:50 PM[22m [36m[1m[vite][22m[39m [90m[2m(client)[22m[39m [32mhmr update [39m[2m/src/components/ErrorMessage.tsx, /src/index.css[22m
[2m6:54:50 PM[22m [36m[1m[vite][22m[39m [90m[2m(client)[22m[39m [32mhmr update [39m[2m/src/index.css, /src/pages/ProfilePage.tsx, /src/pages/RoleArchivePage.tsx, /src/pages/employee/EmployeeDashboardPage.tsx, /src/pages/employee/EditPurchaseRequestPage.tsx, /src/pages/admin/DepartmentsPage.tsx, /src/pages/admin/PermissionsPage.tsx, /src/pages/employee/PurchaseRequestsPage.tsx, /src/pages/admin/AdminDashboardPage.tsx, /src/pages/admin/RolesPage.tsx, /src/pages/admin/AdminSystemMonitoringPage.tsx, /src/pages/reviewer/ReviewerPurchaseRequestDetailsPage.tsx, /src/pages/LoginPage.tsx, /src/pages/accounting/AccountingPurchaseRequestsPage.tsx, /src/pages/admin/UsersPage.tsx, /src/pages/admin/ItemsPage.tsx, /src/pages/accounting/SupplierAccountsPage.tsx, /src/pages/receipts/PurchaseReceiptPage.tsx, /src/pages/NotificationsPage.tsx, /src/pages/reviewer/ReviewerDashboardPage.tsx, /src/pages/employee/PurchaseRequestDetailsPage.tsx, /src/pages/admin/CategoriesPage.tsx, /src/pages/reviewer/ReviewerRequestsPage.tsx, /src/pages/purchase-quotes/PurchaseQuotesDecisionPage.tsx, /src/pages/reviewer/ReviewPurchaseRequestPage.tsx, /src/pages/accounting/SupplierPaymentsPage.tsx, /src/pages/admin/SuppliersPage.tsx, /src/components/purchase-requests/PurchaseRequestForm.tsx, /src/components/ui/SystemEventTimeline.tsx, /src/pages/procurement/ProcurementManagerPage.tsx[22m
[2m6:56:47 PM[22m [36m[1m[vite][22m[39m [90m[2m(client)[22m[39m [32mhmr update [39m[2m/src/layouts/AuthenticatedLayout.tsx, /src/index.css[22m
[2m6:56:49 PM[22m [36m[1m[vite][22m[39m [90m[2m(client)[22m[39m [32mhmr update [39m[2m/src/index.css, /src/routes/AppRoutes.tsx[22m
[2m6:57:26 PM[22m [36m[1m[vite][22m[39m [90m[2m(client)[22m[39m [32mpage reload [39m[2msrc/hooks/useUnsavedChangesWarning.ts[22m
[2m6:57:45 PM[22m [36m[1m[vite][22m[39m [90m[2m(client)[22m[39m [32mhmr update [39m[2m/src/pages/employee/CreatePurchaseRequestPage.tsx, /src/index.css[22m
[2m6:57:46 PM[22m [36m[1m[vite][22m[39m [90m[2m(client)[22m[39m [32mhmr update [39m[2m/src/index.css, /src/routes/AppRoutes.tsx[22m
[2m6:58:07 PM[22m [36m[1m[vite][22m[39m [90m[2m(client)[22m[39m [32mhmr update [39m[2m/src/index.css, /src/layouts/AuthenticatedLayout.tsx[22m
[2m6:58:07 PM[22m [36m[1m[vite][22m[39m [90m[2m(client)[22m[39m [32mhmr update [39m[2m/src/index.css, /src/layouts/AuthenticatedLayout.tsx[22m
[2m6:58:26 PM[22m [36m[1m[vite][22m[39m [90m[2m(client)[22m[39m [32mpage reload [39m[2msrc/components/ui/Breadcrumbs.tsx[22m
[2m6:58:26 PM[22m [36m[1m[vite][22m[39m [90m[2m(client)[22m[39m [32mpage reload [39m[2msrc/components/ui/Breadcrumbs.tsx[22m
[2m6:59:21 PM[22m [36m[1m[vite][22m[39m [32mvite.config.ts changed, restarting server...[39m
[2m6:59:22 PM[22m [36m[1m[vite][22m[39m [32mvite.config.ts changed, restarting server...[39m
[2m6:59:22 PM[22m [36m[1m[vite][22m[39m server restarted.
[2m7:00:07 PM[22m [36m[1m[vite][22m[39m [90m[2m(client)[22m[39m [32mhmr update [39m[2m/src/routes/AppRoutes.tsx, /src/index.css[22m
[2m7:00:09 PM[22m [36m[1m[vite][22m[39m [90m[2m(client)[22m[39m [32mhmr update [39m[2m/src/index.css, /src/App.tsx[22m
[2m7:02:11 PM[22m [36m[1m[vite][22m[39m [90m[2m(client)[22m[39m [32mhmr update [39m[2m/src/components/purchase-requests/PurchaseRequestTable.tsx, /src/index.css[22m
[2m7:02:12 PM[22m [36m[1m[vite][22m[39m [90m[2m(client)[22m[39m [32mhmr update [39m[2m/src/index.css, /src/pages/employee/PurchaseRequestsPage.tsx, /src/pages/employee/EmployeeDashboardPage.tsx[22m
[2m7:03:03 PM[22m [36m[1m[vite][22m[39m [90m[2m(client)[22m[39m [32mhmr update [39m[2m/src/index.css, /src/routes/AppRoutes.tsx[22m
[2m7:03:06 PM[22m [36m[1m[vite][22m[39m [90m[2m(client)[22m[39m [32mhmr update [39m[2m/src/index.css, /src/routes/AppRoutes.tsx[22m
[2m7:04:36 PM[22m [36m[1m[vite][22m[39m [90m[2m(client)[22m[39m [32mhmr update [39m[2m/src/components/purchase-requests/PurchaseRequestForm.tsx, /src/index.css[22m
[2m7:04:38 PM[22m [36m[1m[vite][22m[39m [90m[2m(client)[22m[39m [32mhmr update [39m[2m/src/index.css, /src/pages/employee/EditPurchaseRequestPage.tsx[22m
[2m7:05:23 PM[22m [36m[1m[vite][22m[39m [90m[2m(client)[22m[39m [32mhmr update [39m[2m/src/components/purchase-requests/PurchaseRequestForm.tsx, /src/index.css[22m
[2m7:05:25 PM[22m [36m[1m[vite][22m[39m [90m[2m(client)[22m[39m [32mhmr update [39m[2m/src/index.css, /src/pages/employee/EditPurchaseRequestPage.tsx[22m
[2m7:05:58 PM[22m [36m[1m[vite][22m[39m [90m[2m(client)[22m[39m [32mhmr update [39m[2m/src/pages/employee/CreatePurchaseRequestPage.tsx, /src/index.css[22m
[2m7:05:59 PM[22m [36m[1m[vite][22m[39m [90m[2m(client)[22m[39m [32mhmr update [39m[2m/src/index.css, /src/routes/AppRoutes.tsx[22m
[2m7:06:54 PM[22m [36m[1m[vite][22m[39m [90m[2m(client)[22m[39m [32mhmr update [39m[2m/src/index.css, /src/routes/AppRoutes.tsx[22m
[2m7:06:54 PM[22m [36m[1m[vite][22m[39m [90m[2m(client)[22m[39m [32mhmr update [39m[2m/src/index.css, /src/routes/AppRoutes.tsx[22m
[2m7:08:15 PM[22m [36m[1m[vite][22m[39m [90m[2m(client)[22m[39m [32mhmr update [39m[2m/src/components/ui/TableFilterBar.tsx, /src/index.css[22m
[2m7:08:16 PM[22m [36m[1m[vite][22m[39m [90m[2m(client)[22m[39m [32mhmr update [39m[2m/src/index.css, /src/pages/employee/PurchaseRequestsPage.tsx, /src/pages/admin/PermissionsPage.tsx, /src/pages/general-manager/GeneralManagerPurchaseOrdersPage.tsx, /src/pages/accounting/AccountingPurchaseOrdersPage.tsx, /src/pages/admin/UsersPage.tsx, /src/pages/admin/CategoriesPage.tsx, /src/pages/admin/RolesPage.tsx, /src/pages/general-manager/GeneralManagerPurchaseRequestsPage.tsx, /src/pages/admin/ItemsPage.tsx, /src/pages/admin/SuppliersPage.tsx, /src/pages/admin/DepartmentsPage.tsx[22m
